MySQL Shell 8.0.12

Copyright (c) 2016, 2018, Oracle and/or its affiliates. All rights reserved.

Oracle is a registered trademark of Oracle Corporation and/or its
affiliates. Other names may be trademarks of their respective
owners.

Type '\help' or '\?' for help; '\quit' to exit.


 MySQL  JS > \sql
Switching to SQL mode... Commands end with ;

 MySQL  SQL > \connect --mysql root@localhost
Creating a Classic session to 'root@localhost'
Please provide the password for 'root@localhost': ****
Save password for 'root@localhost:3306'? [Y]es/[N]o/Ne[v]er (default No): y
Fetching schema names for autocompletion... Press ^C to stop.
Your MySQL connection id is 1
Server version: 5.5.61 MySQL Community Server (GPL)
No default schema selected; type \use <schema> to set one.

 MySQL  localhost:3306  SQL > show databases;
+--------------------+
| Database           |
+--------------------+
| information_schema |
| mysql              |
| northwind          |
| performance_schema |
| sakila             |
| test               |
| world              |
+--------------------+
7 rows in set (0.0008 sec)

 MySQL  localhost:3306  SQL > use northwind
Default schema set to `northwind`.
Fetching table and column names from `northwind` for auto-completion... Press ^C to stop.

 MySQL  localhost:3306  northwind  SQL > show tables;
+-----------------------------+
| Tables_in_northwind         |
+-----------------------------+
| customers                   |
| employee_privileges         |
| employees                   |
| inventory_transaction_types |
| order_details               |
| order_details_status        |
| orders_status               |
| orders_tax_status           |
| privileges                  |
| products                    |
| purchase_order_details      |
| purchase_order_status       |
| sales_reports               |
| shippers                    |
| strings                     |
| suppliers                   |
+-----------------------------+
16 rows in set (0.0006 sec)

 MySQL  localhost:3306  northwind  SQL > select count(*) from orders;
ERROR: 1146 (42S02): Table 'northwind.orders' doesn't exist

 MySQL  localhost:3306  northwind  SQL > show databases;
+--------------------+
| Database           |
+--------------------+
| information_schema |
| evaluacion_2       |
| mysql              |
| northwind          |
| performance_schema |
| sakila             |
| test               |
| world              |
+--------------------+
8 rows in set (0.0009 sec)

 MySQL  localhost:3306  northwind  SQL > use northwind;
Default schema set to `northwind`.
Fetching table and column names from `northwind` for auto-completion... Press ^C to stop.

 MySQL  localhost:3306  northwind  SQL > show tables;
+----------------------+
| Tables_in_northwind  |
+----------------------+
| account              |
| categories           |
| customercustomerdemo |
| customerdemographics |
| customers            |
| empleados            |
| employees            |
| employeeterritories  |
| lista_empleados      |
| lista_empleados_a    |
| mi_rfc               |
| nombre_cliente       |
| orderdetails         |
| orders               |
| pagos_empleados      |
| personas             |
| products             |
| prueba2              |
| region               |
| rfc_gringos          |
| shippers             |
| suppliers            |
| territories          |
| ventas_producto      |
+----------------------+
24 rows in set (0.0006 sec)

 MySQL  localhost:3306  northwind  SQL > select count(*) from orders;
+----------+
| count(*) |
+----------+
|      830 |
+----------+
1 row in set (0.0005 sec)

 MySQL  localhost:3306  northwind  SQL > use evaluacion_2
Default schema set to `evaluacion_2`.
Fetching table and column names from `evaluacion_2` for auto-completion... Press ^C to stop.

 MySQL  localhost:3306  evaluacion_2  SQL > show tables;
+------------------------+
| Tables_in_evaluacion_2 |
+------------------------+
| a                      |
| b                      |
| tablaa                 |
| tablab                 |
+------------------------+
4 rows in set (0.0005 sec)

 MySQL  localhost:3306  evaluacion_2  SQL > select * from productos;
ERROR: 1146 (42S02): Table 'evaluacion_2.productos' doesn't exist

 MySQL  localhost:3306  evaluacion_2  SQL > use northwind;
Default schema set to `northwind`.
Fetching table and column names from `northwind` for auto-completion... Press ^C to stop.

 MySQL  localhost:3306  northwind  SQL > select * from productos;
ERROR: 1146 (42S02): Table 'northwind.productos' doesn't exist

 MySQL  localhost:3306  northwind  SQL > select * from products;
+-----------+----------------------------------+------------+------------+----------------------+-----------+--------------+--------------+--------------+--------------+
| ProductID | ProductName                      | SupplierID | CategoryID | QuantityPerUnit      | UnitPrice | UnitsInStock | UnitsOnOrder | ReorderLevel | Discontinued |
+-----------+----------------------------------+------------+------------+----------------------+-----------+--------------+--------------+--------------+--------------+
|         1 | Chai                             |          1 |          1 | 10 boxes x 20 bags   |   18.0000 |           39 |            0 |           10 |            0 |
|         2 | Chang                            |          1 |          1 | 24 - 12 oz bottles   |   19.0000 |           17 |           40 |           25 |            0 |
|         3 | Aniseed Syrup                    |          1 |          2 | 12 - 550 ml bottles  |   10.0000 |           13 |           70 |           25 |            0 |
|         4 | Chef Anton's Cajun Seasoning     |          2 |          2 | 48 - 6 oz jars       |   22.0000 |           53 |            0 |            0 |            0 |
|         5 | Chef Anton's Gumbo Mix           |          2 |          2 | 36 boxes             |   21.3500 |            0 |            0 |            0 |            1 |
|         6 | Grandma's Boysenberry Spread     |          3 |          2 | 12 - 8 oz jars       |   25.0000 |          120 |            0 |           25 |            0 |
|         7 | Uncle Bob's Organic Dried Pears  |          3 |          7 | 12 - 1 lb pkgs.      |   30.0000 |           15 |            0 |           10 |            0 |
|         8 | Northwoods Cranberry Sauce       |          3 |          2 | 12 - 12 oz jars      |   40.0000 |            6 |            0 |            0 |            0 |
|         9 | Mishi Kobe Niku                  |          4 |          6 | 18 - 500 g pkgs.     |   97.0000 |           29 |            0 |            0 |            1 |
|        10 | Ikura                            |          4 |          8 | 12 - 200 ml jars     |   31.0000 |           31 |            0 |            0 |            0 |
|        11 | Queso Cabrales                   |          5 |          4 | 1 kg pkg.            |   21.0000 |           22 |           30 |           30 |            0 |
|        12 | Queso Manchego La Pastora        |          5 |          4 | 10 - 500 g pkgs.     |   38.0000 |           86 |            0 |            0 |            0 |
|        13 | Konbu                            |          6 |          8 | 2 kg box             |    6.0000 |           24 |            0 |            5 |            0 |
|        14 | Tofu                             |          6 |          7 | 40 - 100 g pkgs.     |   23.2500 |           35 |            0 |            0 |            0 |
|        15 | Genen Shouyu                     |          6 |          2 | 24 - 250 ml bottles  |   15.5000 |           39 |            0 |            5 |            0 |
|        16 | Pavlova                          |          7 |          3 | 32 - 500 g boxes     |   17.4500 |           29 |            0 |           10 |            0 |
|        17 | Alice Mutton                     |          7 |          6 | 20 - 1 kg tins       |   39.0000 |            0 |            0 |            0 |            1 |
|        18 | Carnarvon Tigers                 |          7 |          8 | 16 kg pkg.           |   62.5000 |           42 |            0 |            0 |            0 |
|        19 | Teatime Chocolate Biscuits       |          8 |          3 | 10 boxes x 12 pieces |    9.2000 |           25 |            0 |            5 |            0 |
|        20 | Sir Rodney's Marmalade           |          8 |          3 | 30 gift boxes        |   81.0000 |           40 |            0 |            0 |            0 |
|        21 | Sir Rodney's Scones              |          8 |          3 | 24 pkgs. x 4 pieces  |   10.0000 |            3 |           40 |            5 |            0 |
|        22 | Gustaf's Knckebrd                |          9 |          5 | 24 - 500 g pkgs.     |   21.0000 |          104 |            0 |           25 |            0 |
|        23 | Tunnbrd                          |          9 |          5 | 12 - 250 g pkgs.     |    9.0000 |           61 |            0 |           25 |            0 |
|        24 | Guaran Fantstica                 |         10 |          1 | 12 - 355 ml cans     |    4.5000 |           20 |            0 |            0 |            1 |
|        25 | NuNuCa Nu-Nougat-Creme           |         11 |          3 | 20 - 450 g glasses   |   14.0000 |           76 |            0 |           30 |            0 |
|        26 | Gumbr Gummibrchen                |         11 |          3 | 100 - 250 g bags     |   31.2300 |           15 |            0 |            0 |            0 |
|        27 | Schoggi Schokolade               |         11 |          3 | 100 - 100 g pieces   |   43.9000 |           49 |            0 |           30 |            0 |
|        28 | Rssle Sauerkraut                 |         12 |          7 | 25 - 825 g cans      |   45.6000 |           26 |            0 |            0 |            1 |
|        29 | Thringer Rostbratwurst           |         12 |          6 | 50 bags x 30 sausgs. |  123.7900 |            0 |            0 |            0 |            1 |
|        30 | Nord-Ost Matjeshering            |         13 |          8 | 10 - 200 g glasses   |   25.8900 |           10 |            0 |           15 |            0 |
|        31 | Gorgonzola Telino                |         14 |          4 | 12 - 100 g pkgs      |   12.5000 |            0 |           70 |           20 |            0 |
|        32 | Mascarpone Fabioli               |         14 |          4 | 24 - 200 g pkgs.     |   32.0000 |            9 |           40 |           25 |            0 |
|        33 | Geitost                          |         15 |          4 | 500 g                |    2.5000 |          112 |            0 |           20 |            0 |
|        34 | Sasquatch Ale                    |         16 |          1 | 24 - 12 oz bottles   |   14.0000 |          111 |            0 |           15 |            0 |
|        35 | Steeleye Stout                   |         16 |          1 | 24 - 12 oz bottles   |   18.0000 |           20 |            0 |           15 |            0 |
|        36 | Inlagd Sill                      |         17 |          8 | 24 - 250 g  jars     |   19.0000 |          112 |            0 |           20 |            0 |
|        37 | Gravad lax                       |         17 |          8 | 12 - 500 g pkgs.     |   26.0000 |           11 |           50 |           25 |            0 |
|        38 | Cte de Blaye                     |         18 |          1 | 12 - 75 cl bottles   |  263.5000 |           17 |            0 |           15 |            0 |
|        39 | Chartreuse verte                 |         18 |          1 | 750 cc per bottle    |   18.0000 |           69 |            0 |            5 |            0 |
|        40 | Boston Crab Meat                 |         19 |          8 | 24 - 4 oz tins       |   18.4000 |          123 |            0 |           30 |            0 |
|        41 | Jack's New England Clam Chowder  |         19 |          8 | 12 - 12 oz cans      |    9.6500 |           85 |            0 |           10 |            0 |
|        42 | Singaporean Hokkien Fried Mee    |         20 |          5 | 32 - 1 kg pkgs.      |   14.0000 |           26 |            0 |            0 |            1 |
|        43 | Ipoh Coffee                      |         20 |          1 | 16 - 500 g tins      |   46.0000 |           17 |           10 |           25 |            0 |
|        44 | Gula Malacca                     |         20 |          2 | 20 - 2 kg bags       |   19.4500 |           27 |            0 |           15 |            0 |
|        45 | Rogede sild                      |         21 |          8 | 1k pkg.              |    9.5000 |            5 |           70 |           15 |            0 |
|        46 | Spegesild                        |         21 |          8 | 4 - 450 g glasses    |   12.0000 |           95 |            0 |            0 |            0 |
|        47 | Zaanse koeken                    |         22 |          3 | 10 - 4 oz boxes      |    9.5000 |           36 |            0 |            0 |            0 |
|        48 | Chocolade                        |         22 |          3 | 10 pkgs.             |   12.7500 |           15 |           70 |           25 |            0 |
|        49 | Maxilaku                         |         23 |          3 | 24 - 50 g pkgs.      |   20.0000 |           10 |           60 |           15 |            0 |
|        50 | Valkoinen suklaa                 |         23 |          3 | 12 - 100 g bars      |   16.2500 |           65 |            0 |           30 |            0 |
|        51 | Manjimup Dried Apples            |         24 |          7 | 50 - 300 g pkgs.     |   53.0000 |           20 |            0 |           10 |            0 |
|        52 | Filo Mix                         |         24 |          5 | 16 - 2 kg boxes      |    7.0000 |           38 |            0 |           25 |            0 |
|        53 | Perth Pasties                    |         24 |          6 | 48 pieces            |   32.8000 |            0 |            0 |            0 |            1 |
|        54 | Tourtire                         |         25 |          6 | 16 pies              |    7.4500 |           21 |            0 |           10 |            0 |
|        55 | Pt chinois                       |         25 |          6 | 24 boxes x 2 pies    |   24.0000 |          115 |            0 |           20 |            0 |
|        56 | Gnocchi di nonna Alice           |         26 |          5 | 24 - 250 g pkgs.     |   38.0000 |           21 |           10 |           30 |            0 |
|        57 | Ravioli Angelo                   |         26 |          5 | 24 - 250 g pkgs.     |   19.5000 |           36 |            0 |           20 |            0 |
|        58 | Escargots de Bourgogne           |         27 |          8 | 24 pieces            |   13.2500 |           62 |            0 |           20 |            0 |
|        59 | Raclette Courdavault             |         28 |          4 | 5 kg pkg.            |   55.0000 |           79 |            0 |            0 |            0 |
|        60 | Camembert Pierrot                |         28 |          4 | 15 - 300 g rounds    |   34.0000 |           19 |            0 |            0 |            0 |
|        61 | Sirop d'rable                    |         29 |          2 | 24 - 500 ml bottles  |   28.5000 |          113 |            0 |           25 |            0 |
|        62 | Tarte au sucre                   |         29 |          3 | 48 pies              |   49.3000 |           17 |            0 |            0 |            0 |
|        63 | Vegie-spread                     |          7 |          2 | 15 - 625 g jars      |   43.9000 |           24 |            0 |            5 |            0 |
|        64 | Wimmers gute Semmelkndel         |         12 |          5 | 20 bags x 4 pieces   |   33.2500 |           22 |           80 |           30 |            0 |
|        65 | Louisiana Fiery Hot Pepper Sauce |          2 |          2 | 32 - 8 oz bottles    |   21.0500 |           76 |            0 |            0 |            0 |
|        66 | Louisiana Hot Spiced Okra        |          2 |          2 | 24 - 8 oz jars       |   17.0000 |            4 |          100 |           20 |            0 |
|        67 | Laughing Lumberjack Lager        |         16 |          1 | 24 - 12 oz bottles   |   14.0000 |           52 |            0 |           10 |            0 |
|        68 | Scottish Longbreads              |          8 |          3 | 10 boxes x 8 pieces  |   12.5000 |            6 |           10 |           15 |            0 |
|        69 | Gudbrandsdalsost                 |         15 |          4 | 10 kg pkg.           |   36.0000 |           26 |            0 |           15 |            0 |
|        70 | Outback Lager                    |          7 |          1 | 24 - 355 ml bottles  |   15.0000 |           15 |           10 |           30 |            0 |
|        71 | Flotemysost                      |         15 |          4 | 10 - 500 g pkgs.     |   21.5000 |           26 |            0 |            0 |            0 |
|        72 | Mozzarella di Giovanni           |         14 |          4 | 24 - 200 g pkgs.     |   34.8000 |           14 |            0 |            0 |            0 |
|        73 | Rd Kaviar                        |         17 |          8 | 24 - 150 g jars      |   15.0000 |          101 |            0 |            5 |            0 |
|        74 | Longlife Tofu                    |          4 |          7 | 5 kg pkg.            |   10.0000 |            4 |           20 |            5 |            0 |
|        75 | Rhnbru Klosterbier               |         12 |          1 | 24 - 0.5 l bottles   |    7.7500 |          125 |            0 |           25 |            0 |
|        76 | Lakkalikri                       |         23 |          1 | 500 ml               |   18.0000 |           57 |            0 |           20 |            0 |
|        77 | Original Frankfurter grne Soe    |         12 |          2 | 12 boxes             |   13.0000 |           32 |            0 |           15 |            0 |
+-----------+----------------------------------+------------+------------+----------------------+-----------+--------------+--------------+--------------+--------------+
77 rows in set (0.0004 sec)

 MySQL  localhost:3306  northwind  SQL > select producto name from products;
ERROR: 1054 (42S22): Unknown column 'producto' in 'field list'

 MySQL  localhost:3306  northwind  SQL > select product_name from products;
ERROR: 1054 (42S22): Unknown column 'product_name' in 'field list'

 MySQL  localhost:3306  northwind  SQL > select productname from products;
+----------------------------------+
| productname                      |
+----------------------------------+
| Alice Mutton                     |
| Aniseed Syrup                    |
| Boston Crab Meat                 |
| Camembert Pierrot                |
| Carnarvon Tigers                 |
| Chai                             |
| Chang                            |
| Chartreuse verte                 |
| Chef Anton's Cajun Seasoning     |
| Chef Anton's Gumbo Mix           |
| Chocolade                        |
| Cte de Blaye                     |
| Escargots de Bourgogne           |
| Filo Mix                         |
| Flotemysost                      |
| Geitost                          |
| Genen Shouyu                     |
| Gnocchi di nonna Alice           |
| Gorgonzola Telino                |
| Grandma's Boysenberry Spread     |
| Gravad lax                       |
| Guaran Fantstica                 |
| Gudbrandsdalsost                 |
| Gula Malacca                     |
| Gumbr Gummibrchen                |
| Gustaf's Knckebrd                |
| Ikura                            |
| Inlagd Sill                      |
| Ipoh Coffee                      |
| Jack's New England Clam Chowder  |
| Konbu                            |
| Lakkalikri                       |
| Laughing Lumberjack Lager        |
| Longlife Tofu                    |
| Louisiana Fiery Hot Pepper Sauce |
| Louisiana Hot Spiced Okra        |
| Manjimup Dried Apples            |
| Mascarpone Fabioli               |
| Maxilaku                         |
| Mishi Kobe Niku                  |
| Mozzarella di Giovanni           |
| Nord-Ost Matjeshering            |
| Northwoods Cranberry Sauce       |
| NuNuCa Nu-Nougat-Creme           |
| Original Frankfurter grne Soe    |
| Outback Lager                    |
| Pavlova                          |
| Perth Pasties                    |
| Pt chinois                       |
| Queso Cabrales                   |
| Queso Manchego La Pastora        |
| Raclette Courdavault             |
| Ravioli Angelo                   |
| Rd Kaviar                        |
| Rhnbru Klosterbier               |
| Rogede sild                      |
| Rssle Sauerkraut                 |
| Sasquatch Ale                    |
| Schoggi Schokolade               |
| Scottish Longbreads              |
| Singaporean Hokkien Fried Mee    |
| Sir Rodney's Marmalade           |
| Sir Rodney's Scones              |
| Sirop d'rable                    |
| Spegesild                        |
| Steeleye Stout                   |
| Tarte au sucre                   |
| Teatime Chocolate Biscuits       |
| Thringer Rostbratwurst           |
| Tofu                             |
| Tourtire                         |
| Tunnbrd                          |
| Uncle Bob's Organic Dried Pears  |
| Valkoinen suklaa                 |
| Vegie-spread                     |
| Wimmers gute Semmelkndel         |
| Zaanse koeken                    |
+----------------------------------+
77 rows in set (0.0003 sec)

 MySQL  localhost:3306  northwind  SQL > desc products;
+-----------------+---------------+------+-----+---------+----------------+
| Field           | Type          | Null | Key | Default | Extra          |
+-----------------+---------------+------+-----+---------+----------------+
| ProductID       | int(11)       | NO   | PRI | NULL    | auto_increment |
| ProductName     | varchar(40)   | NO   | MUL | NULL    |                |
| SupplierID      | int(11)       | YES  | MUL | NULL    |                |
| CategoryID      | int(11)       | YES  | MUL | NULL    |                |
| QuantityPerUnit | varchar(20)   | YES  |     | NULL    |                |
| UnitPrice       | decimal(10,4) | YES  |     | 0.0000  |                |
| UnitsInStock    | smallint(2)   | YES  |     | 0       |                |
| UnitsOnOrder    | smallint(2)   | YES  |     | 0       |                |
| ReorderLevel    | smallint(2)   | YES  |     | 0       |                |
| Discontinued    | bit(1)        | NO   |     | b'0'    |                |
+-----------------+---------------+------+-----+---------+----------------+
10 rows in set (0.0048 sec)

 MySQL  localhost:3306  northwind  SQL > select productname,categoryid;
ERROR: 1054 (42S22): Unknown column 'productname' in 'field list'

 MySQL  localhost:3306  northwind  SQL > select productname,categoryid from products
                                     ... ;
+----------------------------------+------------+
| productname                      | categoryid |
+----------------------------------+------------+
| Chai                             |          1 |
| Chang                            |          1 |
| Aniseed Syrup                    |          2 |
| Chef Anton's Cajun Seasoning     |          2 |
| Chef Anton's Gumbo Mix           |          2 |
| Grandma's Boysenberry Spread     |          2 |
| Uncle Bob's Organic Dried Pears  |          7 |
| Northwoods Cranberry Sauce       |          2 |
| Mishi Kobe Niku                  |          6 |
| Ikura                            |          8 |
| Queso Cabrales                   |          4 |
| Queso Manchego La Pastora        |          4 |
| Konbu                            |          8 |
| Tofu                             |          7 |
| Genen Shouyu                     |          2 |
| Pavlova                          |          3 |
| Alice Mutton                     |          6 |
| Carnarvon Tigers                 |          8 |
| Teatime Chocolate Biscuits       |          3 |
| Sir Rodney's Marmalade           |          3 |
| Sir Rodney's Scones              |          3 |
| Gustaf's Knckebrd                |          5 |
| Tunnbrd                          |          5 |
| Guaran Fantstica                 |          1 |
| NuNuCa Nu-Nougat-Creme           |          3 |
| Gumbr Gummibrchen                |          3 |
| Schoggi Schokolade               |          3 |
| Rssle Sauerkraut                 |          7 |
| Thringer Rostbratwurst           |          6 |
| Nord-Ost Matjeshering            |          8 |
| Gorgonzola Telino                |          4 |
| Mascarpone Fabioli               |          4 |
| Geitost                          |          4 |
| Sasquatch Ale                    |          1 |
| Steeleye Stout                   |          1 |
| Inlagd Sill                      |          8 |
| Gravad lax                       |          8 |
| Cte de Blaye                     |          1 |
| Chartreuse verte                 |          1 |
| Boston Crab Meat                 |          8 |
| Jack's New England Clam Chowder  |          8 |
| Singaporean Hokkien Fried Mee    |          5 |
| Ipoh Coffee                      |          1 |
| Gula Malacca                     |          2 |
| Rogede sild                      |          8 |
| Spegesild                        |          8 |
| Zaanse koeken                    |          3 |
| Chocolade                        |          3 |
| Maxilaku                         |          3 |
| Valkoinen suklaa                 |          3 |
| Manjimup Dried Apples            |          7 |
| Filo Mix                         |          5 |
| Perth Pasties                    |          6 |
| Tourtire                         |          6 |
| Pt chinois                       |          6 |
| Gnocchi di nonna Alice           |          5 |
| Ravioli Angelo                   |          5 |
| Escargots de Bourgogne           |          8 |
| Raclette Courdavault             |          4 |
| Camembert Pierrot                |          4 |
| Sirop d'rable                    |          2 |
| Tarte au sucre                   |          3 |
| Vegie-spread                     |          2 |
| Wimmers gute Semmelkndel         |          5 |
| Louisiana Fiery Hot Pepper Sauce |          2 |
| Louisiana Hot Spiced Okra        |          2 |
| Laughing Lumberjack Lager        |          1 |
| Scottish Longbreads              |          3 |
| Gudbrandsdalsost                 |          4 |
| Outback Lager                    |          1 |
| Flotemysost                      |          4 |
| Mozzarella di Giovanni           |          4 |
| Rd Kaviar                        |          8 |
| Longlife Tofu                    |          7 |
| Rhnbru Klosterbier               |          1 |
| Lakkalikri                       |          1 |
| Original Frankfurter grne Soe    |          2 |
+----------------------------------+------------+
77 rows in set (0.0003 sec)

 MySQL  localhost:3306  northwind  SQL > show tables;
+----------------------+
| Tables_in_northwind  |
+----------------------+
| account              |
| categories           |
| customercustomerdemo |
| customerdemographics |
| customers            |
| empleados            |
| employees            |
| employeeterritories  |
| lista_empleados      |
| lista_empleados_a    |
| mi_rfc               |
| nombre_cliente       |
| orderdetails         |
| orders               |
| pagos_empleados      |
| personas             |
| products             |
| prueba2              |
| region               |
| rfc_gringos          |
| shippers             |
| suppliers            |
| territories          |
| ventas_producto      |
+----------------------+
24 rows in set (0.0006 sec)

 MySQL  localhost:3306  northwind  SQL > desc categories;
+--------------+-------------+------+-----+---------+----------------+
| Field        | Type        | Null | Key | Default | Extra          |
+--------------+-------------+------+-----+---------+----------------+
| CategoryID   | int(11)     | NO   | PRI | NULL    | auto_increment |
| CategoryName | varchar(15) | NO   | MUL | NULL    |                |
| Description  | mediumtext  | YES  |     | NULL    |                |
| Picture      | longblob    | YES  |     | NULL    |                |
+--------------+-------------+------+-----+---------+----------------+
4 rows in set (0.0050 sec)

 MySQL  localhost:3306  northwind  SQL > select categoryname from categories;
+----------------+
| categoryname   |
+----------------+
| Beverages      |
| Condiments     |
| Confections    |
| Dairy Products |
| Grains/Cereals |
| Meat/Poultry   |
| Produce        |
| Seafood        |
+----------------+
8 rows in set (0.0003 sec)

 MySQL  localhost:3306  northwind  SQL > select a.productname, b.categoryname from products a
                                     ... inner join categories b
                                     ... on a.categoryid=b.categoryid;
+----------------------------------+----------------+
| productname                      | categoryname   |
+----------------------------------+----------------+
| Chai                             | Beverages      |
| Chang                            | Beverages      |
| Guaran Fantstica                 | Beverages      |
| Sasquatch Ale                    | Beverages      |
| Steeleye Stout                   | Beverages      |
| Cte de Blaye                     | Beverages      |
| Chartreuse verte                 | Beverages      |
| Ipoh Coffee                      | Beverages      |
| Laughing Lumberjack Lager        | Beverages      |
| Outback Lager                    | Beverages      |
| Rhnbru Klosterbier               | Beverages      |
| Lakkalikri                       | Beverages      |
| Aniseed Syrup                    | Condiments     |
| Chef Anton's Cajun Seasoning     | Condiments     |
| Chef Anton's Gumbo Mix           | Condiments     |
| Grandma's Boysenberry Spread     | Condiments     |
| Northwoods Cranberry Sauce       | Condiments     |
| Genen Shouyu                     | Condiments     |
| Gula Malacca                     | Condiments     |
| Sirop d'rable                    | Condiments     |
| Vegie-spread                     | Condiments     |
| Louisiana Fiery Hot Pepper Sauce | Condiments     |
| Louisiana Hot Spiced Okra        | Condiments     |
| Original Frankfurter grne Soe    | Condiments     |
| Pavlova                          | Confections    |
| Teatime Chocolate Biscuits       | Confections    |
| Sir Rodney's Marmalade           | Confections    |
| Sir Rodney's Scones              | Confections    |
| NuNuCa Nu-Nougat-Creme           | Confections    |
| Gumbr Gummibrchen                | Confections    |
| Schoggi Schokolade               | Confections    |
| Zaanse koeken                    | Confections    |
| Chocolade                        | Confections    |
| Maxilaku                         | Confections    |
| Valkoinen suklaa                 | Confections    |
| Tarte au sucre                   | Confections    |
| Scottish Longbreads              | Confections    |
| Queso Cabrales                   | Dairy Products |
| Queso Manchego La Pastora        | Dairy Products |
| Gorgonzola Telino                | Dairy Products |
| Mascarpone Fabioli               | Dairy Products |
| Geitost                          | Dairy Products |
| Raclette Courdavault             | Dairy Products |
| Camembert Pierrot                | Dairy Products |
| Gudbrandsdalsost                 | Dairy Products |
| Flotemysost                      | Dairy Products |
| Mozzarella di Giovanni           | Dairy Products |
| Gustaf's Knckebrd                | Grains/Cereals |
| Tunnbrd                          | Grains/Cereals |
| Singaporean Hokkien Fried Mee    | Grains/Cereals |
| Filo Mix                         | Grains/Cereals |
| Gnocchi di nonna Alice           | Grains/Cereals |
| Ravioli Angelo                   | Grains/Cereals |
| Wimmers gute Semmelkndel         | Grains/Cereals |
| Mishi Kobe Niku                  | Meat/Poultry   |
| Alice Mutton                     | Meat/Poultry   |
| Thringer Rostbratwurst           | Meat/Poultry   |
| Perth Pasties                    | Meat/Poultry   |
| Tourtire                         | Meat/Poultry   |
| Pt chinois                       | Meat/Poultry   |
| Uncle Bob's Organic Dried Pears  | Produce        |
| Tofu                             | Produce        |
| Rssle Sauerkraut                 | Produce        |
| Manjimup Dried Apples            | Produce        |
| Longlife Tofu                    | Produce        |
| Ikura                            | Seafood        |
| Konbu                            | Seafood        |
| Carnarvon Tigers                 | Seafood        |
| Nord-Ost Matjeshering            | Seafood        |
| Inlagd Sill                      | Seafood        |
| Gravad lax                       | Seafood        |
| Boston Crab Meat                 | Seafood        |
| Jack's New England Clam Chowder  | Seafood        |
| Rogede sild                      | Seafood        |
| Spegesild                        | Seafood        |
| Escargots de Bourgogne           | Seafood        |
| Rd Kaviar                        | Seafood        |
+----------------------------------+----------------+
77 rows in set (0.0006 sec)

 MySQL  localhost:3306  northwind  SQL > desc products;
+-----------------+---------------+------+-----+---------+----------------+
| Field           | Type          | Null | Key | Default | Extra          |
+-----------------+---------------+------+-----+---------+----------------+
| ProductID       | int(11)       | NO   | PRI | NULL    | auto_increment |
| ProductName     | varchar(40)   | NO   | MUL | NULL    |                |
| SupplierID      | int(11)       | YES  | MUL | NULL    |                |
| CategoryID      | int(11)       | YES  | MUL | NULL    |                |
| QuantityPerUnit | varchar(20)   | YES  |     | NULL    |                |
| UnitPrice       | decimal(10,4) | YES  |     | 0.0000  |                |
| UnitsInStock    | smallint(2)   | YES  |     | 0       |                |
| UnitsOnOrder    | smallint(2)   | YES  |     | 0       |                |
| ReorderLevel    | smallint(2)   | YES  |     | 0       |                |
| Discontinued    | bit(1)        | NO   |     | b'0'    |                |
+-----------------+---------------+------+-----+---------+----------------+
10 rows in set (0.0244 sec)

 MySQL  localhost:3306  northwind  SQL > show tables;
+----------------------+
| Tables_in_northwind  |
+----------------------+
| account              |
| categories           |
| customercustomerdemo |
| customerdemographics |
| customers            |
| empleados            |
| employees            |
| employeeterritories  |
| lista_empleados      |
| lista_empleados_a    |
| mi_rfc               |
| nombre_cliente       |
| orderdetails         |
| orders               |
| pagos_empleados      |
| personas             |
| products             |
| prueba2              |
| region               |
| rfc_gringos          |
| shippers             |
| suppliers            |
| territories          |
| ventas_producto      |
+----------------------+
24 rows in set (0.0006 sec)

 MySQL  localhost:3306  northwind  SQL > desc suppliers;
+--------------+-------------+------+-----+---------+----------------+
| Field        | Type        | Null | Key | Default | Extra          |
+--------------+-------------+------+-----+---------+----------------+
| SupplierID   | int(11)     | NO   | PRI | NULL    | auto_increment |
| CompanyName  | varchar(40) | NO   | MUL | NULL    |                |
| ContactName  | varchar(30) | YES  |     | NULL    |                |
| ContactTitle | varchar(30) | YES  |     | NULL    |                |
| Address      | varchar(60) | YES  |     | NULL    |                |
| City         | varchar(15) | YES  |     | NULL    |                |
| Region       | varchar(15) | YES  |     | NULL    |                |
| PostalCode   | varchar(10) | YES  | MUL | NULL    |                |
| Country      | varchar(15) | YES  |     | NULL    |                |
| Phone        | varchar(24) | YES  |     | NULL    |                |
| Fax          | varchar(24) | YES  |     | NULL    |                |
| HomePage     | mediumtext  | YES  |     | NULL    |                |
+--------------+-------------+------+-----+---------+----------------+
12 rows in set (0.0251 sec)

 MySQL  localhost:3306  northwind  SQL > select a.productname, b.companyname from products a
                                     ... inner join suppliers b
                                     ... on a.supplierid=b.supplierid;
+----------------------------------+----------------------------------------+
| productname                      | companyname                            |
+----------------------------------+----------------------------------------+
| Cte de Blaye                     | Aux joyeux ecclsiastiques              |
| Chartreuse verte                 | Aux joyeux ecclsiastiques              |
| Sasquatch Ale                    | Bigfoot Breweries                      |
| Steeleye Stout                   | Bigfoot Breweries                      |
| Laughing Lumberjack Lager        | Bigfoot Breweries                      |
| Queso Cabrales                   | Cooperativa de Quesos 'Las Cabras'     |
| Queso Manchego La Pastora        | Cooperativa de Quesos 'Las Cabras'     |
| Escargots de Bourgogne           | Escargots Nouveaux                     |
| Chai                             | Exotic Liquids                         |
| Chang                            | Exotic Liquids                         |
| Aniseed Syrup                    | Exotic Liquids                         |
| Gorgonzola Telino                | Formaggi Fortini s.r.l.                |
| Mascarpone Fabioli               | Formaggi Fortini s.r.l.                |
| Mozzarella di Giovanni           | Formaggi Fortini s.r.l.                |
| Sirop d'rable                    | Forts d'rables                         |
| Tarte au sucre                   | Forts d'rables                         |
| Manjimup Dried Apples            | G'day, Mate                            |
| Filo Mix                         | G'day, Mate                            |
| Perth Pasties                    | G'day, Mate                            |
| Raclette Courdavault             | Gai pturage                            |
| Camembert Pierrot                | Gai pturage                            |
| Grandma's Boysenberry Spread     | Grandma Kelly's Homestead              |
| Uncle Bob's Organic Dried Pears  | Grandma Kelly's Homestead              |
| Northwoods Cranberry Sauce       | Grandma Kelly's Homestead              |
| NuNuCa Nu-Nougat-Creme           | Heli Swaren GmbH & Co. KG              |
| Gumbr Gummibrchen                | Heli Swaren GmbH & Co. KG              |
| Schoggi Schokolade               | Heli Swaren GmbH & Co. KG              |
| Maxilaku                         | Karkki Oy                              |
| Valkoinen suklaa                 | Karkki Oy                              |
| Lakkalikri                       | Karkki Oy                              |
| Singaporean Hokkien Fried Mee    | Leka Trading                           |
| Ipoh Coffee                      | Leka Trading                           |
| Gula Malacca                     | Leka Trading                           |
| Rogede sild                      | Lyngbysild                             |
| Spegesild                        | Lyngbysild                             |
| Tourtire                         | Ma Maison                              |
| Pt chinois                       | Ma Maison                              |
| Konbu                            | Mayumi's                               |
| Tofu                             | Mayumi's                               |
| Genen Shouyu                     | Mayumi's                               |
| Boston Crab Meat                 | New England Seafood Cannery            |
| Jack's New England Clam Chowder  | New England Seafood Cannery            |
| Chef Anton's Cajun Seasoning     | New Orleans Cajun Delights             |
| Chef Anton's Gumbo Mix           | New Orleans Cajun Delights             |
| Louisiana Fiery Hot Pepper Sauce | New Orleans Cajun Delights             |
| Louisiana Hot Spiced Okra        | New Orleans Cajun Delights             |
| Nord-Ost Matjeshering            | Nord-Ost-Fisch Handelsgesellschaft mbH |
| Geitost                          | Norske Meierier                        |
| Gudbrandsdalsost                 | Norske Meierier                        |
| Flotemysost                      | Norske Meierier                        |
| Gnocchi di nonna Alice           | Pasta Buttini s.r.l.                   |
| Ravioli Angelo                   | Pasta Buttini s.r.l.                   |
| Pavlova                          | Pavlova, Ltd.                          |
| Alice Mutton                     | Pavlova, Ltd.                          |
| Carnarvon Tigers                 | Pavlova, Ltd.                          |
| Vegie-spread                     | Pavlova, Ltd.                          |
| Outback Lager                    | Pavlova, Ltd.                          |
| Gustaf's Knckebrd                | PB Knckebrd AB                         |
| Tunnbrd                          | PB Knckebrd AB                         |
| Rssle Sauerkraut                 | Plutzer Lebensmittelgromrkte AG        |
| Thringer Rostbratwurst           | Plutzer Lebensmittelgromrkte AG        |
| Wimmers gute Semmelkndel         | Plutzer Lebensmittelgromrkte AG        |
| Rhnbru Klosterbier               | Plutzer Lebensmittelgromrkte AG        |
| Original Frankfurter grne Soe    | Plutzer Lebensmittelgromrkte AG        |
| Guaran Fantstica                 | Refrescos Americanas LTDA              |
| Teatime Chocolate Biscuits       | Specialty Biscuits, Ltd.               |
| Sir Rodney's Marmalade           | Specialty Biscuits, Ltd.               |
| Sir Rodney's Scones              | Specialty Biscuits, Ltd.               |
| Scottish Longbreads              | Specialty Biscuits, Ltd.               |
| Inlagd Sill                      | Svensk Sjfda AB                        |
| Gravad lax                       | Svensk Sjfda AB                        |
| Rd Kaviar                        | Svensk Sjfda AB                        |
| Mishi Kobe Niku                  | Tokyo Traders                          |
| Ikura                            | Tokyo Traders                          |
| Longlife Tofu                    | Tokyo Traders                          |
| Zaanse koeken                    | Zaanse Snoepfabriek                    |
| Chocolade                        | Zaanse Snoepfabriek                    |
+----------------------------------+----------------------------------------+
77 rows in set (0.0006 sec)

 MySQL  localhost:3306  northwind  SQL > select a.productname,b.categoryname, c.companyname
                                     ... from products a
                                     ... inner join categories b on a.categoryid=b.categoryid
                                     ... inner join suppliers c on a.supplierid=c.supplierid;
+----------------------------------+----------------+----------------------------------------+
| productname                      | categoryname   | companyname                            |
+----------------------------------+----------------+----------------------------------------+
| Chai                             | Beverages      | Exotic Liquids                         |
| Chang                            | Beverages      | Exotic Liquids                         |
| Guaran Fantstica                 | Beverages      | Refrescos Americanas LTDA              |
| Sasquatch Ale                    | Beverages      | Bigfoot Breweries                      |
| Steeleye Stout                   | Beverages      | Bigfoot Breweries                      |
| Cte de Blaye                     | Beverages      | Aux joyeux ecclsiastiques              |
| Chartreuse verte                 | Beverages      | Aux joyeux ecclsiastiques              |
| Ipoh Coffee                      | Beverages      | Leka Trading                           |
| Laughing Lumberjack Lager        | Beverages      | Bigfoot Breweries                      |
| Outback Lager                    | Beverages      | Pavlova, Ltd.                          |
| Rhnbru Klosterbier               | Beverages      | Plutzer Lebensmittelgromrkte AG        |
| Lakkalikri                       | Beverages      | Karkki Oy                              |
| Aniseed Syrup                    | Condiments     | Exotic Liquids                         |
| Chef Anton's Cajun Seasoning     | Condiments     | New Orleans Cajun Delights             |
| Chef Anton's Gumbo Mix           | Condiments     | New Orleans Cajun Delights             |
| Grandma's Boysenberry Spread     | Condiments     | Grandma Kelly's Homestead              |
| Northwoods Cranberry Sauce       | Condiments     | Grandma Kelly's Homestead              |
| Genen Shouyu                     | Condiments     | Mayumi's                               |
| Gula Malacca                     | Condiments     | Leka Trading                           |
| Sirop d'rable                    | Condiments     | Forts d'rables                         |
| Vegie-spread                     | Condiments     | Pavlova, Ltd.                          |
| Louisiana Fiery Hot Pepper Sauce | Condiments     | New Orleans Cajun Delights             |
| Louisiana Hot Spiced Okra        | Condiments     | New Orleans Cajun Delights             |
| Original Frankfurter grne Soe    | Condiments     | Plutzer Lebensmittelgromrkte AG        |
| Pavlova                          | Confections    | Pavlova, Ltd.                          |
| Teatime Chocolate Biscuits       | Confections    | Specialty Biscuits, Ltd.               |
| Sir Rodney's Marmalade           | Confections    | Specialty Biscuits, Ltd.               |
| Sir Rodney's Scones              | Confections    | Specialty Biscuits, Ltd.               |
| NuNuCa Nu-Nougat-Creme           | Confections    | Heli Swaren GmbH & Co. KG              |
| Gumbr Gummibrchen                | Confections    | Heli Swaren GmbH & Co. KG              |
| Schoggi Schokolade               | Confections    | Heli Swaren GmbH & Co. KG              |
| Zaanse koeken                    | Confections    | Zaanse Snoepfabriek                    |
| Chocolade                        | Confections    | Zaanse Snoepfabriek                    |
| Maxilaku                         | Confections    | Karkki Oy                              |
| Valkoinen suklaa                 | Confections    | Karkki Oy                              |
| Tarte au sucre                   | Confections    | Forts d'rables                         |
| Scottish Longbreads              | Confections    | Specialty Biscuits, Ltd.               |
| Queso Cabrales                   | Dairy Products | Cooperativa de Quesos 'Las Cabras'     |
| Queso Manchego La Pastora        | Dairy Products | Cooperativa de Quesos 'Las Cabras'     |
| Gorgonzola Telino                | Dairy Products | Formaggi Fortini s.r.l.                |
| Mascarpone Fabioli               | Dairy Products | Formaggi Fortini s.r.l.                |
| Geitost                          | Dairy Products | Norske Meierier                        |
| Raclette Courdavault             | Dairy Products | Gai pturage                            |
| Camembert Pierrot                | Dairy Products | Gai pturage                            |
| Gudbrandsdalsost                 | Dairy Products | Norske Meierier                        |
| Flotemysost                      | Dairy Products | Norske Meierier                        |
| Mozzarella di Giovanni           | Dairy Products | Formaggi Fortini s.r.l.                |
| Gustaf's Knckebrd                | Grains/Cereals | PB Knckebrd AB                         |
| Tunnbrd                          | Grains/Cereals | PB Knckebrd AB                         |
| Singaporean Hokkien Fried Mee    | Grains/Cereals | Leka Trading                           |
| Filo Mix                         | Grains/Cereals | G'day, Mate                            |
| Gnocchi di nonna Alice           | Grains/Cereals | Pasta Buttini s.r.l.                   |
| Ravioli Angelo                   | Grains/Cereals | Pasta Buttini s.r.l.                   |
| Wimmers gute Semmelkndel         | Grains/Cereals | Plutzer Lebensmittelgromrkte AG        |
| Mishi Kobe Niku                  | Meat/Poultry   | Tokyo Traders                          |
| Alice Mutton                     | Meat/Poultry   | Pavlova, Ltd.                          |
| Thringer Rostbratwurst           | Meat/Poultry   | Plutzer Lebensmittelgromrkte AG        |
| Perth Pasties                    | Meat/Poultry   | G'day, Mate                            |
| Tourtire                         | Meat/Poultry   | Ma Maison                              |
| Pt chinois                       | Meat/Poultry   | Ma Maison                              |
| Uncle Bob's Organic Dried Pears  | Produce        | Grandma Kelly's Homestead              |
| Tofu                             | Produce        | Mayumi's                               |
| Rssle Sauerkraut                 | Produce        | Plutzer Lebensmittelgromrkte AG        |
| Manjimup Dried Apples            | Produce        | G'day, Mate                            |
| Longlife Tofu                    | Produce        | Tokyo Traders                          |
| Ikura                            | Seafood        | Tokyo Traders                          |
| Konbu                            | Seafood        | Mayumi's                               |
| Carnarvon Tigers                 | Seafood        | Pavlova, Ltd.                          |
| Nord-Ost Matjeshering            | Seafood        | Nord-Ost-Fisch Handelsgesellschaft mbH |
| Inlagd Sill                      | Seafood        | Svensk Sjfda AB                        |
| Gravad lax                       | Seafood        | Svensk Sjfda AB                        |
| Boston Crab Meat                 | Seafood        | New England Seafood Cannery            |
| Jack's New England Clam Chowder  | Seafood        | New England Seafood Cannery            |
| Rogede sild                      | Seafood        | Lyngbysild                             |
| Spegesild                        | Seafood        | Lyngbysild                             |
| Escargots de Bourgogne           | Seafood        | Escargots Nouveaux                     |
| Rd Kaviar                        | Seafood        | Svensk Sjfda AB                        |
+----------------------------------+----------------+----------------------------------------+
77 rows in set (0.0007 sec)

 MySQL  localhost:3306  northwind  SQL > show tables;
+----------------------+
| Tables_in_northwind  |
+----------------------+
| account              |
| categories           |
| customercustomerdemo |
| customerdemographics |
| customers            |
| empleados            |
| employees            |
| employeeterritories  |
| lista_empleados      |
| lista_empleados_a    |
| mi_rfc               |
| nombre_cliente       |
| orderdetails         |
| orders               |
| pagos_empleados      |
| personas             |
| products             |
| prueba2              |
| region               |
| rfc_gringos          |
| shippers             |
| suppliers            |
| territories          |
| ventas_producto      |
+----------------------+
24 rows in set (0.0007 sec)

 MySQL  localhost:3306  northwind  SQL > desc orders;
+----------------+---------------+------+-----+---------+----------------+
| Field          | Type          | Null | Key | Default | Extra          |
+----------------+---------------+------+-----+---------+----------------+
| OrderID        | int(11)       | NO   | PRI | NULL    | auto_increment |
| CustomerID     | varchar(5)    | YES  | MUL | NULL    |                |
| EmployeeID     | int(11)       | YES  | MUL | NULL    |                |
| OrderDate      | datetime      | YES  | MUL | NULL    |                |
| RequiredDate   | datetime      | YES  |     | NULL    |                |
| ShippedDate    | datetime      | YES  | MUL | NULL    |                |
| ShipVia        | int(11)       | YES  | MUL | NULL    |                |
| Freight        | decimal(10,4) | YES  |     | 0.0000  |                |
| ShipName       | varchar(40)   | YES  |     | NULL    |                |
| ShipAddress    | varchar(60)   | YES  |     | NULL    |                |
| ShipCity       | varchar(15)   | YES  |     | NULL    |                |
| ShipRegion     | varchar(15)   | YES  |     | NULL    |                |
| ShipPostalCode | varchar(10)   | YES  | MUL | NULL    |                |
| ShipCountry    | varchar(15)   | YES  |     | NULL    |                |
+----------------+---------------+------+-----+---------+----------------+
14 rows in set (0.0056 sec)

 MySQL  localhost:3306  northwind  SQL > select orderid,customerid,employeeid from orders;
+---------+------------+------------+
| orderid | customerid | employeeid |
+---------+------------+------------+
|   10248 | VINET      |          5 |
|   10249 | TOMSP      |          6 |
|   10250 | HANAR      |          4 |
|   10251 | VICTE      |          3 |
|   10252 | SUPRD      |          4 |
|   10253 | HANAR      |          3 |
|   10254 | CHOPS      |          5 |
|   10255 | RICSU      |          9 |
|   10256 | WELLI      |          3 |
|   10257 | HILAA      |          4 |
|   10258 | ERNSH      |          1 |
|   10259 | CENTC      |          4 |
|   10260 | OTTIK      |          4 |
|   10261 | QUEDE      |          4 |
|   10262 | RATTC      |          8 |
|   10263 | ERNSH      |          9 |
|   10264 | FOLKO      |          6 |
|   10265 | BLONP      |          2 |
|   10266 | WARTH      |          3 |
|   10267 | FRANK      |          4 |
|   10268 | GROSR      |          8 |
|   10269 | WHITC      |          5 |
|   10270 | WARTH      |          1 |
|   10271 | SPLIR      |          6 |
|   10272 | RATTC      |          6 |
|   10273 | QUICK      |          3 |
|   10274 | VINET      |          6 |
|   10275 | MAGAA      |          1 |
|   10276 | TORTU      |          8 |
|   10277 | MORGK      |          2 |
|   10278 | BERGS      |          8 |
|   10279 | LEHMS      |          8 |
|   10280 | BERGS      |          2 |
|   10281 | ROMEY      |          4 |
|   10282 | ROMEY      |          4 |
|   10283 | LILAS      |          3 |
|   10284 | LEHMS      |          4 |
|   10285 | QUICK      |          1 |
|   10286 | QUICK      |          8 |
|   10287 | RICAR      |          8 |
|   10288 | REGGC      |          4 |
|   10289 | BSBEV      |          7 |
|   10290 | COMMI      |          8 |
|   10291 | QUEDE      |          6 |
|   10292 | TRADH      |          1 |
|   10293 | TORTU      |          1 |
|   10294 | RATTC      |          4 |
|   10295 | VINET      |          2 |
|   10296 | LILAS      |          6 |
|   10297 | BLONP      |          5 |
|   10298 | HUNGO      |          6 |
|   10299 | RICAR      |          4 |
|   10300 | MAGAA      |          2 |
|   10301 | WANDK      |          8 |
|   10302 | SUPRD      |          4 |
|   10303 | GODOS      |          7 |
|   10304 | TORTU      |          1 |
|   10305 | OLDWO      |          8 |
|   10306 | ROMEY      |          1 |
|   10307 | LONEP      |          2 |
|   10308 | ANATR      |          7 |
|   10309 | HUNGO      |          3 |
|   10310 | THEBI      |          8 |
|   10311 | DUMON      |          1 |
|   10312 | WANDK      |          2 |
|   10313 | QUICK      |          2 |
|   10314 | RATTC      |          1 |
|   10315 | ISLAT      |          4 |
|   10316 | RATTC      |          1 |
|   10317 | LONEP      |          6 |
|   10318 | ISLAT      |          8 |
|   10319 | TORTU      |          7 |
|   10320 | WARTH      |          5 |
|   10321 | ISLAT      |          3 |
|   10322 | PERIC      |          7 |
|   10323 | KOENE      |          4 |
|   10324 | SAVEA      |          9 |
|   10325 | KOENE      |          1 |
|   10326 | BOLID      |          4 |
|   10327 | FOLKO      |          2 |
|   10328 | FURIB      |          4 |
|   10329 | SPLIR      |          4 |
|   10330 | LILAS      |          3 |
|   10331 | BONAP      |          9 |
|   10332 | MEREP      |          3 |
|   10333 | WARTH      |          5 |
|   10334 | VICTE      |          8 |
|   10335 | HUNGO      |          7 |
|   10336 | PRINI      |          7 |
|   10337 | FRANK      |          4 |
|   10338 | OLDWO      |          4 |
|   10339 | MEREP      |          2 |
|   10340 | BONAP      |          1 |
|   10341 | SIMOB      |          7 |
|   10342 | FRANK      |          4 |
|   10343 | LEHMS      |          4 |
|   10344 | WHITC      |          4 |
|   10345 | QUICK      |          2 |
|   10346 | RATTC      |          3 |
|   10347 | FAMIA      |          4 |
|   10348 | WANDK      |          4 |
|   10349 | SPLIR      |          7 |
|   10350 | LAMAI      |          6 |
|   10351 | ERNSH      |          1 |
|   10352 | FURIB      |          3 |
|   10353 | PICCO      |          7 |
|   10354 | PERIC      |          8 |
|   10355 | AROUT      |          6 |
|   10356 | WANDK      |          6 |
|   10357 | LILAS      |          1 |
|   10358 | LAMAI      |          5 |
|   10359 | SEVES      |          5 |
|   10360 | BLONP      |          4 |
|   10361 | QUICK      |          1 |
|   10362 | BONAP      |          3 |
|   10363 | DRACD      |          4 |
|   10364 | EASTC      |          1 |
|   10365 | ANTON      |          3 |
|   10366 | GALED      |          8 |
|   10367 | VAFFE      |          7 |
|   10368 | ERNSH      |          2 |
|   10369 | SPLIR      |          8 |
|   10370 | CHOPS      |          6 |
|   10371 | LAMAI      |          1 |
|   10372 | QUEEN      |          5 |
|   10373 | HUNGO      |          4 |
|   10374 | WOLZA      |          1 |
|   10375 | HUNGC      |          3 |
|   10376 | MEREP      |          1 |
|   10377 | SEVES      |          1 |
|   10378 | FOLKO      |          5 |
|   10379 | QUEDE      |          2 |
|   10380 | HUNGO      |          8 |
|   10381 | LILAS      |          3 |
|   10382 | ERNSH      |          4 |
|   10383 | AROUT      |          8 |
|   10384 | BERGS      |          3 |
|   10385 | SPLIR      |          1 |
|   10386 | FAMIA      |          9 |
|   10387 | SANTG      |          1 |
|   10388 | SEVES      |          2 |
|   10389 | BOTTM      |          4 |
|   10390 | ERNSH      |          6 |
|   10391 | DRACD      |          3 |
|   10392 | PICCO      |          2 |
|   10393 | SAVEA      |          1 |
|   10394 | HUNGC      |          1 |
|   10395 | HILAA      |          6 |
|   10396 | FRANK      |          1 |
|   10397 | PRINI      |          5 |
|   10398 | SAVEA      |          2 |
|   10399 | VAFFE      |          8 |
|   10400 | EASTC      |          1 |
|   10401 | RATTC      |          1 |
|   10402 | ERNSH      |          8 |
|   10403 | ERNSH      |          4 |
|   10404 | MAGAA      |          2 |
|   10405 | LINOD      |          1 |
|   10406 | QUEEN      |          7 |
|   10407 | OTTIK      |          2 |
|   10408 | FOLIG      |          8 |
|   10409 | OCEAN      |          3 |
|   10410 | BOTTM      |          3 |
|   10411 | BOTTM      |          9 |
|   10412 | WARTH      |          8 |
|   10413 | LAMAI      |          3 |
|   10414 | FAMIA      |          2 |
|   10415 | HUNGC      |          3 |
|   10416 | WARTH      |          8 |
|   10417 | SIMOB      |          4 |
|   10418 | QUICK      |          4 |
|   10419 | RICSU      |          4 |
|   10420 | WELLI      |          3 |
|   10421 | QUEDE      |          8 |
|   10422 | FRANS      |          2 |
|   10423 | GOURL      |          6 |
|   10424 | MEREP      |          7 |
|   10425 | LAMAI      |          6 |
|   10426 | GALED      |          4 |
|   10427 | PICCO      |          4 |
|   10428 | REGGC      |          7 |
|   10429 | HUNGO      |          3 |
|   10430 | ERNSH      |          4 |
|   10431 | BOTTM      |          4 |
|   10432 | SPLIR      |          3 |
|   10433 | PRINI      |          3 |
|   10434 | FOLKO      |          3 |
|   10435 | CONSH      |          8 |
|   10436 | BLONP      |          3 |
|   10437 | WARTH      |          8 |
|   10438 | TOMSP      |          3 |
|   10439 | MEREP      |          6 |
|   10440 | SAVEA      |          4 |
|   10441 | OLDWO      |          3 |
|   10442 | ERNSH      |          3 |
|   10443 | REGGC      |          8 |
|   10444 | BERGS      |          3 |
|   10445 | BERGS      |          3 |
|   10446 | TOMSP      |          6 |
|   10447 | RICAR      |          4 |
|   10448 | RANCH      |          4 |
|   10449 | BLONP      |          3 |
|   10450 | VICTE      |          8 |
|   10451 | QUICK      |          4 |
|   10452 | SAVEA      |          8 |
|   10453 | AROUT      |          1 |
|   10454 | LAMAI      |          4 |
|   10455 | WARTH      |          8 |
|   10456 | KOENE      |          8 |
|   10457 | KOENE      |          2 |
|   10458 | SUPRD      |          7 |
|   10459 | VICTE      |          4 |
|   10460 | FOLKO      |          8 |
|   10461 | LILAS      |          1 |
|   10462 | CONSH      |          2 |
|   10463 | SUPRD      |          5 |
|   10464 | FURIB      |          4 |
|   10465 | VAFFE      |          1 |
|   10466 | COMMI      |          4 |
|   10467 | MAGAA      |          8 |
|   10468 | KOENE      |          3 |
|   10469 | WHITC      |          1 |
|   10470 | BONAP      |          4 |
|   10471 | BSBEV      |          2 |
|   10472 | SEVES      |          8 |
|   10473 | ISLAT      |          1 |
|   10474 | PERIC      |          5 |
|   10475 | SUPRD      |          9 |
|   10476 | HILAA      |          8 |
|   10477 | PRINI      |          5 |
|   10478 | VICTE      |          2 |
|   10479 | RATTC      |          3 |
|   10480 | FOLIG      |          6 |
|   10481 | RICAR      |          8 |
|   10482 | LAZYK      |          1 |
|   10483 | WHITC      |          7 |
|   10484 | BSBEV      |          3 |
|   10485 | LINOD      |          4 |
|   10486 | HILAA      |          1 |
|   10487 | QUEEN      |          2 |
|   10488 | FRANK      |          8 |
|   10489 | PICCO      |          6 |
|   10490 | HILAA      |          7 |
|   10491 | FURIB      |          8 |
|   10492 | BOTTM      |          3 |
|   10493 | LAMAI      |          4 |
|   10494 | COMMI      |          4 |
|   10495 | LAUGB      |          3 |
|   10496 | TRADH      |          7 |
|   10497 | LEHMS      |          7 |
|   10498 | HILAA      |          8 |
|   10499 | LILAS      |          4 |
|   10500 | LAMAI      |          6 |
|   10501 | BLAUS      |          9 |
|   10502 | PERIC      |          2 |
|   10503 | HUNGO      |          6 |
|   10504 | WHITC      |          4 |
|   10505 | MEREP      |          3 |
|   10506 | KOENE      |          9 |
|   10507 | ANTON      |          7 |
|   10508 | OTTIK      |          1 |
|   10509 | BLAUS      |          4 |
|   10510 | SAVEA      |          6 |
|   10511 | BONAP      |          4 |
|   10512 | FAMIA      |          7 |
|   10513 | WANDK      |          7 |
|   10514 | ERNSH      |          3 |
|   10515 | QUICK      |          2 |
|   10516 | HUNGO      |          2 |
|   10517 | NORTS      |          3 |
|   10518 | TORTU      |          4 |
|   10519 | CHOPS      |          6 |
|   10520 | SANTG      |          7 |
|   10521 | CACTU      |          8 |
|   10522 | LEHMS      |          4 |
|   10523 | SEVES      |          7 |
|   10524 | BERGS      |          1 |
|   10525 | BONAP      |          1 |
|   10526 | WARTH      |          4 |
|   10527 | QUICK      |          7 |
|   10528 | GREAL      |          6 |
|   10529 | MAISD      |          5 |
|   10530 | PICCO      |          3 |
|   10531 | OCEAN      |          7 |
|   10532 | EASTC      |          7 |
|   10533 | FOLKO      |          8 |
|   10534 | LEHMS      |          8 |
|   10535 | ANTON      |          4 |
|   10536 | LEHMS      |          3 |
|   10537 | RICSU      |          1 |
|   10538 | BSBEV      |          9 |
|   10539 | BSBEV      |          6 |
|   10540 | QUICK      |          3 |
|   10541 | HANAR      |          2 |
|   10542 | KOENE      |          1 |
|   10543 | LILAS      |          8 |
|   10544 | LONEP      |          4 |
|   10545 | LAZYK      |          8 |
|   10546 | VICTE      |          1 |
|   10547 | SEVES      |          3 |
|   10548 | TOMSP      |          3 |
|   10549 | QUICK      |          5 |
|   10550 | GODOS      |          7 |
|   10551 | FURIB      |          4 |
|   10552 | HILAA      |          2 |
|   10553 | WARTH      |          2 |
|   10554 | OTTIK      |          4 |
|   10555 | SAVEA      |          6 |
|   10556 | SIMOB      |          2 |
|   10557 | LEHMS      |          9 |
|   10558 | AROUT      |          1 |
|   10559 | BLONP      |          6 |
|   10560 | FRANK      |          8 |
|   10561 | FOLKO      |          2 |
|   10562 | REGGC      |          1 |
|   10563 | RICAR      |          2 |
|   10564 | RATTC      |          4 |
|   10565 | MEREP      |          8 |
|   10566 | BLONP      |          9 |
|   10567 | HUNGO      |          1 |
|   10568 | GALED      |          3 |
|   10569 | RATTC      |          5 |
|   10570 | MEREP      |          3 |
|   10571 | ERNSH      |          8 |
|   10572 | BERGS      |          3 |
|   10573 | ANTON      |          7 |
|   10574 | TRAIH      |          4 |
|   10575 | MORGK      |          5 |
|   10576 | TORTU      |          3 |
|   10577 | TRAIH      |          9 |
|   10578 | BSBEV      |          4 |
|   10579 | LETSS      |          1 |
|   10580 | OTTIK      |          4 |
|   10581 | FAMIA      |          3 |
|   10582 | BLAUS      |          3 |
|   10583 | WARTH      |          2 |
|   10584 | BLONP      |          4 |
|   10585 | WELLI      |          7 |
|   10586 | REGGC      |          9 |
|   10587 | QUEDE      |          1 |
|   10588 | QUICK      |          2 |
|   10589 | GREAL      |          8 |
|   10590 | MEREP      |          4 |
|   10591 | VAFFE      |          1 |
|   10592 | LEHMS      |          3 |
|   10593 | LEHMS      |          7 |
|   10594 | OLDWO      |          3 |
|   10595 | ERNSH      |          2 |
|   10596 | WHITC      |          8 |
|   10597 | PICCO      |          7 |
|   10598 | RATTC      |          1 |
|   10599 | BSBEV      |          6 |
|   10600 | HUNGC      |          4 |
|   10601 | HILAA      |          7 |
|   10602 | VAFFE      |          8 |
|   10603 | SAVEA      |          8 |
|   10604 | FURIB      |          1 |
|   10605 | MEREP      |          1 |
|   10606 | TRADH      |          4 |
|   10607 | SAVEA      |          5 |
|   10608 | TOMSP      |          4 |
|   10609 | DUMON      |          7 |
|   10610 | LAMAI      |          8 |
|   10611 | WOLZA      |          6 |
|   10612 | SAVEA      |          1 |
|   10613 | HILAA      |          4 |
|   10614 | BLAUS      |          8 |
|   10615 | WILMK      |          2 |
|   10616 | GREAL      |          1 |
|   10617 | GREAL      |          4 |
|   10618 | MEREP      |          1 |
|   10619 | MEREP      |          3 |
|   10620 | LAUGB      |          2 |
|   10621 | ISLAT      |          4 |
|   10622 | RICAR      |          4 |
|   10623 | FRANK      |          8 |
|   10624 | THECR      |          4 |
|   10625 | ANATR      |          3 |
|   10626 | BERGS      |          1 |
|   10627 | SAVEA      |          8 |
|   10628 | BLONP      |          4 |
|   10629 | GODOS      |          4 |
|   10630 | KOENE      |          1 |
|   10631 | LAMAI      |          8 |
|   10632 | WANDK      |          8 |
|   10633 | ERNSH      |          7 |
|   10634 | FOLIG      |          4 |
|   10635 | MAGAA      |          8 |
|   10636 | WARTH      |          4 |
|   10637 | QUEEN      |          6 |
|   10638 | LINOD      |          3 |
|   10639 | SANTG      |          7 |
|   10640 | WANDK      |          4 |
|   10641 | HILAA      |          4 |
|   10642 | SIMOB      |          7 |
|   10643 | ALFKI      |          6 |
|   10644 | WELLI      |          3 |
|   10645 | HANAR      |          4 |
|   10646 | HUNGO      |          9 |
|   10647 | QUEDE      |          4 |
|   10648 | RICAR      |          5 |
|   10649 | MAISD      |          5 |
|   10650 | FAMIA      |          5 |
|   10651 | WANDK      |          8 |
|   10652 | GOURL      |          4 |
|   10653 | FRANK      |          1 |
|   10654 | BERGS      |          5 |
|   10655 | REGGC      |          1 |
|   10656 | GREAL      |          6 |
|   10657 | SAVEA      |          2 |
|   10658 | QUICK      |          4 |
|   10659 | QUEEN      |          7 |
|   10660 | HUNGC      |          8 |
|   10661 | HUNGO      |          7 |
|   10662 | LONEP      |          3 |
|   10663 | BONAP      |          2 |
|   10664 | FURIB      |          1 |
|   10665 | LONEP      |          1 |
|   10666 | RICSU      |          7 |
|   10667 | ERNSH      |          7 |
|   10668 | WANDK      |          1 |
|   10669 | SIMOB      |          2 |
|   10670 | FRANK      |          4 |
|   10671 | FRANR      |          1 |
|   10672 | BERGS      |          9 |
|   10673 | WILMK      |          2 |
|   10674 | ISLAT      |          4 |
|   10675 | FRANK      |          5 |
|   10676 | TORTU      |          2 |
|   10677 | ANTON      |          1 |
|   10678 | SAVEA      |          7 |
|   10679 | BLONP      |          8 |
|   10680 | OLDWO      |          1 |
|   10681 | GREAL      |          3 |
|   10682 | ANTON      |          3 |
|   10683 | DUMON      |          2 |
|   10684 | OTTIK      |          3 |
|   10685 | GOURL      |          4 |
|   10686 | PICCO      |          2 |
|   10687 | HUNGO      |          9 |
|   10688 | VAFFE      |          4 |
|   10689 | BERGS      |          1 |
|   10690 | HANAR      |          1 |
|   10691 | QUICK      |          2 |
|   10692 | ALFKI      |          4 |
|   10693 | WHITC      |          3 |
|   10694 | QUICK      |          8 |
|   10695 | WILMK      |          7 |
|   10696 | WHITC      |          8 |
|   10697 | LINOD      |          3 |
|   10698 | ERNSH      |          4 |
|   10699 | MORGK      |          3 |
|   10700 | SAVEA      |          3 |
|   10701 | HUNGO      |          6 |
|   10702 | ALFKI      |          4 |
|   10703 | FOLKO      |          6 |
|   10704 | QUEEN      |          6 |
|   10705 | HILAA      |          9 |
|   10706 | OLDWO      |          8 |
|   10707 | AROUT      |          4 |
|   10708 | THEBI      |          6 |
|   10709 | GOURL      |          1 |
|   10710 | FRANS      |          1 |
|   10711 | SAVEA      |          5 |
|   10712 | HUNGO      |          3 |
|   10713 | SAVEA      |          1 |
|   10714 | SAVEA      |          5 |
|   10715 | BONAP      |          3 |
|   10716 | RANCH      |          4 |
|   10717 | FRANK      |          1 |
|   10718 | KOENE      |          1 |
|   10719 | LETSS      |          8 |
|   10720 | QUEDE      |          8 |
|   10721 | QUICK      |          5 |
|   10722 | SAVEA      |          8 |
|   10723 | WHITC      |          3 |
|   10724 | MEREP      |          8 |
|   10725 | FAMIA      |          4 |
|   10726 | EASTC      |          4 |
|   10727 | REGGC      |          2 |
|   10728 | QUEEN      |          4 |
|   10729 | LINOD      |          8 |
|   10730 | BONAP      |          5 |
|   10731 | CHOPS      |          7 |
|   10732 | BONAP      |          3 |
|   10733 | BERGS      |          1 |
|   10734 | GOURL      |          2 |
|   10735 | LETSS      |          6 |
|   10736 | HUNGO      |          9 |
|   10737 | VINET      |          2 |
|   10738 | SPECD      |          2 |
|   10739 | VINET      |          3 |
|   10740 | WHITC      |          4 |
|   10741 | AROUT      |          4 |
|   10742 | BOTTM      |          3 |
|   10743 | AROUT      |          1 |
|   10744 | VAFFE      |          6 |
|   10745 | QUICK      |          9 |
|   10746 | CHOPS      |          1 |
|   10747 | PICCO      |          6 |
|   10748 | SAVEA      |          3 |
|   10749 | ISLAT      |          4 |
|   10750 | WARTH      |          9 |
|   10751 | RICSU      |          3 |
|   10752 | NORTS      |          2 |
|   10753 | FRANS      |          3 |
|   10754 | MAGAA      |          6 |
|   10755 | BONAP      |          4 |
|   10756 | SPLIR      |          8 |
|   10757 | SAVEA      |          6 |
|   10758 | RICSU      |          3 |
|   10759 | ANATR      |          3 |
|   10760 | MAISD      |          4 |
|   10761 | RATTC      |          5 |
|   10762 | FOLKO      |          3 |
|   10763 | FOLIG      |          3 |
|   10764 | ERNSH      |          6 |
|   10765 | QUICK      |          3 |
|   10766 | OTTIK      |          4 |
|   10767 | SUPRD      |          4 |
|   10768 | AROUT      |          3 |
|   10769 | VAFFE      |          3 |
|   10770 | HANAR      |          8 |
|   10771 | ERNSH      |          9 |
|   10772 | LEHMS      |          3 |
|   10773 | ERNSH      |          1 |
|   10774 | FOLKO      |          4 |
|   10775 | THECR      |          7 |
|   10776 | ERNSH      |          1 |
|   10777 | GOURL      |          7 |
|   10778 | BERGS      |          3 |
|   10779 | MORGK      |          3 |
|   10780 | LILAS      |          2 |
|   10781 | WARTH      |          2 |
|   10782 | CACTU      |          9 |
|   10783 | HANAR      |          4 |
|   10784 | MAGAA      |          4 |
|   10785 | GROSR      |          1 |
|   10786 | QUEEN      |          8 |
|   10787 | LAMAI      |          2 |
|   10788 | QUICK      |          1 |
|   10789 | FOLIG      |          1 |
|   10790 | GOURL      |          6 |
|   10791 | FRANK      |          6 |
|   10792 | WOLZA      |          1 |
|   10793 | AROUT      |          3 |
|   10794 | QUEDE      |          6 |
|   10795 | ERNSH      |          8 |
|   10796 | HILAA      |          3 |
|   10797 | DRACD      |          7 |
|   10798 | ISLAT      |          2 |
|   10799 | KOENE      |          9 |
|   10800 | SEVES      |          1 |
|   10801 | BOLID      |          4 |
|   10802 | SIMOB      |          4 |
|   10803 | WELLI      |          4 |
|   10804 | SEVES      |          6 |
|   10805 | THEBI      |          2 |
|   10806 | VICTE      |          3 |
|   10807 | FRANS      |          4 |
|   10808 | OLDWO      |          2 |
|   10809 | WELLI      |          7 |
|   10810 | LAUGB      |          2 |
|   10811 | LINOD      |          8 |
|   10812 | REGGC      |          5 |
|   10813 | RICAR      |          1 |
|   10814 | VICTE      |          3 |
|   10815 | SAVEA      |          2 |
|   10816 | GREAL      |          4 |
|   10817 | KOENE      |          3 |
|   10818 | MAGAA      |          7 |
|   10819 | CACTU      |          2 |
|   10820 | RATTC      |          3 |
|   10821 | SPLIR      |          1 |
|   10822 | TRAIH      |          6 |
|   10823 | LILAS      |          5 |
|   10824 | FOLKO      |          8 |
|   10825 | DRACD      |          1 |
|   10826 | BLONP      |          6 |
|   10827 | BONAP      |          1 |
|   10828 | RANCH      |          9 |
|   10829 | ISLAT      |          9 |
|   10830 | TRADH      |          4 |
|   10831 | SANTG      |          3 |
|   10832 | LAMAI      |          2 |
|   10833 | OTTIK      |          6 |
|   10834 | TRADH      |          1 |
|   10835 | ALFKI      |          1 |
|   10836 | ERNSH      |          7 |
|   10837 | BERGS      |          9 |
|   10838 | LINOD      |          3 |
|   10839 | TRADH      |          3 |
|   10840 | LINOD      |          4 |
|   10841 | SUPRD      |          5 |
|   10842 | TORTU      |          1 |
|   10843 | VICTE      |          4 |
|   10844 | PICCO      |          8 |
|   10845 | QUICK      |          8 |
|   10846 | SUPRD      |          2 |
|   10847 | SAVEA      |          4 |
|   10848 | CONSH      |          7 |
|   10849 | KOENE      |          9 |
|   10850 | VICTE      |          1 |
|   10851 | RICAR      |          5 |
|   10852 | RATTC      |          8 |
|   10853 | BLAUS      |          9 |
|   10854 | ERNSH      |          3 |
|   10855 | OLDWO      |          3 |
|   10856 | ANTON      |          3 |
|   10857 | BERGS      |          8 |
|   10858 | LACOR      |          2 |
|   10859 | FRANK      |          1 |
|   10860 | FRANR      |          3 |
|   10861 | WHITC      |          4 |
|   10862 | LEHMS      |          8 |
|   10863 | HILAA      |          4 |
|   10864 | AROUT      |          4 |
|   10865 | QUICK      |          2 |
|   10866 | BERGS      |          5 |
|   10867 | LONEP      |          6 |
|   10868 | QUEEN      |          7 |
|   10869 | SEVES      |          5 |
|   10870 | WOLZA      |          5 |
|   10871 | BONAP      |          9 |
|   10872 | GODOS      |          5 |
|   10873 | WILMK      |          4 |
|   10874 | GODOS      |          5 |
|   10875 | BERGS      |          4 |
|   10876 | BONAP      |          7 |
|   10877 | RICAR      |          1 |
|   10878 | QUICK      |          4 |
|   10879 | WILMK      |          3 |
|   10880 | FOLKO      |          7 |
|   10881 | CACTU      |          4 |
|   10882 | SAVEA      |          4 |
|   10883 | LONEP      |          8 |
|   10884 | LETSS      |          4 |
|   10885 | SUPRD      |          6 |
|   10886 | HANAR      |          1 |
|   10887 | GALED      |          8 |
|   10888 | GODOS      |          1 |
|   10889 | RATTC      |          9 |
|   10890 | DUMON      |          7 |
|   10891 | LEHMS      |          7 |
|   10892 | MAISD      |          4 |
|   10893 | KOENE      |          9 |
|   10894 | SAVEA      |          1 |
|   10895 | ERNSH      |          3 |
|   10896 | MAISD      |          7 |
|   10897 | HUNGO      |          3 |
|   10898 | OCEAN      |          4 |
|   10899 | LILAS      |          5 |
|   10900 | WELLI      |          1 |
|   10901 | HILAA      |          4 |
|   10902 | FOLKO      |          1 |
|   10903 | HANAR      |          3 |
|   10904 | WHITC      |          3 |
|   10905 | WELLI      |          9 |
|   10906 | WOLZA      |          4 |
|   10907 | SPECD      |          6 |
|   10908 | REGGC      |          4 |
|   10909 | SANTG      |          1 |
|   10910 | WILMK      |          1 |
|   10911 | GODOS      |          3 |
|   10912 | HUNGO      |          2 |
|   10913 | QUEEN      |          4 |
|   10914 | QUEEN      |          6 |
|   10915 | TORTU      |          2 |
|   10916 | RANCH      |          1 |
|   10917 | ROMEY      |          4 |
|   10918 | BOTTM      |          3 |
|   10919 | LINOD      |          2 |
|   10920 | AROUT      |          4 |
|   10921 | VAFFE      |          1 |
|   10922 | HANAR      |          5 |
|   10923 | LAMAI      |          7 |
|   10924 | BERGS      |          3 |
|   10925 | HANAR      |          3 |
|   10926 | ANATR      |          4 |
|   10927 | LACOR      |          4 |
|   10928 | GALED      |          1 |
|   10929 | FRANK      |          6 |
|   10930 | SUPRD      |          4 |
|   10931 | RICSU      |          4 |
|   10932 | BONAP      |          8 |
|   10933 | ISLAT      |          6 |
|   10934 | LEHMS      |          3 |
|   10935 | WELLI      |          4 |
|   10936 | GREAL      |          3 |
|   10937 | CACTU      |          7 |
|   10938 | QUICK      |          3 |
|   10939 | MAGAA      |          2 |
|   10940 | BONAP      |          8 |
|   10941 | SAVEA      |          7 |
|   10942 | REGGC      |          9 |
|   10943 | BSBEV      |          4 |
|   10944 | BOTTM      |          6 |
|   10945 | MORGK      |          4 |
|   10946 | VAFFE      |          1 |
|   10947 | BSBEV      |          3 |
|   10948 | GODOS      |          3 |
|   10949 | BOTTM      |          2 |
|   10950 | MAGAA      |          1 |
|   10951 | RICSU      |          9 |
|   10952 | ALFKI      |          1 |
|   10953 | AROUT      |          9 |
|   10954 | LINOD      |          5 |
|   10955 | FOLKO      |          8 |
|   10956 | BLAUS      |          6 |
|   10957 | HILAA      |          8 |
|   10958 | OCEAN      |          7 |
|   10959 | GOURL      |          6 |
|   10960 | HILAA      |          3 |
|   10961 | QUEEN      |          8 |
|   10962 | QUICK      |          8 |
|   10963 | FURIB      |          9 |
|   10964 | SPECD      |          3 |
|   10965 | OLDWO      |          6 |
|   10966 | CHOPS      |          4 |
|   10967 | TOMSP      |          2 |
|   10968 | ERNSH      |          1 |
|   10969 | COMMI      |          1 |
|   10970 | BOLID      |          9 |
|   10971 | FRANR      |          2 |
|   10972 | LACOR      |          4 |
|   10973 | LACOR      |          6 |
|   10974 | SPLIR      |          3 |
|   10975 | BOTTM      |          1 |
|   10976 | HILAA      |          1 |
|   10977 | FOLKO      |          8 |
|   10978 | MAISD      |          9 |
|   10979 | ERNSH      |          8 |
|   10980 | FOLKO      |          4 |
|   10981 | HANAR      |          1 |
|   10982 | BOTTM      |          2 |
|   10983 | SAVEA      |          2 |
|   10984 | SAVEA      |          1 |
|   10985 | HUNGO      |          2 |
|   10986 | OCEAN      |          8 |
|   10987 | EASTC      |          8 |
|   10988 | RATTC      |          3 |
|   10989 | QUEDE      |          2 |
|   10990 | ERNSH      |          2 |
|   10991 | QUICK      |          1 |
|   10992 | THEBI      |          1 |
|   10993 | FOLKO      |          7 |
|   10994 | VAFFE      |          2 |
|   10995 | PERIC      |          1 |
|   10996 | QUICK      |          4 |
|   10997 | LILAS      |          8 |
|   10998 | WOLZA      |          8 |
|   10999 | OTTIK      |          6 |
|   11000 | RATTC      |          2 |
|   11001 | FOLKO      |          2 |
|   11002 | SAVEA      |          4 |
|   11003 | THECR      |          3 |
|   11004 | MAISD      |          3 |
|   11005 | WILMK      |          2 |
|   11006 | GREAL      |          3 |
|   11007 | PRINI      |          8 |
|   11008 | ERNSH      |          7 |
|   11009 | GODOS      |          2 |
|   11010 | REGGC      |          2 |
|   11011 | ALFKI      |          3 |
|   11012 | FRANK      |          1 |
|   11013 | ROMEY      |          2 |
|   11014 | LINOD      |          2 |
|   11015 | SANTG      |          2 |
|   11016 | AROUT      |          9 |
|   11017 | ERNSH      |          9 |
|   11018 | LONEP      |          4 |
|   11019 | RANCH      |          6 |
|   11020 | OTTIK      |          2 |
|   11021 | QUICK      |          3 |
|   11022 | HANAR      |          9 |
|   11023 | BSBEV      |          1 |
|   11024 | EASTC      |          4 |
|   11025 | WARTH      |          6 |
|   11026 | FRANS      |          4 |
|   11027 | BOTTM      |          1 |
|   11028 | KOENE      |          2 |
|   11029 | CHOPS      |          4 |
|   11030 | SAVEA      |          7 |
|   11031 | SAVEA      |          6 |
|   11032 | WHITC      |          2 |
|   11033 | RICSU      |          7 |
|   11034 | OLDWO      |          8 |
|   11035 | SUPRD      |          2 |
|   11036 | DRACD      |          8 |
|   11037 | GODOS      |          7 |
|   11038 | SUPRD      |          1 |
|   11039 | LINOD      |          1 |
|   11040 | GREAL      |          4 |
|   11041 | CHOPS      |          3 |
|   11042 | COMMI      |          2 |
|   11043 | SPECD      |          5 |
|   11044 | WOLZA      |          4 |
|   11045 | BOTTM      |          6 |
|   11046 | WANDK      |          8 |
|   11047 | EASTC      |          7 |
|   11048 | BOTTM      |          7 |
|   11049 | GOURL      |          3 |
|   11050 | FOLKO      |          8 |
|   11051 | LAMAI      |          7 |
|   11052 | HANAR      |          3 |
|   11053 | PICCO      |          2 |
|   11054 | CACTU      |          8 |
|   11055 | HILAA      |          7 |
|   11056 | EASTC      |          8 |
|   11057 | NORTS      |          3 |
|   11058 | BLAUS      |          9 |
|   11059 | RICAR      |          2 |
|   11060 | FRANS      |          2 |
|   11061 | GREAL      |          4 |
|   11062 | REGGC      |          4 |
|   11063 | HUNGO      |          3 |
|   11064 | SAVEA      |          1 |
|   11065 | LILAS      |          8 |
|   11066 | WHITC      |          7 |
|   11067 | DRACD      |          1 |
|   11068 | QUEEN      |          8 |
|   11069 | TORTU      |          1 |
|   11070 | LEHMS      |          2 |
|   11071 | LILAS      |          1 |
|   11072 | ERNSH      |          4 |
|   11073 | PERIC      |          2 |
|   11074 | SIMOB      |          7 |
|   11075 | RICSU      |          8 |
|   11076 | BONAP      |          4 |
|   11077 | RATTC      |          1 |
+---------+------------+------------+
830 rows in set (0.0009 sec)

 MySQL  localhost:3306  northwind  SQL > select orderid,customerid,employeeid from orders limit 20;
+---------+------------+------------+
| orderid | customerid | employeeid |
+---------+------------+------------+
|   10248 | VINET      |          5 |
|   10249 | TOMSP      |          6 |
|   10250 | HANAR      |          4 |
|   10251 | VICTE      |          3 |
|   10252 | SUPRD      |          4 |
|   10253 | HANAR      |          3 |
|   10254 | CHOPS      |          5 |
|   10255 | RICSU      |          9 |
|   10256 | WELLI      |          3 |
|   10257 | HILAA      |          4 |
|   10258 | ERNSH      |          1 |
|   10259 | CENTC      |          4 |
|   10260 | OTTIK      |          4 |
|   10261 | QUEDE      |          4 |
|   10262 | RATTC      |          8 |
|   10263 | ERNSH      |          9 |
|   10264 | FOLKO      |          6 |
|   10265 | BLONP      |          2 |
|   10266 | WARTH      |          3 |
|   10267 | FRANK      |          4 |
+---------+------------+------------+
20 rows in set (0.0003 sec)

 MySQL  localhost:3306  northwind  SQL > desc customer;
ERROR: 1146 (42S02): Table 'northwind.customer' doesn't exist

 MySQL  localhost:3306  northwind  SQL > show tables;
+----------------------+
| Tables_in_northwind  |
+----------------------+
| account              |
| categories           |
| customercustomerdemo |
| customerdemographics |
| customers            |
| empleados            |
| employees            |
| employeeterritories  |
| lista_empleados      |
| lista_empleados_a    |
| mi_rfc               |
| nombre_cliente       |
| orderdetails         |
| orders               |
| pagos_empleados      |
| personas             |
| products             |
| prueba2              |
| region               |
| rfc_gringos          |
| shippers             |
| suppliers            |
| territories          |
| ventas_producto      |
+----------------------+
24 rows in set (0.0006 sec)

 MySQL  localhost:3306  northwind  SQL > desc customers;
+--------------+-------------+------+-----+---------+-------+
| Field        | Type        | Null | Key | Default | Extra |
+--------------+-------------+------+-----+---------+-------+
| CustomerID   | varchar(5)  | NO   | PRI | NULL    |       |
| CompanyName  | varchar(40) | NO   | MUL | NULL    |       |
| ContactName  | varchar(30) | YES  |     | NULL    |       |
| ContactTitle | varchar(30) | YES  |     | NULL    |       |
| Address      | varchar(60) | YES  |     | NULL    |       |
| City         | varchar(15) | YES  | MUL | NULL    |       |
| Region       | varchar(15) | YES  | MUL | NULL    |       |
| PostalCode   | varchar(10) | YES  | MUL | NULL    |       |
| Country      | varchar(15) | YES  |     | NULL    |       |
| Phone        | varchar(24) | YES  |     | NULL    |       |
| Fax          | varchar(24) | YES  |     | NULL    |       |
+--------------+-------------+------+-----+---------+-------+
11 rows in set (0.0051 sec)

 MySQL  localhost:3306  northwind  SQL > desc employees;
+-----------------+--------------+------+-----+---------+----------------+
| Field           | Type         | Null | Key | Default | Extra          |
+-----------------+--------------+------+-----+---------+----------------+
| EmployeeID      | int(11)      | NO   | PRI | NULL    | auto_increment |
| LastName        | varchar(20)  | NO   | MUL | NULL    |                |
| FirstName       | varchar(10)  | NO   |     | NULL    |                |
| Title           | varchar(30)  | YES  |     | NULL    |                |
| TitleOfCourtesy | varchar(25)  | YES  |     | NULL    |                |
| BirthDate       | datetime     | YES  |     | NULL    |                |
| HireDate        | datetime     | YES  |     | NULL    |                |
| Address         | varchar(60)  | YES  |     | NULL    |                |
| City            | varchar(15)  | YES  |     | NULL    |                |
| Region          | varchar(15)  | YES  |     | NULL    |                |
| PostalCode      | varchar(10)  | YES  | MUL | NULL    |                |
| Country         | varchar(15)  | YES  |     | NULL    |                |
| HomePhone       | varchar(24)  | YES  |     | NULL    |                |
| Extension       | varchar(4)   | YES  |     | NULL    |                |
| Notes           | mediumtext   | NO   |     | NULL    |                |
| ReportsTo       | int(11)      | YES  | MUL | NULL    |                |
| PhotoPath       | varchar(255) | YES  |     | NULL    |                |
| Salary          | float        | YES  |     | NULL    |                |
+-----------------+--------------+------+-----+---------+----------------+
18 rows in set (0.0056 sec)

 MySQL  localhost:3306  northwind  SQL > select a.orderid,b.customerid,c.employeeid
                                     ... from orders a
                                     ... inner join customers b on a.orderid=b.orderid
                                     ... inner join employees c on a.orderid=c.orderid;
ERROR: 1054 (42S22): Unknown column 'b.orderid' in 'on clause'

 MySQL  localhost:3306  northwind  SQL > select a.orderid,b.companyname,c.firstname from orders a inner join customers b on a.customerid=b.customerid inner join employees c on a.employeesid=c.employeesid limit 10;
ERROR: 1054 (42S22): Unknown column 'a.employeesid' in 'on clause'

 MySQL  localhost:3306  northwind  SQL > select a.orderid,b.companyname,c.firstname from orders a inner join customers b on a.customerid=b.customerid inner join employees c on a.employeeid=c.employeesid limit 10;
ERROR: 1054 (42S22): Unknown column 'c.employeesid' in 'on clause'

 MySQL  localhost:3306  northwind  SQL > select a.orderid,b.companyname,c.firstname from orders a inner join customers b on a.customerid=b.customerid inner join employees c on a.employeeid=c.employeeid limit 10;
+---------+------------------------------+-----------+
| orderid | companyname                  | firstname |
+---------+------------------------------+-----------+
|   10258 | Ernst Handel                 | Nancy     |
|   10270 | Wartian Herkku               | Nancy     |
|   10275 | Magazzini Alimentari Riuniti | Nancy     |
|   10285 | QUICK-Stop                   | Nancy     |
|   10292 | Tradio Hipermercados         | Nancy     |
|   10293 | Tortuga Restaurante          | Nancy     |
|   10304 | Tortuga Restaurante          | Nancy     |
|   10306 | Romero y tomillo             | Nancy     |
|   10311 | Du monde entier              | Nancy     |
|   10314 | Rattlesnake Canyon Grocery   | Nancy     |
+---------+------------------------------+-----------+
10 rows in set (0.0004 sec)

 MySQL  localhost:3306  northwind  SQL > select a.orderid,b.companyname,c.firstname from orders a inner join customers b on a.customerid=b.customerid inner join employees c on a.employeeid=c.employeeid limit 50;
+---------+--------------------------------+-----------+
| orderid | companyname                    | firstname |
+---------+--------------------------------+-----------+
|   10258 | Ernst Handel                   | Nancy     |
|   10270 | Wartian Herkku                 | Nancy     |
|   10275 | Magazzini Alimentari Riuniti   | Nancy     |
|   10285 | QUICK-Stop                     | Nancy     |
|   10292 | Tradio Hipermercados           | Nancy     |
|   10293 | Tortuga Restaurante            | Nancy     |
|   10304 | Tortuga Restaurante            | Nancy     |
|   10306 | Romero y tomillo               | Nancy     |
|   10311 | Du monde entier                | Nancy     |
|   10314 | Rattlesnake Canyon Grocery     | Nancy     |
|   10316 | Rattlesnake Canyon Grocery     | Nancy     |
|   10325 | Kniglich Essen                 | Nancy     |
|   10340 | Bon app'                       | Nancy     |
|   10351 | Ernst Handel                   | Nancy     |
|   10357 | LILA-Supermercado              | Nancy     |
|   10361 | QUICK-Stop                     | Nancy     |
|   10364 | Eastern Connection             | Nancy     |
|   10371 | La maison d'Asie               | Nancy     |
|   10374 | Wolski  Zajazd                 | Nancy     |
|   10376 | Mre Paillarde                  | Nancy     |
|   10377 | Seven Seas Imports             | Nancy     |
|   10385 | Split Rail Beer & Ale          | Nancy     |
|   10387 | Sant Gourmet                   | Nancy     |
|   10393 | Save-a-lot Markets             | Nancy     |
|   10394 | Hungry Coyote Import Store     | Nancy     |
|   10396 | Frankenversand                 | Nancy     |
|   10400 | Eastern Connection             | Nancy     |
|   10401 | Rattlesnake Canyon Grocery     | Nancy     |
|   10405 | LINO-Delicateses               | Nancy     |
|   10453 | Around the Horn                | Nancy     |
|   10461 | LILA-Supermercado              | Nancy     |
|   10465 | Vaffeljernet                   | Nancy     |
|   10469 | White Clover Markets           | Nancy     |
|   10473 | Island Trading                 | Nancy     |
|   10482 | Lazy K Kountry Store           | Nancy     |
|   10486 | HILARION-Abastos               | Nancy     |
|   10508 | Ottilies Kseladen              | Nancy     |
|   10524 | Berglunds snabbkp              | Nancy     |
|   10525 | Bon app'                       | Nancy     |
|   10537 | Richter Supermarkt             | Nancy     |
|   10542 | Kniglich Essen                 | Nancy     |
|   10546 | Victuailles en stock           | Nancy     |
|   10558 | Around the Horn                | Nancy     |
|   10562 | Reggiani Caseifici             | Nancy     |
|   10567 | Hungry Owl All-Night Grocers   | Nancy     |
|   10579 | Let's Stop N Shop              | Nancy     |
|   10587 | Que Delcia                     | Nancy     |
|   10591 | Vaffeljernet                   | Nancy     |
|   10598 | Rattlesnake Canyon Grocery     | Nancy     |
|   10604 | Furia Bacalhau e Frutos do Mar | Nancy     |
+---------+--------------------------------+-----------+
50 rows in set (0.0006 sec)

 MySQL  localhost:3306  northwind  SQL > desc orderdetails;
+-----------+---------------+------+-----+---------+-------+
| Field     | Type          | Null | Key | Default | Extra |
+-----------+---------------+------+-----+---------+-------+
| OrderID   | int(11)       | NO   | PRI | NULL    |       |
| ProductID | int(11)       | NO   | PRI | NULL    |       |
| UnitPrice | decimal(10,4) | NO   |     | 0.0000  |       |
| Quantity  | smallint(2)   | NO   |     | 1       |       |
| Discount  | double(8,0)   | NO   |     | 0       |       |
+-----------+---------------+------+-----+---------+-------+
5 rows in set (0.0059 sec)

 MySQL  localhost:3306  northwind  SQL > desc products;
+-----------------+---------------+------+-----+---------+----------------+
| Field           | Type          | Null | Key | Default | Extra          |
+-----------------+---------------+------+-----+---------+----------------+
| ProductID       | int(11)       | NO   | PRI | NULL    | auto_increment |
| ProductName     | varchar(40)   | NO   | MUL | NULL    |                |
| SupplierID      | int(11)       | YES  | MUL | NULL    |                |
| CategoryID      | int(11)       | YES  | MUL | NULL    |                |
| QuantityPerUnit | varchar(20)   | YES  |     | NULL    |                |
| UnitPrice       | decimal(10,4) | YES  |     | 0.0000  |                |
| UnitsInStock    | smallint(2)   | YES  |     | 0       |                |
| UnitsOnOrder    | smallint(2)   | YES  |     | 0       |                |
| ReorderLevel    | smallint(2)   | YES  |     | 0       |                |
| Discontinued    | bit(1)        | NO   |     | b'0'    |                |
+-----------------+---------------+------+-----+---------+----------------+
10 rows in set (0.0056 sec)

 MySQL  localhost:3306  northwind  SQL > select (unitprice*quentity) as total from orderdetails limit 10;
ERROR: 1054 (42S22): Unknown column 'quentity' in 'field list'

 MySQL  localhost:3306  northwind  SQL > select (unitprice*quantity) as total from orderdetails limit 10;
+-----------+
| total     |
+-----------+
|  168.0000 |
|   98.0000 |
|  174.0000 |
|  167.4000 |
| 1696.0000 |
|   77.0000 |
| 1484.0000 |
|  252.0000 |
|  100.8000 |
|  234.0000 |
+-----------+
10 rows in set (0.0195 sec)

 MySQL  localhost:3306  northwind  SQL > select orderid,productname,(orderdetails.unitprice*orderdetails.quantity) from orderdetails inner join products on orderdetails.productid=products.productid;
+---------+----------------------------------+------------------------------------------------+
| orderid | productname                      | (orderdetails.unitprice*orderdetails.quantity) |
+---------+----------------------------------+------------------------------------------------+
|   10265 | Alice Mutton                     |                                       936.0000 |
|   10279 | Alice Mutton                     |                                       468.0000 |
|   10294 | Alice Mutton                     |                                       468.0000 |
|   10302 | Alice Mutton                     |                                      1248.0000 |
|   10319 | Alice Mutton                     |                                       249.6000 |
|   10338 | Alice Mutton                     |                                       624.0000 |
|   10339 | Alice Mutton                     |                                      2184.0000 |
|   10346 | Alice Mutton                     |                                      1123.2000 |
|   10415 | Alice Mutton                     |                                        62.4000 |
|   10430 | Alice Mutton                     |                                      1404.0000 |
|   10431 | Alice Mutton                     |                                      1560.0000 |
|   10444 | Alice Mutton                     |                                       312.0000 |
|   10523 | Alice Mutton                     |                                       975.0000 |
|   10530 | Alice Mutton                     |                                      1560.0000 |
|   10550 | Alice Mutton                     |                                       312.0000 |
|   10564 | Alice Mutton                     |                                       624.0000 |
|   10573 | Alice Mutton                     |                                       702.0000 |
|   10607 | Alice Mutton                     |                                      3900.0000 |
|   10686 | Alice Mutton                     |                                      1170.0000 |
|   10696 | Alice Mutton                     |                                       780.0000 |
|   10698 | Alice Mutton                     |                                       312.0000 |
|   10714 | Alice Mutton                     |                                      1053.0000 |
|   10727 | Alice Mutton                     |                                       780.0000 |
|   10773 | Alice Mutton                     |                                      1287.0000 |
|   10795 | Alice Mutton                     |                                      1365.0000 |
|   10801 | Alice Mutton                     |                                      1560.0000 |
|   10852 | Alice Mutton                     |                                       234.0000 |
|   10861 | Alice Mutton                     |                                      1638.0000 |
|   10871 | Alice Mutton                     |                                       624.0000 |
|   10890 | Alice Mutton                     |                                       585.0000 |
|   10911 | Alice Mutton                     |                                       468.0000 |
|   10915 | Alice Mutton                     |                                       390.0000 |
|   10922 | Alice Mutton                     |                                       585.0000 |
|   10949 | Alice Mutton                     |                                       234.0000 |
|   10972 | Alice Mutton                     |                                       234.0000 |
|   11059 | Alice Mutton                     |                                       468.0000 |
|   11064 | Alice Mutton                     |                                      3003.0000 |
|   10289 | Aniseed Syrup                    |                                       240.0000 |
|   10405 | Aniseed Syrup                    |                                       400.0000 |
|   10485 | Aniseed Syrup                    |                                       160.0000 |
|   10540 | Aniseed Syrup                    |                                       600.0000 |
|   10591 | Aniseed Syrup                    |                                       140.0000 |
|   10702 | Aniseed Syrup                    |                                        60.0000 |
|   10742 | Aniseed Syrup                    |                                       200.0000 |
|   10764 | Aniseed Syrup                    |                                       200.0000 |
|   10849 | Aniseed Syrup                    |                                       490.0000 |
|   10857 | Aniseed Syrup                    |                                       300.0000 |
|   11017 | Aniseed Syrup                    |                                       250.0000 |
|   11077 | Aniseed Syrup                    |                                        40.0000 |
|   10267 | Boston Crab Meat                 |                                       735.0000 |
|   10273 | Boston Crab Meat                 |                                       882.0000 |
|   10285 | Boston Crab Meat                 |                                       588.0000 |
|   10301 | Boston Crab Meat                 |                                       147.0000 |
|   10303 | Boston Crab Meat                 |                                       588.0000 |
|   10347 | Boston Crab Meat                 |                                        58.8000 |
|   10406 | Boston Crab Meat                 |                                        29.4000 |
|   10431 | Boston Crab Meat                 |                                       735.0000 |
|   10448 | Boston Crab Meat                 |                                       294.0000 |
|   10465 | Boston Crab Meat                 |                                       294.0000 |
|   10474 | Boston Crab Meat                 |                                       308.7000 |
|   10482 | Boston Crab Meat                 |                                       147.0000 |
|   10484 | Boston Crab Meat                 |                                       147.0000 |
|   10498 | Boston Crab Meat                 |                                        92.0000 |
|   10522 | Boston Crab Meat                 |                                       460.0000 |
|   10525 | Boston Crab Meat                 |                                       276.0000 |
|   10534 | Boston Crab Meat                 |                                       184.0000 |
|   10535 | Boston Crab Meat                 |                                       184.0000 |
|   10572 | Boston Crab Meat                 |                                       920.0000 |
|   10574 | Boston Crab Meat                 |                                        36.8000 |
|   10607 | Boston Crab Meat                 |                                       772.8000 |
|   10641 | Boston Crab Meat                 |                                      1104.0000 |
|   10658 | Boston Crab Meat                 |                                      1288.0000 |
|   10659 | Boston Crab Meat                 |                                       441.6000 |
|   10663 | Boston Crab Meat                 |                                       552.0000 |
|   10684 | Boston Crab Meat                 |                                       368.0000 |
|   10728 | Boston Crab Meat                 |                                       110.4000 |
|   10744 | Boston Crab Meat                 |                                       920.0000 |
|   10748 | Boston Crab Meat                 |                                       736.0000 |
|   10754 | Boston Crab Meat                 |                                        55.2000 |
|   10807 | Boston Crab Meat                 |                                        18.4000 |
|   10811 | Boston Crab Meat                 |                                       552.0000 |
|   10817 | Boston Crab Meat                 |                                      1104.0000 |
|   10837 | Boston Crab Meat                 |                                       460.0000 |
|   10879 | Boston Crab Meat                 |                                       220.8000 |
|   10895 | Boston Crab Meat                 |                                      1674.4000 |
|   10919 | Boston Crab Meat                 |                                       368.0000 |
|   10978 | Boston Crab Meat                 |                                       184.0000 |
|   11003 | Boston Crab Meat                 |                                       184.0000 |
|   11038 | Boston Crab Meat                 |                                        92.0000 |
|   11063 | Boston Crab Meat                 |                                       736.0000 |
|   10252 | Camembert Pierrot                |                                      1088.0000 |
|   10283 | Camembert Pierrot                |                                       952.0000 |
|   10284 | Camembert Pierrot                |                                       544.0000 |
|   10294 | Camembert Pierrot                |                                       571.2000 |
|   10357 | Camembert Pierrot                |                                       217.6000 |
|   10359 | Camembert Pierrot                |                                      2176.0000 |
|   10361 | Camembert Pierrot                |                                      1496.0000 |
|   10372 | Camembert Pierrot                |                                      1904.0000 |
|   10380 | Camembert Pierrot                |                                       163.2000 |
|   10384 | Camembert Pierrot                |                                       408.0000 |
|   10385 | Camembert Pierrot                |                                       544.0000 |
|   10419 | Camembert Pierrot                |                                      1632.0000 |
|   10464 | Camembert Pierrot                |                                       544.0000 |
|   10481 | Camembert Pierrot                |                                      1088.0000 |
|   10512 | Camembert Pierrot                |                                       408.0000 |
|   10515 | Camembert Pierrot                |                                      2856.0000 |
|   10519 | Camembert Pierrot                |                                       340.0000 |
|   10536 | Camembert Pierrot                |                                      1190.0000 |
|   10583 | Camembert Pierrot                |                                       816.0000 |
|   10605 | Camembert Pierrot                |                                      2380.0000 |
|   10611 | Camembert Pierrot                |                                       510.0000 |
|   10612 | Camembert Pierrot                |                                      1360.0000 |
|   10625 | Camembert Pierrot                |                                       340.0000 |
|   10626 | Camembert Pierrot                |                                       680.0000 |
|   10653 | Camembert Pierrot                |                                       680.0000 |
|   10657 | Camembert Pierrot                |                                      1020.0000 |
|   10658 | Camembert Pierrot                |                                      1870.0000 |
|   10684 | Camembert Pierrot                |                                      1020.0000 |
|   10709 | Camembert Pierrot                |                                       340.0000 |
|   10728 | Camembert Pierrot                |                                       510.0000 |
|   10742 | Camembert Pierrot                |                                      1700.0000 |
|   10768 | Camembert Pierrot                |                                       510.0000 |
|   10829 | Camembert Pierrot                |                                       714.0000 |
|   10830 | Camembert Pierrot                |                                      1020.0000 |
|   10836 | Camembert Pierrot                |                                      2040.0000 |
|   10847 | Camembert Pierrot                |                                      1530.0000 |
|   10895 | Camembert Pierrot                |                                      3400.0000 |
|   10917 | Camembert Pierrot                |                                       340.0000 |
|   10918 | Camembert Pierrot                |                                       850.0000 |
|   10938 | Camembert Pierrot                |                                      1666.0000 |
|   10954 | Camembert Pierrot                |                                       816.0000 |
|   10963 | Camembert Pierrot                |                                        68.0000 |
|   10995 | Camembert Pierrot                |                                       136.0000 |
|   11009 | Camembert Pierrot                |                                       306.0000 |
|   11012 | Camembert Pierrot                |                                      1224.0000 |
|   11056 | Camembert Pierrot                |                                      1700.0000 |
|   11058 | Camembert Pierrot                |                                       714.0000 |
|   11059 | Camembert Pierrot                |                                      1190.0000 |
|   11060 | Camembert Pierrot                |                                       136.0000 |
|   11061 | Camembert Pierrot                |                                       510.0000 |
|   11077 | Camembert Pierrot                |                                        68.0000 |
|   10293 | Carnarvon Tigers                 |                                       600.0000 |
|   10305 | Carnarvon Tigers                 |                                      1250.0000 |
|   10332 | Carnarvon Tigers                 |                                      2000.0000 |
|   10340 | Carnarvon Tigers                 |                                      1000.0000 |
|   10382 | Carnarvon Tigers                 |                                       450.0000 |
|   10470 | Carnarvon Tigers                 |                                      1500.0000 |
|   10516 | Carnarvon Tigers                 |                                      1562.5000 |
|   10566 | Carnarvon Tigers                 |                                      1125.0000 |
|   10588 | Carnarvon Tigers                 |                                      2500.0000 |
|   10634 | Carnarvon Tigers                 |                                      3125.0000 |
|   10639 | Carnarvon Tigers                 |                                       500.0000 |
|   10644 | Carnarvon Tigers                 |                                       250.0000 |
|   10645 | Carnarvon Tigers                 |                                      1250.0000 |
|   10719 | Carnarvon Tigers                 |                                       750.0000 |
|   10745 | Carnarvon Tigers                 |                                      1500.0000 |
|   10756 | Carnarvon Tigers                 |                                      1312.5000 |
|   10789 | Carnarvon Tigers                 |                                      1875.0000 |
|   10838 | Carnarvon Tigers                 |                                      1562.5000 |
|   10853 | Carnarvon Tigers                 |                                       625.0000 |
|   10861 | Carnarvon Tigers                 |                                      1250.0000 |
|   10877 | Carnarvon Tigers                 |                                      1562.5000 |
|   10935 | Carnarvon Tigers                 |                                       250.0000 |
|   10964 | Carnarvon Tigers                 |                                       375.0000 |
|   10985 | Carnarvon Tigers                 |                                       500.0000 |
|   11018 | Carnarvon Tigers                 |                                       625.0000 |
|   11026 | Carnarvon Tigers                 |                                       500.0000 |
|   11053 | Carnarvon Tigers                 |                                      2187.5000 |
|   10285 | Chai                             |                                       648.0000 |
|   10294 | Chai                             |                                       259.2000 |
|   10317 | Chai                             |                                       288.0000 |
|   10348 | Chai                             |                                       216.0000 |
|   10354 | Chai                             |                                       172.8000 |
|   10370 | Chai                             |                                       216.0000 |
|   10406 | Chai                             |                                       144.0000 |
|   10413 | Chai                             |                                       345.6000 |
|   10477 | Chai                             |                                       216.0000 |
|   10522 | Chai                             |                                       720.0000 |
|   10526 | Chai                             |                                       144.0000 |
|   10576 | Chai                             |                                       180.0000 |
|   10590 | Chai                             |                                       360.0000 |
|   10609 | Chai                             |                                        54.0000 |
|   10611 | Chai                             |                                       108.0000 |
|   10628 | Chai                             |                                       450.0000 |
|   10646 | Chai                             |                                       270.0000 |
|   10689 | Chai                             |                                       630.0000 |
|   10691 | Chai                             |                                       540.0000 |
|   10700 | Chai                             |                                        90.0000 |
|   10729 | Chai                             |                                       900.0000 |
|   10752 | Chai                             |                                       144.0000 |
|   10838 | Chai                             |                                        72.0000 |
|   10847 | Chai                             |                                      1440.0000 |
|   10863 | Chai                             |                                       360.0000 |
|   10869 | Chai                             |                                       720.0000 |
|   10905 | Chai                             |                                       360.0000 |
|   10911 | Chai                             |                                       180.0000 |
|   10918 | Chai                             |                                      1080.0000 |
|   10935 | Chai                             |                                       378.0000 |
|   11003 | Chai                             |                                        72.0000 |
|   11005 | Chai                             |                                        36.0000 |
|   11006 | Chai                             |                                       144.0000 |
|   11025 | Chai                             |                                       180.0000 |
|   11031 | Chai                             |                                       810.0000 |
|   11035 | Chai                             |                                       180.0000 |
|   11047 | Chai                             |                                       450.0000 |
|   11070 | Chai                             |                                       720.0000 |
|   10255 | Chang                            |                                       304.0000 |
|   10258 | Chang                            |                                       760.0000 |
|   10264 | Chang                            |                                       532.0000 |
|   10298 | Chang                            |                                       608.0000 |
|   10327 | Chang                            |                                       380.0000 |
|   10335 | Chang                            |                                       106.4000 |
|   10342 | Chang                            |                                       364.8000 |
|   10393 | Chang                            |                                       380.0000 |
|   10418 | Chang                            |                                       912.0000 |
|   10435 | Chang                            |                                       152.0000 |
|   10440 | Chang                            |                                       684.0000 |
|   10469 | Chang                            |                                       608.0000 |
|   10485 | Chang                            |                                       304.0000 |
|   10504 | Chang                            |                                       228.0000 |
|   10611 | Chang                            |                                       190.0000 |
|   10622 | Chang                            |                                       380.0000 |
|   10632 | Chang                            |                                       570.0000 |
|   10641 | Chang                            |                                       950.0000 |
|   10703 | Chang                            |                                        95.0000 |
|   10714 | Chang                            |                                       570.0000 |
|   10722 | Chang                            |                                        57.0000 |
|   10741 | Chang                            |                                       285.0000 |
|   10766 | Chang                            |                                       760.0000 |
|   10787 | Chang                            |                                       285.0000 |
|   10792 | Chang                            |                                       190.0000 |
|   10806 | Chang                            |                                       380.0000 |
|   10813 | Chang                            |                                       228.0000 |
|   10829 | Chang                            |                                       190.0000 |
|   10851 | Chang                            |                                        95.0000 |
|   10852 | Chang                            |                                       285.0000 |
|   10856 | Chang                            |                                       380.0000 |
|   10866 | Chang                            |                                       399.0000 |
|   10885 | Chang                            |                                       380.0000 |
|   10888 | Chang                            |                                       380.0000 |
|   10939 | Chang                            |                                       190.0000 |
|   10991 | Chang                            |                                       950.0000 |
|   11021 | Chang                            |                                       209.0000 |
|   11030 | Chang                            |                                      1900.0000 |
|   11041 | Chang                            |                                       570.0000 |
|   11049 | Chang                            |                                       190.0000 |
|   11070 | Chang                            |                                       380.0000 |
|   11072 | Chang                            |                                       152.0000 |
|   11075 | Chang                            |                                       190.0000 |
|   11077 | Chang                            |                                       456.0000 |
|   10253 | Chartreuse verte                 |                                       604.8000 |
|   10257 | Chartreuse verte                 |                                        86.4000 |
|   10297 | Chartreuse verte                 |                                       864.0000 |
|   10305 | Chartreuse verte                 |                                       432.0000 |
|   10323 | Chartreuse verte                 |                                        57.6000 |
|   10347 | Chartreuse verte                 |                                       720.0000 |
|   10361 | Chartreuse verte                 |                                       777.6000 |
|   10377 | Chartreuse verte                 |                                       288.0000 |
|   10445 | Chartreuse verte                 |                                        86.4000 |
|   10455 | Chartreuse verte                 |                                       288.0000 |
|   10477 | Chartreuse verte                 |                                       288.0000 |
|   10508 | Chartreuse verte                 |                                       180.0000 |
|   10577 | Chartreuse verte                 |                                       180.0000 |
|   10614 | Chartreuse verte                 |                                        90.0000 |
|   10643 | Chartreuse verte                 |                                       378.0000 |
|   10647 | Chartreuse verte                 |                                       360.0000 |
|   10654 | Chartreuse verte                 |                                       360.0000 |
|   10661 | Chartreuse verte                 |                                        54.0000 |
|   10762 | Chartreuse verte                 |                                       288.0000 |
|   10764 | Chartreuse verte                 |                                      2340.0000 |
|   10784 | Chartreuse verte                 |                                        36.0000 |
|   10827 | Chartreuse verte                 |                                       378.0000 |
|   10830 | Chartreuse verte                 |                                       504.0000 |
|   10840 | Chartreuse verte                 |                                       180.0000 |
|   10865 | Chartreuse verte                 |                                      1440.0000 |
|   10895 | Chartreuse verte                 |                                       810.0000 |
|   10899 | Chartreuse verte                 |                                       144.0000 |
|   10977 | Chartreuse verte                 |                                       540.0000 |
|   11069 | Chartreuse verte                 |                                       360.0000 |
|   11077 | Chartreuse verte                 |                                        36.0000 |
|   10309 | Chef Anton's Cajun Seasoning     |                                       352.0000 |
|   10326 | Chef Anton's Cajun Seasoning     |                                       422.4000 |
|   10336 | Chef Anton's Cajun Seasoning     |                                       316.8000 |
|   10339 | Chef Anton's Cajun Seasoning     |                                       176.0000 |
|   10344 | Chef Anton's Cajun Seasoning     |                                       616.0000 |
|   10464 | Chef Anton's Cajun Seasoning     |                                       281.6000 |
|   10511 | Chef Anton's Cajun Seasoning     |                                      1100.0000 |
|   10527 | Chef Anton's Cajun Seasoning     |                                      1100.0000 |
|   10533 | Chef Anton's Cajun Seasoning     |                                      1100.0000 |
|   10606 | Chef Anton's Cajun Seasoning     |                                       440.0000 |
|   10635 | Chef Anton's Cajun Seasoning     |                                       220.0000 |
|   10636 | Chef Anton's Cajun Seasoning     |                                       550.0000 |
|   10654 | Chef Anton's Cajun Seasoning     |                                       264.0000 |
|   10704 | Chef Anton's Cajun Seasoning     |                                       132.0000 |
|   10726 | Chef Anton's Cajun Seasoning     |                                       550.0000 |
|   10846 | Chef Anton's Cajun Seasoning     |                                       462.0000 |
|   10913 | Chef Anton's Cajun Seasoning     |                                       660.0000 |
|   10950 | Chef Anton's Cajun Seasoning     |                                       110.0000 |
|   11000 | Chef Anton's Cajun Seasoning     |                                       550.0000 |
|   11077 | Chef Anton's Cajun Seasoning     |                                        22.0000 |
|   10258 | Chef Anton's Gumbo Mix           |                                      1105.0000 |
|   10262 | Chef Anton's Gumbo Mix           |                                       204.0000 |
|   10290 | Chef Anton's Gumbo Mix           |                                       340.0000 |
|   10382 | Chef Anton's Gumbo Mix           |                                       544.0000 |
|   10635 | Chef Anton's Gumbo Mix           |                                       320.2500 |
|   10708 | Chef Anton's Gumbo Mix           |                                        85.4000 |
|   10848 | Chef Anton's Gumbo Mix           |                                       640.5000 |
|   10958 | Chef Anton's Gumbo Mix           |                                       427.0000 |
|   11030 | Chef Anton's Gumbo Mix           |                                      1494.5000 |
|   11047 | Chef Anton's Gumbo Mix           |                                       640.5000 |
|   10403 | Chocolade                        |                                       714.0000 |
|   10453 | Chocolade                        |                                       153.0000 |
|   10507 | Chocolade                        |                                       191.2500 |
|   10604 | Chocolade                        |                                        76.5000 |
|   10704 | Chocolade                        |                                       306.0000 |
|   10814 | Chocolade                        |                                       102.0000 |
|   10329 | Cte de Blaye                     |                                      4216.0000 |
|   10351 | Cte de Blaye                     |                                      4216.0000 |
|   10353 | Cte de Blaye                     |                                     10540.0000 |
|   10360 | Cte de Blaye                     |                                      2108.0000 |
|   10372 | Cte de Blaye                     |                                      8432.0000 |
|   10417 | Cte de Blaye                     |                                     10540.0000 |
|   10424 | Cte de Blaye                     |                                     10329.2000 |
|   10479 | Cte de Blaye                     |                                      6324.0000 |
|   10518 | Cte de Blaye                     |                                      3952.5000 |
|   10540 | Cte de Blaye                     |                                      7905.0000 |
|   10541 | Cte de Blaye                     |                                      1054.0000 |
|   10616 | Cte de Blaye                     |                                      3952.5000 |
|   10672 | Cte de Blaye                     |                                      3952.5000 |
|   10783 | Cte de Blaye                     |                                      1317.5000 |
|   10805 | Cte de Blaye                     |                                      2635.0000 |
|   10816 | Cte de Blaye                     |                                      7905.0000 |
|   10817 | Cte de Blaye                     |                                      7905.0000 |
|   10828 | Cte de Blaye                     |                                       527.0000 |
|   10831 | Cte de Blaye                     |                                      2108.0000 |
|   10865 | Cte de Blaye                     |                                     15810.0000 |
|   10889 | Cte de Blaye                     |                                     10540.0000 |
|   10964 | Cte de Blaye                     |                                      1317.5000 |
|   10981 | Cte de Blaye                     |                                     15810.0000 |
|   11032 | Cte de Blaye                     |                                      6587.5000 |
|   10314 | Escargots de Bourgogne           |                                       318.0000 |
|   10327 | Escargots de Bourgogne           |                                       318.0000 |
|   10373 | Escargots de Bourgogne           |                                       848.0000 |
|   10374 | Escargots de Bourgogne           |                                       159.0000 |
|   10537 | Escargots de Bourgogne           |                                       265.0000 |
|   10594 | Escargots de Bourgogne           |                                       397.5000 |
|   10636 | Escargots de Bourgogne           |                                        79.5000 |
|   10661 | Escargots de Bourgogne           |                                       649.2500 |
|   10675 | Escargots de Bourgogne           |                                       397.5000 |
|   10697 | Escargots de Bourgogne           |                                       397.5000 |
|   10714 | Escargots de Bourgogne           |                                       159.0000 |
|   10839 | Escargots de Bourgogne           |                                       397.5000 |
|   10845 | Escargots de Bourgogne           |                                       795.0000 |
|   10863 | Escargots de Bourgogne           |                                       159.0000 |
|   10904 | Escargots de Bourgogne           |                                       198.7500 |
|   10913 | Escargots de Bourgogne           |                                       198.7500 |
|   10930 | Escargots de Bourgogne           |                                       397.5000 |
|   11011 | Escargots de Bourgogne           |                                       530.0000 |
|   10322 | Filo Mix                         |                                       112.0000 |
|   10334 | Filo Mix                         |                                        44.8000 |
|   10388 | Filo Mix                         |                                       112.0000 |
|   10446 | Filo Mix                         |                                        84.0000 |
|   10449 | Filo Mix                         |                                       112.0000 |
|   10517 | Filo Mix                         |                                        42.0000 |
|   10558 | Filo Mix                         |                                       210.0000 |
|   10563 | Filo Mix                         |                                       490.0000 |
|   10586 | Filo Mix                         |                                        28.0000 |
|   10594 | Filo Mix                         |                                       168.0000 |
|   10620 | Filo Mix                         |                                        35.0000 |
|   10683 | Filo Mix                         |                                        63.0000 |
|   10725 | Filo Mix                         |                                        28.0000 |
|   10733 | Filo Mix                         |                                       175.0000 |
|   10739 | Filo Mix                         |                                       126.0000 |
|   10758 | Filo Mix                         |                                       420.0000 |
|   10769 | Filo Mix                         |                                       105.0000 |
|   10793 | Filo Mix                         |                                        56.0000 |
|   10809 | Filo Mix                         |                                       140.0000 |
|   10862 | Filo Mix                         |                                        56.0000 |
|   10908 | Filo Mix                         |                                        98.0000 |
|   10925 | Filo Mix                         |                                        84.0000 |
|   10927 | Filo Mix                         |                                        35.0000 |
|   10961 | Filo Mix                         |                                        42.0000 |
|   10970 | Filo Mix                         |                                       280.0000 |
|   10997 | Filo Mix                         |                                       140.0000 |
|   11003 | Filo Mix                         |                                        70.0000 |
|   11038 | Filo Mix                         |                                        14.0000 |
|   11077 | Filo Mix                         |                                        14.0000 |
|   10274 | Flotemysost                      |                                       344.0000 |
|   10304 | Flotemysost                      |                                        34.4000 |
|   10309 | Flotemysost                      |                                        51.6000 |
|   10320 | Flotemysost                      |                                       516.0000 |
|   10333 | Flotemysost                      |                                       688.0000 |
|   10364 | Flotemysost                      |                                        86.0000 |
|   10373 | Flotemysost                      |                                       860.0000 |
|   10378 | Flotemysost                      |                                       103.2000 |
|   10387 | Flotemysost                      |                                       258.0000 |
|   10396 | Flotemysost                      |                                      1032.0000 |
|   10399 | Flotemysost                      |                                       516.0000 |
|   10401 | Flotemysost                      |                                      1032.0000 |
|   10407 | Flotemysost                      |                                       258.0000 |
|   10447 | Flotemysost                      |                                        34.4000 |
|   10455 | Flotemysost                      |                                       516.0000 |
|   10458 | Flotemysost                      |                                       860.0000 |
|   10473 | Flotemysost                      |                                       206.4000 |
|   10541 | Flotemysost                      |                                       193.5000 |
|   10598 | Flotemysost                      |                                       193.5000 |
|   10605 | Flotemysost                      |                                       322.5000 |
|   10616 | Flotemysost                      |                                       322.5000 |
|   10621 | Flotemysost                      |                                       322.5000 |
|   10626 | Flotemysost                      |                                       430.0000 |
|   10646 | Flotemysost                      |                                       645.0000 |
|   10667 | Flotemysost                      |                                       301.0000 |
|   10672 | Flotemysost                      |                                       258.0000 |
|   10700 | Flotemysost                      |                                      1290.0000 |
|   10701 | Flotemysost                      |                                       430.0000 |
|   10715 | Flotemysost                      |                                       645.0000 |
|   10720 | Flotemysost                      |                                       172.0000 |
|   10768 | Flotemysost                      |                                       258.0000 |
|   10771 | Flotemysost                      |                                       344.0000 |
|   10847 | Flotemysost                      |                                      1182.5000 |
|   10901 | Flotemysost                      |                                       645.0000 |
|   10914 | Flotemysost                      |                                       537.5000 |
|   10938 | Flotemysost                      |                                       752.5000 |
|   11008 | Flotemysost                      |                                       451.5000 |
|   11011 | Flotemysost                      |                                       430.0000 |
|   11012 | Flotemysost                      |                                      1290.0000 |
|   11024 | Flotemysost                      |                                      1075.0000 |
|   11031 | Flotemysost                      |                                       344.0000 |
|   11038 | Flotemysost                      |                                       645.0000 |
|   10252 | Geitost                          |                                        50.0000 |
|   10269 | Geitost                          |                                       120.0000 |
|   10271 | Geitost                          |                                        48.0000 |
|   10273 | Geitost                          |                                        40.0000 |
|   10341 | Geitost                          |                                        16.0000 |
|   10382 | Geitost                          |                                       120.0000 |
|   10410 | Geitost                          |                                        98.0000 |
|   10414 | Geitost                          |                                       100.0000 |
|   10415 | Geitost                          |                                        40.0000 |
|   10454 | Geitost                          |                                        40.0000 |
|   10473 | Geitost                          |                                        24.0000 |
|   10515 | Geitost                          |                                        40.0000 |
|   10528 | Geitost                          |                                        20.0000 |
|   10536 | Geitost                          |                                        75.0000 |
|   10539 | Geitost                          |                                        37.5000 |
|   10562 | Geitost                          |                                        50.0000 |
|   10574 | Geitost                          |                                        35.0000 |
|   10607 | Geitost                          |                                        35.0000 |
|   10632 | Geitost                          |                                        50.0000 |
|   10677 | Geitost                          |                                        20.0000 |
|   10678 | Geitost                          |                                        75.0000 |
|   10682 | Geitost                          |                                        75.0000 |
|   10815 | Geitost                          |                                        40.0000 |
|   10850 | Geitost                          |                                        10.0000 |
|   10861 | Geitost                          |                                        87.5000 |
|   10913 | Geitost                          |                                       100.0000 |
|   10915 | Geitost                          |                                        75.0000 |
|   10951 | Geitost                          |                                        37.5000 |
|   10972 | Geitost                          |                                        17.5000 |
|   11024 | Geitost                          |                                        75.0000 |
|   11045 | Geitost                          |                                        37.5000 |
|   11054 | Geitost                          |                                        25.0000 |
|   10283 | Genen Shouyu                     |                                       248.0000 |
|   10323 | Genen Shouyu                     |                                        62.0000 |
|   10500 | Genen Shouyu                     |                                       186.0000 |
|   10579 | Genen Shouyu                     |                                       155.0000 |
|   10592 | Genen Shouyu                     |                                       387.5000 |
|   10657 | Genen Shouyu                     |                                       775.0000 |
|   10262 | Gnocchi di nonna Alice           |                                        60.8000 |
|   10295 | Gnocchi di nonna Alice           |                                       121.6000 |
|   10301 | Gnocchi di nonna Alice           |                                       608.0000 |
|   10329 | Gnocchi di nonna Alice           |                                       364.8000 |
|   10346 | Gnocchi di nonna Alice           |                                       608.0000 |
|   10369 | Gnocchi di nonna Alice           |                                       547.2000 |
|   10383 | Gnocchi di nonna Alice           |                                       608.0000 |
|   10401 | Gnocchi di nonna Alice           |                                      2128.0000 |
|   10426 | Gnocchi di nonna Alice           |                                       152.0000 |
|   10430 | Gnocchi di nonna Alice           |                                       912.0000 |
|   10433 | Gnocchi di nonna Alice           |                                       851.2000 |
|   10436 | Gnocchi di nonna Alice           |                                      1216.0000 |
|   10458 | Gnocchi di nonna Alice           |                                       456.0000 |
|   10464 | Gnocchi di nonna Alice           |                                       912.0000 |
|   10471 | Gnocchi di nonna Alice           |                                       608.0000 |
|   10494 | Gnocchi di nonna Alice           |                                       912.0000 |
|   10497 | Gnocchi di nonna Alice           |                                       425.6000 |
|   10514 | Gnocchi di nonna Alice           |                                      2660.0000 |
|   10519 | Gnocchi di nonna Alice           |                                      1520.0000 |
|   10526 | Gnocchi di nonna Alice           |                                      1140.0000 |
|   10555 | Gnocchi di nonna Alice           |                                      1520.0000 |
|   10570 | Gnocchi di nonna Alice           |                                      2280.0000 |
|   10596 | Gnocchi di nonna Alice           |                                       190.0000 |
|   10608 | Gnocchi di nonna Alice           |                                      1064.0000 |
|   10616 | Gnocchi di nonna Alice           |                                       532.0000 |
|   10618 | Gnocchi di nonna Alice           |                                       760.0000 |
|   10637 | Gnocchi di nonna Alice           |                                      2280.0000 |
|   10657 | Gnocchi di nonna Alice           |                                      1710.0000 |
|   10664 | Gnocchi di nonna Alice           |                                       456.0000 |
|   10690 | Gnocchi di nonna Alice           |                                       760.0000 |
|   10712 | Gnocchi di nonna Alice           |                                      1140.0000 |
|   10714 | Gnocchi di nonna Alice           |                                       684.0000 |
|   10727 | Gnocchi di nonna Alice           |                                       380.0000 |
|   10740 | Gnocchi di nonna Alice           |                                       532.0000 |
|   10748 | Gnocchi di nonna Alice           |                                      1064.0000 |
|   10749 | Gnocchi di nonna Alice           |                                       570.0000 |
|   10755 | Gnocchi di nonna Alice           |                                      1140.0000 |
|   10762 | Gnocchi di nonna Alice           |                                      2280.0000 |
|   10781 | Gnocchi di nonna Alice           |                                       760.0000 |
|   10790 | Gnocchi di nonna Alice           |                                       760.0000 |
|   10808 | Gnocchi di nonna Alice           |                                       760.0000 |
|   10820 | Gnocchi di nonna Alice           |                                      1140.0000 |
|   10841 | Gnocchi di nonna Alice           |                                      1140.0000 |
|   10855 | Gnocchi di nonna Alice           |                                       912.0000 |
|   10884 | Gnocchi di nonna Alice           |                                       798.0000 |
|   10896 | Gnocchi di nonna Alice           |                                       608.0000 |
|   10944 | Gnocchi di nonna Alice           |                                       684.0000 |
|   10966 | Gnocchi di nonna Alice           |                                       456.0000 |
|   11018 | Gnocchi di nonna Alice           |                                       190.0000 |
|   11029 | Gnocchi di nonna Alice           |                                       760.0000 |
|   10253 | Gorgonzola Telino                |                                       200.0000 |
|   10272 | Gorgonzola Telino                |                                       400.0000 |
|   10273 | Gorgonzola Telino                |                                       150.0000 |
|   10325 | Gorgonzola Telino                |                                        40.0000 |
|   10335 | Gorgonzola Telino                |                                       250.0000 |
|   10342 | Gorgonzola Telino                |                                       560.0000 |
|   10356 | Gorgonzola Telino                |                                       300.0000 |
|   10359 | Gorgonzola Telino                |                                       700.0000 |
|   10363 | Gorgonzola Telino                |                                       200.0000 |
|   10374 | Gorgonzola Telino                |                                       300.0000 |
|   10376 | Gorgonzola Telino                |                                       420.0000 |
|   10390 | Gorgonzola Telino                |                                       600.0000 |
|   10393 | Gorgonzola Telino                |                                       320.0000 |
|   10423 | Gorgonzola Telino                |                                       140.0000 |
|   10446 | Gorgonzola Telino                |                                        30.0000 |
|   10475 | Gorgonzola Telino                |                                       350.0000 |
|   10496 | Gorgonzola Telino                |                                       200.0000 |
|   10536 | Gorgonzola Telino                |                                       250.0000 |
|   10537 | Gorgonzola Telino                |                                       375.0000 |
|   10549 | Gorgonzola Telino                |                                       687.5000 |
|   10553 | Gorgonzola Telino                |                                       375.0000 |
|   10564 | Gorgonzola Telino                |                                        75.0000 |
|   10567 | Gorgonzola Telino                |                                       750.0000 |
|   10569 | Gorgonzola Telino                |                                       437.5000 |
|   10576 | Gorgonzola Telino                |                                       250.0000 |
|   10584 | Gorgonzola Telino                |                                       625.0000 |
|   10659 | Gorgonzola Telino                |                                       250.0000 |
|   10668 | Gorgonzola Telino                |                                       100.0000 |
|   10680 | Gorgonzola Telino                |                                       250.0000 |
|   10705 | Gorgonzola Telino                |                                       250.0000 |
|   10722 | Gorgonzola Telino                |                                       625.0000 |
|   10730 | Gorgonzola Telino                |                                        37.5000 |
|   10747 | Gorgonzola Telino                |                                       100.0000 |
|   10768 | Gorgonzola Telino                |                                       625.0000 |
|   10773 | Gorgonzola Telino                |                                       875.0000 |
|   10774 | Gorgonzola Telino                |                                        25.0000 |
|   10776 | Gorgonzola Telino                |                                       200.0000 |
|   10782 | Gorgonzola Telino                |                                        12.5000 |
|   10783 | Gorgonzola Telino                |                                       125.0000 |
|   10812 | Gorgonzola Telino                |                                       200.0000 |
|   10826 | Gorgonzola Telino                |                                       437.5000 |
|   10833 | Gorgonzola Telino                |                                       112.5000 |
|   10855 | Gorgonzola Telino                |                                       175.0000 |
|   10886 | Gorgonzola Telino                |                                       437.5000 |
|   10941 | Gorgonzola Telino                |                                       550.0000 |
|   10945 | Gorgonzola Telino                |                                       125.0000 |
|   10953 | Gorgonzola Telino                |                                       625.0000 |
|   10954 | Gorgonzola Telino                |                                       312.5000 |
|   10979 | Gorgonzola Telino                |                                       300.0000 |
|   11016 | Gorgonzola Telino                |                                       187.5000 |
|   11070 | Gorgonzola Telino                |                                       250.0000 |
|   10309 | Grandma's Boysenberry Spread     |                                       600.0000 |
|   10325 | Grandma's Boysenberry Spread     |                                       120.0000 |
|   10618 | Grandma's Boysenberry Spread     |                                      1750.0000 |
|   10734 | Grandma's Boysenberry Spread     |                                       750.0000 |
|   10830 | Grandma's Boysenberry Spread     |                                       150.0000 |
|   10871 | Grandma's Boysenberry Spread     |                                      1250.0000 |
|   10934 | Grandma's Boysenberry Spread     |                                       500.0000 |
|   10949 | Grandma's Boysenberry Spread     |                                       300.0000 |
|   10952 | Grandma's Boysenberry Spread     |                                       400.0000 |
|   10989 | Grandma's Boysenberry Spread     |                                      1000.0000 |
|   11076 | Grandma's Boysenberry Spread     |                                       500.0000 |
|   11077 | Grandma's Boysenberry Spread     |                                        25.0000 |
|   10259 | Gravad lax                       |                                        20.8000 |
|   10337 | Gravad lax                       |                                       582.4000 |
|   10408 | Gravad lax                       |                                       208.0000 |
|   10523 | Gravad lax                       |                                       468.0000 |
|   10847 | Gravad lax                       |                                      1560.0000 |
|   10966 | Gravad lax                       |                                       208.0000 |
|   10254 | Guaran Fantstica                 |                                        54.0000 |
|   10263 | Guaran Fantstica                 |                                       100.8000 |
|   10275 | Guaran Fantstica                 |                                        43.2000 |
|   10280 | Guaran Fantstica                 |                                        43.2000 |
|   10281 | Guaran Fantstica                 |                                        21.6000 |
|   10293 | Guaran Fantstica                 |                                        36.0000 |
|   10352 | Guaran Fantstica                 |                                        36.0000 |
|   10355 | Guaran Fantstica                 |                                        90.0000 |
|   10358 | Guaran Fantstica                 |                                        36.0000 |
|   10386 | Guaran Fantstica                 |                                        54.0000 |
|   10387 | Guaran Fantstica                 |                                        54.0000 |
|   10446 | Guaran Fantstica                 |                                        72.0000 |
|   10465 | Guaran Fantstica                 |                                        90.0000 |
|   10467 | Guaran Fantstica                 |                                       100.8000 |
|   10472 | Guaran Fantstica                 |                                       288.0000 |
|   10498 | Guaran Fantstica                 |                                        63.0000 |
|   10512 | Guaran Fantstica                 |                                        45.0000 |
|   10518 | Guaran Fantstica                 |                                        22.5000 |
|   10520 | Guaran Fantstica                 |                                        36.0000 |
|   10541 | Guaran Fantstica                 |                                       157.5000 |
|   10555 | Guaran Fantstica                 |                                        81.0000 |
|   10565 | Guaran Fantstica                 |                                       112.5000 |
|   10597 | Guaran Fantstica                 |                                       157.5000 |
|   10620 | Guaran Fantstica                 |                                        22.5000 |
|   10623 | Guaran Fantstica                 |                                        13.5000 |
|   10648 | Guaran Fantstica                 |                                        67.5000 |
|   10695 | Guaran Fantstica                 |                                        90.0000 |
|   10704 | Guaran Fantstica                 |                                       157.5000 |
|   10763 | Guaran Fantstica                 |                                        90.0000 |
|   10799 | Guaran Fantstica                 |                                        90.0000 |
|   10859 | Guaran Fantstica                 |                                       180.0000 |
|   10866 | Guaran Fantstica                 |                                        27.0000 |
|   10883 | Guaran Fantstica                 |                                        36.0000 |
|   10885 | Guaran Fantstica                 |                                        54.0000 |
|   10893 | Guaran Fantstica                 |                                        45.0000 |
|   10895 | Guaran Fantstica                 |                                       495.0000 |
|   10922 | Guaran Fantstica                 |                                       157.5000 |
|   10946 | Guaran Fantstica                 |                                       112.5000 |
|   10960 | Guaran Fantstica                 |                                        45.0000 |
|   10968 | Guaran Fantstica                 |                                       135.0000 |
|   10979 | Guaran Fantstica                 |                                       360.0000 |
|   10984 | Guaran Fantstica                 |                                        90.0000 |
|   10998 | Guaran Fantstica                 |                                        54.0000 |
|   11000 | Guaran Fantstica                 |                                       135.0000 |
|   11009 | Guaran Fantstica                 |                                        54.0000 |
|   11010 | Guaran Fantstica                 |                                        45.0000 |
|   11027 | Guaran Fantstica                 |                                       135.0000 |
|   11031 | Guaran Fantstica                 |                                        94.5000 |
|   11051 | Guaran Fantstica                 |                                        45.0000 |
|   11055 | Guaran Fantstica                 |                                        67.5000 |
|   11073 | Guaran Fantstica                 |                                        90.0000 |
|   10296 | Gudbrandsdalsost                 |                                       432.0000 |
|   10308 | Gudbrandsdalsost                 |                                        28.8000 |
|   10311 | Gudbrandsdalsost                 |                                       201.6000 |
|   10350 | Gudbrandsdalsost                 |                                       518.4000 |
|   10356 | Gudbrandsdalsost                 |                                       576.0000 |
|   10364 | Gudbrandsdalsost                 |                                       864.0000 |
|   10392 | Gudbrandsdalsost                 |                                      1440.0000 |
|   10395 | Gudbrandsdalsost                 |                                       230.4000 |
|   10407 | Gudbrandsdalsost                 |                                       432.0000 |
|   10419 | Gudbrandsdalsost                 |                                       576.0000 |
|   10493 | Gudbrandsdalsost                 |                                       288.0000 |
|   10529 | Gudbrandsdalsost                 |                                       360.0000 |
|   10552 | Gudbrandsdalsost                 |                                       648.0000 |
|   10583 | Gudbrandsdalsost                 |                                       360.0000 |
|   10593 | Gudbrandsdalsost                 |                                       720.0000 |
|   10595 | Gudbrandsdalsost                 |                                      2340.0000 |
|   10640 | Gudbrandsdalsost                 |                                       720.0000 |
|   10667 | Gudbrandsdalsost                 |                                      1620.0000 |
|   10693 | Gudbrandsdalsost                 |                                      1080.0000 |
|   10717 | Gudbrandsdalsost                 |                                       900.0000 |
|   10746 | Gudbrandsdalsost                 |                                      1440.0000 |
|   10747 | Gudbrandsdalsost                 |                                      1080.0000 |
|   10752 | Gudbrandsdalsost                 |                                       108.0000 |
|   10755 | Gudbrandsdalsost                 |                                       900.0000 |
|   10756 | Gudbrandsdalsost                 |                                       720.0000 |
|   10796 | Gudbrandsdalsost                 |                                       864.0000 |
|   10894 | Gudbrandsdalsost                 |                                      1800.0000 |
|   10962 | Gudbrandsdalsost                 |                                       324.0000 |
|   10964 | Gudbrandsdalsost                 |                                       360.0000 |
|   11022 | Gudbrandsdalsost                 |                                      1080.0000 |
|   11033 | Gudbrandsdalsost                 |                                      1296.0000 |
|   10278 | Gula Malacca                     |                                       248.0000 |
|   10284 | Gula Malacca                     |                                       325.5000 |
|   10291 | Gula Malacca                     |                                       372.0000 |
|   10351 | Gula Malacca                     |                                      1193.5000 |
|   10411 | Gula Malacca                     |                                       620.0000 |
|   10452 | Gula Malacca                     |                                      1550.0000 |
|   10469 | Gula Malacca                     |                                        31.0000 |
|   10491 | Gula Malacca                     |                                       232.5000 |
|   10518 | Gula Malacca                     |                                       175.0500 |
|   10551 | Gula Malacca                     |                                       778.0000 |
|   10561 | Gula Malacca                     |                                       194.5000 |
|   10576 | Gula Malacca                     |                                       408.4500 |
|   10624 | Gula Malacca                     |                                       194.5000 |
|   10656 | Gula Malacca                     |                                       544.6000 |
|   10676 | Gula Malacca                     |                                       408.4500 |
|   10691 | Gula Malacca                     |                                       466.8000 |
|   10721 | Gula Malacca                     |                                       972.5000 |
|   10745 | Gula Malacca                     |                                       311.2000 |
|   10796 | Gula Malacca                     |                                       194.5000 |
|   10832 | Gula Malacca                     |                                       311.2000 |
|   10944 | Gula Malacca                     |                                       350.1000 |
|   10978 | Gula Malacca                     |                                       116.7000 |
|   11034 | Gula Malacca                     |                                       233.4000 |
|   11042 | Gula Malacca                     |                                       291.7500 |
|   10330 | Gumbr Gummibrchen                |                                      1245.0000 |
|   10337 | Gumbr Gummibrchen                |                                       597.6000 |
|   10357 | Gumbr Gummibrchen                |                                       398.4000 |
|   10393 | Gumbr Gummibrchen                |                                      1743.0000 |
|   10404 | Gumbr Gummibrchen                |                                       747.0000 |
|   10421 | Gumbr Gummibrchen                |                                       747.0000 |
|   10422 | Gumbr Gummibrchen                |                                        49.8000 |
|   10432 | Gumbr Gummibrchen                |                                       249.0000 |
|   10444 | Gumbr Gummibrchen                |                                       373.5000 |
|   10448 | Gumbr Gummibrchen                |                                       149.4000 |
|   10458 | Gumbr Gummibrchen                |                                       747.0000 |
|   10487 | Gumbr Gummibrchen                |                                       747.0000 |
|   10540 | Gumbr Gummibrchen                |                                      1249.2000 |
|   10587 | Gumbr Gummibrchen                |                                       187.3800 |
|   10592 | Gumbr Gummibrchen                |                                       156.1500 |
|   10633 | Gumbr Gummibrchen                |                                      1093.0500 |
|   10677 | Gumbr Gummibrchen                |                                       936.9000 |
|   10686 | Gumbr Gummibrchen                |                                       468.4500 |
|   10713 | Gumbr Gummibrchen                |                                       936.9000 |
|   10723 | Gumbr Gummibrchen                |                                       468.4500 |
|   10751 | Gumbr Gummibrchen                |                                       374.7600 |
|   10758 | Gumbr Gummibrchen                |                                       624.6000 |
|   10796 | Gumbr Gummibrchen                |                                       655.8300 |
|   10817 | Gumbr Gummibrchen                |                                      1249.2000 |
|   10825 | Gumbr Gummibrchen                |                                       374.7600 |
|   10849 | Gumbr Gummibrchen                |                                       562.1400 |
|   10857 | Gumbr Gummibrchen                |                                      1093.0500 |
|   10868 | Gumbr Gummibrchen                |                                       624.6000 |
|   10973 | Gumbr Gummibrchen                |                                       156.1500 |
|   11004 | Gumbr Gummibrchen                |                                       187.3800 |
|   11021 | Gumbr Gummibrchen                |                                      1967.4900 |
|   11024 | Gumbr Gummibrchen                |                                       374.7600 |
|   10251 | Gustaf's Knckebrd                |                                       100.8000 |
|   10435 | Gustaf's Knckebrd                |                                       201.6000 |
|   10553 | Gustaf's Knckebrd                |                                       504.0000 |
|   10603 | Gustaf's Knckebrd                |                                      1008.0000 |
|   10619 | Gustaf's Knckebrd                |                                       840.0000 |
|   10635 | Gustaf's Knckebrd                |                                       840.0000 |
|   10648 | Gustaf's Knckebrd                |                                       315.0000 |
|   10651 | Gustaf's Knckebrd                |                                       420.0000 |
|   10763 | Gustaf's Knckebrd                |                                       126.0000 |
|   10768 | Gustaf's Knckebrd                |                                        84.0000 |
|   10836 | Gustaf's Knckebrd                |                                      1092.0000 |
|   10844 | Gustaf's Knckebrd                |                                       735.0000 |
|   10943 | Gustaf's Knckebrd                |                                       441.0000 |
|   11001 | Gustaf's Knckebrd                |                                       525.0000 |
|   10273 | Ikura                            |                                       595.2000 |
|   10276 | Ikura                            |                                       372.0000 |
|   10357 | Ikura                            |                                       744.0000 |
|   10389 | Ikura                            |                                       396.8000 |
|   10449 | Ikura                            |                                       347.2000 |
|   10450 | Ikura                            |                                       496.0000 |
|   10478 | Ikura                            |                                       496.0000 |
|   10519 | Ikura                            |                                       496.0000 |
|   10524 | Ikura                            |                                        62.0000 |
|   10568 | Ikura                            |                                       155.0000 |
|   10609 | Ikura                            |                                       310.0000 |
|   10612 | Ikura                            |                                      2170.0000 |
|   10646 | Ikura                            |                                       558.0000 |
|   10664 | Ikura                            |                                       744.0000 |
|   10676 | Ikura                            |                                        62.0000 |
|   10685 | Ikura                            |                                       620.0000 |
|   10688 | Ikura                            |                                       558.0000 |
|   10713 | Ikura                            |                                       558.0000 |
|   10715 | Ikura                            |                                       651.0000 |
|   10724 | Ikura                            |                                       496.0000 |
|   10775 | Ikura                            |                                       186.0000 |
|   10785 | Ikura                            |                                       310.0000 |
|   10804 | Ikura                            |                                      1116.0000 |
|   10827 | Ikura                            |                                       465.0000 |
|   10841 | Ikura                            |                                       496.0000 |
|   10854 | Ikura                            |                                      3100.0000 |
|   10874 | Ikura                            |                                       310.0000 |
|   10886 | Ikura                            |                                      2170.0000 |
|   10924 | Ikura                            |                                       620.0000 |
|   10946 | Ikura                            |                                       775.0000 |
|   10949 | Ikura                            |                                       930.0000 |
|   11020 | Ikura                            |                                       744.0000 |
|   11077 | Ikura                            |                                        31.0000 |
|   10255 | Inlagd Sill                      |                                       380.0000 |
|   10270 | Inlagd Sill                      |                                       456.0000 |
|   10298 | Inlagd Sill                      |                                       608.0000 |
|   10313 | Inlagd Sill                      |                                       182.4000 |
|   10337 | Inlagd Sill                      |                                       304.0000 |
|   10342 | Inlagd Sill                      |                                       608.0000 |
|   10358 | Inlagd Sill                      |                                       304.0000 |
|   10371 | Inlagd Sill                      |                                        91.2000 |
|   10406 | Inlagd Sill                      |                                        76.0000 |
|   10525 | Inlagd Sill                      |                                       570.0000 |
|   10527 | Inlagd Sill                      |                                       570.0000 |
|   10547 | Inlagd Sill                      |                                      1140.0000 |
|   10563 | Inlagd Sill                      |                                       475.0000 |
|   10610 | Inlagd Sill                      |                                       399.0000 |
|   10612 | Inlagd Sill                      |                                      1045.0000 |
|   10645 | Inlagd Sill                      |                                       285.0000 |
|   10669 | Inlagd Sill                      |                                       570.0000 |
|   10687 | Inlagd Sill                      |                                       114.0000 |
|   10708 | Inlagd Sill                      |                                        95.0000 |
|   10718 | Inlagd Sill                      |                                       760.0000 |
|   10739 | Inlagd Sill                      |                                       114.0000 |
|   10756 | Inlagd Sill                      |                                       380.0000 |
|   10784 | Inlagd Sill                      |                                       570.0000 |
|   10838 | Inlagd Sill                      |                                       950.0000 |
|   10893 | Inlagd Sill                      |                                       380.0000 |
|   10925 | Inlagd Sill                      |                                       475.0000 |
|   10936 | Inlagd Sill                      |                                       570.0000 |
|   10984 | Inlagd Sill                      |                                       760.0000 |
|   11009 | Inlagd Sill                      |                                       342.0000 |
|   11016 | Inlagd Sill                      |                                       304.0000 |
|   11032 | Inlagd Sill                      |                                       665.0000 |
|   10270 | Ipoh Coffee                      |                                       920.0000 |
|   10294 | Ipoh Coffee                      |                                       552.0000 |
|   10302 | Ipoh Coffee                      |                                       441.6000 |
|   10309 | Ipoh Coffee                      |                                       736.0000 |
|   10312 | Ipoh Coffee                      |                                       883.2000 |
|   10340 | Ipoh Coffee                      |                                      1472.0000 |
|   10458 | Ipoh Coffee                      |                                       736.0000 |
|   10464 | Ipoh Coffee                      |                                       110.4000 |
|   10468 | Ipoh Coffee                      |                                       552.0000 |
|   10507 | Ipoh Coffee                      |                                       690.0000 |
|   10524 | Ipoh Coffee                      |                                      2760.0000 |
|   10530 | Ipoh Coffee                      |                                      1150.0000 |
|   10644 | Ipoh Coffee                      |                                       920.0000 |
|   10673 | Ipoh Coffee                      |                                       276.0000 |
|   10691 | Ipoh Coffee                      |                                      1840.0000 |
|   10706 | Ipoh Coffee                      |                                      1104.0000 |
|   10760 | Ipoh Coffee                      |                                      1380.0000 |
|   10814 | Ipoh Coffee                      |                                       920.0000 |
|   10819 | Ipoh Coffee                      |                                       322.0000 |
|   10831 | Ipoh Coffee                      |                                       414.0000 |
|   10842 | Ipoh Coffee                      |                                       230.0000 |
|   10923 | Ipoh Coffee                      |                                       460.0000 |
|   10938 | Ipoh Coffee                      |                                      1104.0000 |
|   10982 | Ipoh Coffee                      |                                       414.0000 |
|   10987 | Ipoh Coffee                      |                                       276.0000 |
|   11023 | Ipoh Coffee                      |                                      1380.0000 |
|   11052 | Ipoh Coffee                      |                                      1380.0000 |
|   11068 | Ipoh Coffee                      |                                      1656.0000 |
|   10250 | Jack's New England Clam Chowder  |                                        77.0000 |
|   10260 | Jack's New England Clam Chowder  |                                       123.2000 |
|   10264 | Jack's New England Clam Chowder  |                                       192.5000 |
|   10316 | Jack's New England Clam Chowder  |                                        77.0000 |
|   10318 | Jack's New England Clam Chowder  |                                       154.0000 |
|   10340 | Jack's New England Clam Chowder  |                                        92.4000 |
|   10351 | Jack's New England Clam Chowder  |                                       100.1000 |
|   10379 | Jack's New England Clam Chowder  |                                        61.6000 |
|   10411 | Jack's New England Clam Chowder  |                                       192.5000 |
|   10444 | Jack's New England Clam Chowder  |                                       231.0000 |
|   10495 | Jack's New England Clam Chowder  |                                       154.0000 |
|   10516 | Jack's New England Clam Chowder  |                                       772.0000 |
|   10521 | Jack's New England Clam Chowder  |                                        96.5000 |
|   10523 | Jack's New England Clam Chowder  |                                        57.9000 |
|   10548 | Jack's New England Clam Chowder  |                                       135.1000 |
|   10559 | Jack's New England Clam Chowder  |                                       115.8000 |
|   10580 | Jack's New England Clam Chowder  |                                        86.8500 |
|   10655 | Jack's New England Clam Chowder  |                                       193.0000 |
|   10657 | Jack's New England Clam Chowder  |                                       231.6000 |
|   10678 | Jack's New England Clam Chowder  |                                      1158.0000 |
|   10685 | Jack's New England Clam Chowder  |                                        38.6000 |
|   10711 | Jack's New England Clam Chowder  |                                       405.3000 |
|   10725 | Jack's New England Clam Chowder  |                                       115.8000 |
|   10737 | Jack's New England Clam Chowder  |                                       115.8000 |
|   10747 | Jack's New England Clam Chowder  |                                       337.7500 |
|   10769 | Jack's New England Clam Chowder  |                                       289.5000 |
|   10778 | Jack's New England Clam Chowder  |                                        96.5000 |
|   10791 | Jack's New England Clam Chowder  |                                       193.0000 |
|   10793 | Jack's New England Clam Chowder  |                                       135.1000 |
|   10814 | Jack's New England Clam Chowder  |                                       193.0000 |
|   10818 | Jack's New England Clam Chowder  |                                       193.0000 |
|   10824 | Jack's New England Clam Chowder  |                                       115.8000 |
|   10890 | Jack's New England Clam Chowder  |                                       135.1000 |
|   10901 | Jack's New England Clam Chowder  |                                       289.5000 |
|   10909 | Jack's New England Clam Chowder  |                                        48.2500 |
|   10951 | Jack's New England Clam Chowder  |                                        57.9000 |
|   10960 | Jack's New England Clam Chowder  |                                       231.6000 |
|   10973 | Jack's New England Clam Chowder  |                                        57.9000 |
|   10989 | Jack's New England Clam Chowder  |                                        38.6000 |
|   10993 | Jack's New England Clam Chowder  |                                       337.7500 |
|   10999 | Jack's New England Clam Chowder  |                                       193.0000 |
|   11014 | Jack's New England Clam Chowder  |                                       270.2000 |
|   11063 | Jack's New England Clam Chowder  |                                       289.5000 |
|   11064 | Jack's New England Clam Chowder  |                                       115.8000 |
|   11067 | Jack's New England Clam Chowder  |                                        86.8500 |
|   11072 | Jack's New England Clam Chowder  |                                       386.0000 |
|   11077 | Jack's New England Clam Chowder  |                                        28.9500 |
|   10276 | Konbu                            |                                        48.0000 |
|   10291 | Konbu                            |                                        96.0000 |
|   10325 | Konbu                            |                                        57.6000 |
|   10383 | Konbu                            |                                        96.0000 |
|   10391 | Konbu                            |                                        86.4000 |
|   10394 | Konbu                            |                                        48.0000 |
|   10420 | Konbu                            |                                         9.6000 |
|   10462 | Konbu                            |                                         4.8000 |
|   10508 | Konbu                            |                                        60.0000 |
|   10526 | Konbu                            |                                        60.0000 |
|   10539 | Konbu                            |                                        48.0000 |
|   10601 | Konbu                            |                                       360.0000 |
|   10613 | Konbu                            |                                        48.0000 |
|   10633 | Konbu                            |                                        78.0000 |
|   10737 | Konbu                            |                                        24.0000 |
|   10746 | Konbu                            |                                        36.0000 |
|   10799 | Konbu                            |                                       120.0000 |
|   10810 | Konbu                            |                                        42.0000 |
|   10829 | Konbu                            |                                        60.0000 |
|   10832 | Konbu                            |                                        18.0000 |
|   10837 | Konbu                            |                                        36.0000 |
|   10854 | Konbu                            |                                       390.0000 |
|   10894 | Konbu                            |                                       168.0000 |
|   10898 | Konbu                            |                                        30.0000 |
|   10903 | Konbu                            |                                       240.0000 |
|   10926 | Konbu                            |                                        60.0000 |
|   10931 | Konbu                            |                                       252.0000 |
|   10938 | Konbu                            |                                       120.0000 |
|   10940 | Konbu                            |                                       120.0000 |
|   10943 | Konbu                            |                                        90.0000 |
|   10945 | Konbu                            |                                       120.0000 |
|   10962 | Konbu                            |                                       462.0000 |
|   10983 | Konbu                            |                                       504.0000 |
|   11002 | Konbu                            |                                       336.0000 |
|   11025 | Konbu                            |                                       120.0000 |
|   11031 | Konbu                            |                                       480.0000 |
|   11036 | Konbu                            |                                        42.0000 |
|   11059 | Konbu                            |                                       180.0000 |
|   11071 | Konbu                            |                                        60.0000 |
|   11077 | Konbu                            |                                        24.0000 |
|   10267 | Lakkalikri                       |                                       216.0000 |
|   10273 | Lakkalikri                       |                                       475.2000 |
|   10318 | Lakkalikri                       |                                        86.4000 |
|   10319 | Lakkalikri                       |                                       432.0000 |
|   10343 | Lakkalikri                       |                                       216.0000 |
|   10363 | Lakkalikri                       |                                       172.8000 |
|   10399 | Lakkalikri                       |                                       504.0000 |
|   10413 | Lakkalikri                       |                                       201.6000 |
|   10425 | Lakkalikri                       |                                       288.0000 |
|   10434 | Lakkalikri                       |                                       259.2000 |
|   10475 | Lakkalikri                       |                                       604.8000 |
|   10530 | Lakkalikri                       |                                       900.0000 |
|   10566 | Lakkalikri                       |                                       180.0000 |
|   10569 | Lakkalikri                       |                                       540.0000 |
|   10575 | Lakkalikri                       |                                       180.0000 |
|   10582 | Lakkalikri                       |                                       252.0000 |
|   10593 | Lakkalikri                       |                                        72.0000 |
|   10604 | Lakkalikri                       |                                       180.0000 |
|   10612 | Lakkalikri                       |                                      1440.0000 |
|   10630 | Lakkalikri                       |                                       630.0000 |
|   10665 | Lakkalikri                       |                                       180.0000 |
|   10701 | Lakkalikri                       |                                       630.0000 |
|   10702 | Lakkalikri                       |                                       270.0000 |
|   10732 | Lakkalikri                       |                                       360.0000 |
|   10734 | Lakkalikri                       |                                       360.0000 |
|   10749 | Lakkalikri                       |                                       180.0000 |
|   10808 | Lakkalikri                       |                                       900.0000 |
|   10837 | Lakkalikri                       |                                       378.0000 |
|   10860 | Lakkalikri                       |                                       360.0000 |
|   10879 | Lakkalikri                       |                                       180.0000 |
|   10927 | Lakkalikri                       |                                       360.0000 |
|   10928 | Lakkalikri                       |                                        90.0000 |
|   10961 | Lakkalikri                       |                                      1080.0000 |
|   10962 | Lakkalikri                       |                                       792.0000 |
|   10986 | Lakkalikri                       |                                       180.0000 |
|   10991 | Lakkalikri                       |                                      1620.0000 |
|   11004 | Lakkalikri                       |                                       108.0000 |
|   11050 | Lakkalikri                       |                                       900.0000 |
|   11075 | Lakkalikri                       |                                        36.0000 |
|   10284 | Laughing Lumberjack Lager        |                                        56.0000 |
|   10502 | Laughing Lumberjack Lager        |                                       420.0000 |
|   10544 | Laughing Lumberjack Lager        |                                        98.0000 |
|   10670 | Laughing Lumberjack Lager        |                                       350.0000 |
|   10775 | Laughing Lumberjack Lager        |                                        42.0000 |
|   10864 | Laughing Lumberjack Lager        |                                       210.0000 |
|   10911 | Laughing Lumberjack Lager        |                                       210.0000 |
|   10923 | Laughing Lumberjack Lager        |                                       336.0000 |
|   10939 | Laughing Lumberjack Lager        |                                       560.0000 |
|   11054 | Laughing Lumberjack Lager        |                                       280.0000 |
|   10254 | Longlife Tofu                    |                                       168.0000 |
|   10263 | Longlife Tofu                    |                                       288.0000 |
|   10370 | Longlife Tofu                    |                                       160.0000 |
|   10381 | Longlife Tofu                    |                                       112.0000 |
|   10382 | Longlife Tofu                    |                                       400.0000 |
|   10418 | Longlife Tofu                    |                                       120.0000 |
|   10439 | Longlife Tofu                    |                                       240.0000 |
|   10486 | Longlife Tofu                    |                                       128.0000 |
|   10753 | Longlife Tofu                    |                                        50.0000 |
|   10781 | Longlife Tofu                    |                                       350.0000 |
|   10806 | Longlife Tofu                    |                                       150.0000 |
|   10846 | Longlife Tofu                    |                                       200.0000 |
|   10998 | Longlife Tofu                    |                                       200.0000 |
|   10250 | Louisiana Fiery Hot Pepper Sauce |                                       252.0000 |
|   10251 | Louisiana Fiery Hot Pepper Sauce |                                       336.0000 |
|   10303 | Louisiana Fiery Hot Pepper Sauce |                                       504.0000 |
|   10328 | Louisiana Fiery Hot Pepper Sauce |                                       672.0000 |
|   10351 | Louisiana Fiery Hot Pepper Sauce |                                       168.0000 |
|   10366 | Louisiana Fiery Hot Pepper Sauce |                                        84.0000 |
|   10367 | Louisiana Fiery Hot Pepper Sauce |                                       252.0000 |
|   10379 | Louisiana Fiery Hot Pepper Sauce |                                       336.0000 |
|   10401 | Louisiana Fiery Hot Pepper Sauce |                                       336.0000 |
|   10447 | Louisiana Fiery Hot Pepper Sauce |                                       588.0000 |
|   10451 | Louisiana Fiery Hot Pepper Sauce |                                       470.4000 |
|   10493 | Louisiana Fiery Hot Pepper Sauce |                                       252.0000 |
|   10503 | Louisiana Fiery Hot Pepper Sauce |                                       421.0000 |
|   10514 | Louisiana Fiery Hot Pepper Sauce |                                       820.9500 |
|   10541 | Louisiana Fiery Hot Pepper Sauce |                                       757.8000 |
|   10580 | Louisiana Fiery Hot Pepper Sauce |                                       631.5000 |
|   10597 | Louisiana Fiery Hot Pepper Sauce |                                       252.6000 |
|   10638 | Louisiana Fiery Hot Pepper Sauce |                                       442.0500 |
|   10664 | Louisiana Fiery Hot Pepper Sauce |                                       315.7500 |
|   10666 | Louisiana Fiery Hot Pepper Sauce |                                       210.5000 |
|   10671 | Louisiana Fiery Hot Pepper Sauce |                                       252.6000 |
|   10698 | Louisiana Fiery Hot Pepper Sauce |                                      1368.2500 |
|   10730 | Louisiana Fiery Hot Pepper Sauce |                                       210.5000 |
|   10736 | Louisiana Fiery Hot Pepper Sauce |                                       842.0000 |
|   10765 | Louisiana Fiery Hot Pepper Sauce |                                      1684.0000 |
|   10806 | Louisiana Fiery Hot Pepper Sauce |                                        42.1000 |
|   10855 | Louisiana Fiery Hot Pepper Sauce |                                       315.7500 |
|   10872 | Louisiana Fiery Hot Pepper Sauce |                                       442.0500 |
|   10879 | Louisiana Fiery Hot Pepper Sauce |                                       210.5000 |
|   10884 | Louisiana Fiery Hot Pepper Sauce |                                       252.6000 |
|   10903 | Louisiana Fiery Hot Pepper Sauce |                                       442.0500 |
|   11024 | Louisiana Fiery Hot Pepper Sauce |                                       442.0500 |
|   10300 | Louisiana Hot Spiced Okra        |                                       408.0000 |
|   10442 | Louisiana Hot Spiced Okra        |                                       816.0000 |
|   10475 | Louisiana Hot Spiced Okra        |                                       816.0000 |
|   10493 | Louisiana Hot Spiced Okra        |                                       136.0000 |
|   10532 | Louisiana Hot Spiced Okra        |                                       408.0000 |
|   10682 | Louisiana Hot Spiced Okra        |                                        68.0000 |
|   10774 | Louisiana Hot Spiced Okra        |                                       850.0000 |
|   11077 | Louisiana Hot Spiced Okra        |                                        17.0000 |
|   10249 | Manjimup Dried Apples            |                                      1696.0000 |
|   10250 | Manjimup Dried Apples            |                                      1484.0000 |
|   10291 | Manjimup Dried Apples            |                                        84.8000 |
|   10335 | Manjimup Dried Apples            |                                      2035.2000 |
|   10362 | Manjimup Dried Apples            |                                       848.0000 |
|   10397 | Manjimup Dried Apples            |                                       763.2000 |
|   10472 | Manjimup Dried Apples            |                                       763.2000 |
|   10484 | Manjimup Dried Apples            |                                       127.2000 |
|   10486 | Manjimup Dried Apples            |                                      1060.0000 |
|   10537 | Manjimup Dried Apples            |                                       318.0000 |
|   10549 | Manjimup Dried Apples            |                                      2544.0000 |
|   10555 | Manjimup Dried Apples            |                                      1060.0000 |
|   10558 | Manjimup Dried Apples            |                                      1060.0000 |
|   10561 | Manjimup Dried Apples            |                                      2650.0000 |
|   10567 | Manjimup Dried Apples            |                                       159.0000 |
|   10634 | Manjimup Dried Apples            |                                       795.0000 |
|   10663 | Manjimup Dried Apples            |                                      1060.0000 |
|   10665 | Manjimup Dried Apples            |                                      1060.0000 |
|   10709 | Manjimup Dried Apples            |                                      1484.0000 |
|   10716 | Manjimup Dried Apples            |                                       371.0000 |
|   10731 | Manjimup Dried Apples            |                                      1590.0000 |
|   10762 | Manjimup Dried Apples            |                                      1484.0000 |
|   10776 | Manjimup Dried Apples            |                                      6360.0000 |
|   10800 | Manjimup Dried Apples            |                                       530.0000 |
|   10802 | Manjimup Dried Apples            |                                      1590.0000 |
|   10821 | Manjimup Dried Apples            |                                       318.0000 |
|   10843 | Manjimup Dried Apples            |                                       212.0000 |
|   10860 | Manjimup Dried Apples            |                                       159.0000 |
|   10870 | Manjimup Dried Apples            |                                       106.0000 |
|   10948 | Manjimup Dried Apples            |                                      2120.0000 |
|   10956 | Manjimup Dried Apples            |                                       424.0000 |
|   10965 | Manjimup Dried Apples            |                                       848.0000 |
|   10977 | Manjimup Dried Apples            |                                       530.0000 |
|   10995 | Manjimup Dried Apples            |                                      1060.0000 |
|   10999 | Manjimup Dried Apples            |                                       795.0000 |
|   11021 | Manjimup Dried Apples            |                                      2332.0000 |
|   11026 | Manjimup Dried Apples            |                                       530.0000 |
|   11045 | Manjimup Dried Apples            |                                      1272.0000 |
|   11055 | Manjimup Dried Apples            |                                      1060.0000 |
|   10258 | Mascarpone Fabioli               |                                       153.6000 |
|   10314 | Mascarpone Fabioli               |                                      1024.0000 |
|   10335 | Mascarpone Fabioli               |                                       153.6000 |
|   10513 | Mascarpone Fabioli               |                                      1600.0000 |
|   10547 | Mascarpone Fabioli               |                                       768.0000 |
|   10572 | Mascarpone Fabioli               |                                       320.0000 |
|   10705 | Mascarpone Fabioli               |                                       128.0000 |
|   10759 | Mascarpone Fabioli               |                                       320.0000 |
|   10818 | Mascarpone Fabioli               |                                       640.0000 |
|   10916 | Mascarpone Fabioli               |                                       192.0000 |
|   10985 | Mascarpone Fabioli               |                                      1120.0000 |
|   10997 | Mascarpone Fabioli               |                                      1600.0000 |
|   11046 | Mascarpone Fabioli               |                                       480.0000 |
|   11053 | Mascarpone Fabioli               |                                       640.0000 |
|   11077 | Mascarpone Fabioli               |                                        32.0000 |
|   10253 | Maxilaku                         |                                       640.0000 |
|   10290 | Maxilaku                         |                                       240.0000 |
|   10304 | Maxilaku                         |                                       480.0000 |
|   10360 | Maxilaku                         |                                       560.0000 |
|   10400 | Maxilaku                         |                                       480.0000 |
|   10404 | Maxilaku                         |                                       480.0000 |
|   10456 | Maxilaku                         |                                       336.0000 |
|   10481 | Maxilaku                         |                                       384.0000 |
|   10499 | Maxilaku                         |                                       500.0000 |
|   10539 | Maxilaku                         |                                       120.0000 |
|   10603 | Maxilaku                         |                                       500.0000 |
|   10612 | Maxilaku                         |                                       360.0000 |
|   10804 | Maxilaku                         |                                        80.0000 |
|   10868 | Maxilaku                         |                                       840.0000 |
|   10875 | Maxilaku                         |                                       300.0000 |
|   10882 | Maxilaku                         |                                       400.0000 |
|   10910 | Maxilaku                         |                                       200.0000 |
|   10942 | Maxilaku                         |                                       560.0000 |
|   10967 | Maxilaku                         |                                       800.0000 |
|   11019 | Maxilaku                         |                                        40.0000 |
|   11039 | Maxilaku                         |                                      1200.0000 |
|   10420 | Mishi Kobe Niku                  |                                      1552.0000 |
|   10515 | Mishi Kobe Niku                  |                                      1552.0000 |
|   10687 | Mishi Kobe Niku                  |                                      4850.0000 |
|   10693 | Mishi Kobe Niku                  |                                       582.0000 |
|   10848 | Mishi Kobe Niku                  |                                       291.0000 |
|   10248 | Mozzarella di Giovanni           |                                       174.0000 |
|   10268 | Mozzarella di Giovanni           |                                       111.2000 |
|   10269 | Mozzarella di Giovanni           |                                       556.0000 |
|   10272 | Mozzarella di Giovanni           |                                       667.2000 |
|   10274 | Mozzarella di Giovanni           |                                       194.6000 |
|   10283 | Mozzarella di Giovanni           |                                        83.4000 |
|   10297 | Mozzarella di Giovanni           |                                       556.0000 |
|   10325 | Mozzarella di Giovanni           |                                      1112.0000 |
|   10330 | Mozzarella di Giovanni           |                                       695.0000 |
|   10337 | Mozzarella di Giovanni           |                                       695.0000 |
|   10372 | Mozzarella di Giovanni           |                                      1167.6000 |
|   10390 | Mozzarella di Giovanni           |                                       667.2000 |
|   10396 | Mozzarella di Giovanni           |                                       583.8000 |
|   10435 | Mozzarella di Giovanni           |                                       278.0000 |
|   10459 | Mozzarella di Giovanni           |                                      1112.0000 |
|   10497 | Mozzarella di Giovanni           |                                       695.0000 |
|   10528 | Mozzarella di Giovanni           |                                       313.2000 |
|   10533 | Mozzarella di Giovanni           |                                       835.2000 |
|   10537 | Mozzarella di Giovanni           |                                       730.8000 |
|   10538 | Mozzarella di Giovanni           |                                        34.8000 |
|   10556 | Mozzarella di Giovanni           |                                       835.2000 |
|   10575 | Mozzarella di Giovanni           |                                      1044.0000 |
|   10607 | Mozzarella di Giovanni           |                                       417.6000 |
|   10638 | Mozzarella di Giovanni           |                                      2088.0000 |
|   10649 | Mozzarella di Giovanni           |                                       522.0000 |
|   10742 | Mozzarella di Giovanni           |                                      1218.0000 |
|   10745 | Mozzarella di Giovanni           |                                       243.6000 |
|   10784 | Mozzarella di Giovanni           |                                      1044.0000 |
|   10798 | Mozzarella di Giovanni           |                                       348.0000 |
|   10812 | Mozzarella di Giovanni           |                                      1392.0000 |
|   10839 | Mozzarella di Giovanni           |                                       522.0000 |
|   10926 | Mozzarella di Giovanni           |                                       348.0000 |
|   10932 | Mozzarella di Giovanni           |                                       556.8000 |
|   10941 | Mozzarella di Giovanni           |                                      1740.0000 |
|   10958 | Mozzarella di Giovanni           |                                       174.0000 |
|   10987 | Mozzarella di Giovanni           |                                       696.0000 |
|   10992 | Mozzarella di Giovanni           |                                        69.6000 |
|   11021 | Mozzarella di Giovanni           |                                      1218.0000 |
|   10263 | Nord-Ost Matjeshering            |                                      1242.0000 |
|   10282 | Nord-Ost Matjeshering            |                                       124.2000 |
|   10306 | Nord-Ost Matjeshering            |                                       207.0000 |
|   10327 | Nord-Ost Matjeshering            |                                       724.5000 |
|   10329 | Nord-Ost Matjeshering            |                                       165.6000 |
|   10338 | Nord-Ost Matjeshering            |                                       310.5000 |
|   10380 | Nord-Ost Matjeshering            |                                       372.6000 |
|   10401 | Nord-Ost Matjeshering            |                                       372.6000 |
|   10461 | Nord-Ost Matjeshering            |                                       579.6000 |
|   10468 | Nord-Ost Matjeshering            |                                       165.6000 |
|   10522 | Nord-Ost Matjeshering            |                                       517.8000 |
|   10524 | Nord-Ost Matjeshering            |                                       258.9000 |
|   10532 | Nord-Ost Matjeshering            |                                       388.3500 |
|   10534 | Nord-Ost Matjeshering            |                                       258.9000 |
|   10560 | Nord-Ost Matjeshering            |                                       517.8000 |
|   10650 | Nord-Ost Matjeshering            |                                       776.7000 |
|   10652 | Nord-Ost Matjeshering            |                                        51.7800 |
|   10719 | Nord-Ost Matjeshering            |                                        77.6700 |
|   10728 | Nord-Ost Matjeshering            |                                       388.3500 |
|   10734 | Nord-Ost Matjeshering            |                                       388.3500 |
|   10751 | Nord-Ost Matjeshering            |                                       776.7000 |
|   10786 | Nord-Ost Matjeshering            |                                       388.3500 |
|   10802 | Nord-Ost Matjeshering            |                                       647.2500 |
|   10834 | Nord-Ost Matjeshering            |                                       517.8000 |
|   10866 | Nord-Ost Matjeshering            |                                      1035.6000 |
|   10891 | Nord-Ost Matjeshering            |                                       388.3500 |
|   10893 | Nord-Ost Matjeshering            |                                       906.1500 |
|   10897 | Nord-Ost Matjeshering            |                                       932.0400 |
|   10917 | Nord-Ost Matjeshering            |                                        25.8900 |
|   10957 | Nord-Ost Matjeshering            |                                       776.7000 |
|   11015 | Nord-Ost Matjeshering            |                                       388.3500 |
|   11065 | Nord-Ost Matjeshering            |                                       103.5600 |
|   10344 | Northwoods Cranberry Sauce       |                                      2240.0000 |
|   10345 | Northwoods Cranberry Sauce       |                                      2240.0000 |
|   10511 | Northwoods Cranberry Sauce       |                                       400.0000 |
|   10522 | Northwoods Cranberry Sauce       |                                       960.0000 |
|   10695 | Northwoods Cranberry Sauce       |                                       400.0000 |
|   10709 | Northwoods Cranberry Sauce       |                                      1600.0000 |
|   10786 | Northwoods Cranberry Sauce       |                                      1200.0000 |
|   10829 | Northwoods Cranberry Sauce       |                                       800.0000 |
|   10893 | Northwoods Cranberry Sauce       |                                      1200.0000 |
|   10975 | Northwoods Cranberry Sauce       |                                       640.0000 |
|   10978 | Northwoods Cranberry Sauce       |                                       800.0000 |
|   11007 | Northwoods Cranberry Sauce       |                                      1200.0000 |
|   11077 | Northwoods Cranberry Sauce       |                                        80.0000 |
|   10323 | NuNuCa Nu-Nougat-Creme           |                                        44.8000 |
|   10347 | NuNuCa Nu-Nougat-Creme           |                                       112.0000 |
|   10362 | NuNuCa Nu-Nougat-Creme           |                                       560.0000 |
|   10393 | NuNuCa Nu-Nougat-Creme           |                                        78.4000 |
|   10467 | NuNuCa Nu-Nougat-Creme           |                                       134.4000 |
|   10492 | NuNuCa Nu-Nougat-Creme           |                                       672.0000 |
|   10506 | NuNuCa Nu-Nougat-Creme           |                                       252.0000 |
|   10760 | NuNuCa Nu-Nougat-Creme           |                                       168.0000 |
|   10761 | NuNuCa Nu-Nougat-Creme           |                                       490.0000 |
|   10803 | NuNuCa Nu-Nougat-Creme           |                                       210.0000 |
|   10810 | NuNuCa Nu-Nougat-Creme           |                                        70.0000 |
|   10832 | NuNuCa Nu-Nougat-Creme           |                                       140.0000 |
|   10840 | NuNuCa Nu-Nougat-Creme           |                                        84.0000 |
|   10850 | NuNuCa Nu-Nougat-Creme           |                                       280.0000 |
|   10851 | NuNuCa Nu-Nougat-Creme           |                                       140.0000 |
|   10887 | NuNuCa Nu-Nougat-Creme           |                                        70.0000 |
|   10919 | NuNuCa Nu-Nougat-Creme           |                                       336.0000 |
|   11055 | NuNuCa Nu-Nougat-Creme           |                                       210.0000 |
|   10256 | Original Frankfurter grne Soe    |                                       124.8000 |
|   10257 | Original Frankfurter grne Soe    |                                       156.0000 |
|   10290 | Original Frankfurter grne Soe    |                                       104.0000 |
|   10366 | Original Frankfurter grne Soe    |                                        52.0000 |
|   10367 | Original Frankfurter grne Soe    |                                        72.8000 |
|   10399 | Original Frankfurter grne Soe    |                                       145.6000 |
|   10417 | Original Frankfurter grne Soe    |                                       364.0000 |
|   10421 | Original Frankfurter grne Soe    |                                       104.0000 |
|   10451 | Original Frankfurter grne Soe    |                                       572.0000 |
|   10483 | Original Frankfurter grne Soe    |                                       312.0000 |
|   10491 | Original Frankfurter grne Soe    |                                        72.8000 |
|   10495 | Original Frankfurter grne Soe    |                                        52.0000 |
|   10497 | Original Frankfurter grne Soe    |                                       260.0000 |
|   10554 | Original Frankfurter grne Soe    |                                       130.0000 |
|   10577 | Original Frankfurter grne Soe    |                                       234.0000 |
|   10587 | Original Frankfurter grne Soe    |                                       260.0000 |
|   10590 | Original Frankfurter grne Soe    |                                       780.0000 |
|   10602 | Original Frankfurter grne Soe    |                                        65.0000 |
|   10646 | Original Frankfurter grne Soe    |                                       455.0000 |
|   10658 | Original Frankfurter grne Soe    |                                       910.0000 |
|   10690 | Original Frankfurter grne Soe    |                                       390.0000 |
|   10735 | Original Frankfurter grne Soe    |                                        26.0000 |
|   10780 | Original Frankfurter grne Soe    |                                       195.0000 |
|   10812 | Original Frankfurter grne Soe    |                                       260.0000 |
|   10823 | Original Frankfurter grne Soe    |                                       195.0000 |
|   10835 | Original Frankfurter grne Soe    |                                        26.0000 |
|   10841 | Original Frankfurter grne Soe    |                                       195.0000 |
|   10885 | Original Frankfurter grne Soe    |                                       325.0000 |
|   10886 | Original Frankfurter grne Soe    |                                       520.0000 |
|   10929 | Original Frankfurter grne Soe    |                                       195.0000 |
|   10946 | Original Frankfurter grne Soe    |                                       520.0000 |
|   10986 | Original Frankfurter grne Soe    |                                       195.0000 |
|   10999 | Original Frankfurter grne Soe    |                                       273.0000 |
|   11000 | Original Frankfurter grne Soe    |                                       390.0000 |
|   11015 | Original Frankfurter grne Soe    |                                       234.0000 |
|   11060 | Original Frankfurter grne Soe    |                                       130.0000 |
|   11068 | Original Frankfurter grne Soe    |                                       364.0000 |
|   11077 | Original Frankfurter grne Soe    |                                        26.0000 |
|   10260 | Outback Lager                    |                                       252.0000 |
|   10265 | Outback Lager                    |                                       240.0000 |
|   10299 | Outback Lager                    |                                       240.0000 |
|   10308 | Outback Lager                    |                                        60.0000 |
|   10315 | Outback Lager                    |                                       360.0000 |
|   10380 | Outback Lager                    |                                       360.0000 |
|   10389 | Outback Lager                    |                                       360.0000 |
|   10420 | Outback Lager                    |                                        96.0000 |
|   10453 | Outback Lager                    |                                       300.0000 |
|   10476 | Outback Lager                    |                                       144.0000 |
|   10485 | Outback Lager                    |                                       720.0000 |
|   10506 | Outback Lager                    |                                       210.0000 |
|   10517 | Outback Lager                    |                                        90.0000 |
|   10538 | Outback Lager                    |                                       105.0000 |
|   10616 | Outback Lager                    |                                       225.0000 |
|   10621 | Outback Lager                    |                                       300.0000 |
|   10640 | Outback Lager                    |                                       225.0000 |
|   10659 | Outback Lager                    |                                       600.0000 |
|   10694 | Outback Lager                    |                                       750.0000 |
|   10697 | Outback Lager                    |                                       450.0000 |
|   10698 | Outback Lager                    |                                       120.0000 |
|   10707 | Outback Lager                    |                                       420.0000 |
|   10758 | Outback Lager                    |                                       600.0000 |
|   10780 | Outback Lager                    |                                       525.0000 |
|   10810 | Outback Lager                    |                                        75.0000 |
|   10822 | Outback Lager                    |                                        90.0000 |
|   10824 | Outback Lager                    |                                       135.0000 |
|   10842 | Outback Lager                    |                                       180.0000 |
|   10846 | Outback Lager                    |                                       450.0000 |
|   10850 | Outback Lager                    |                                       450.0000 |
|   10858 | Outback Lager                    |                                        60.0000 |
|   10880 | Outback Lager                    |                                       750.0000 |
|   10885 | Outback Lager                    |                                       450.0000 |
|   10900 | Outback Lager                    |                                        45.0000 |
|   10991 | Outback Lager                    |                                       300.0000 |
|   11017 | Outback Lager                    |                                       450.0000 |
|   11037 | Outback Lager                    |                                        60.0000 |
|   11057 | Outback Lager                    |                                        45.0000 |
|   11062 | Outback Lager                    |                                       180.0000 |
|   10255 | Pavlova                          |                                       486.5000 |
|   10263 | Pavlova                          |                                       834.0000 |
|   10287 | Pavlova                          |                                       556.0000 |
|   10296 | Pavlova                          |                                       417.0000 |
|   10310 | Pavlova                          |                                       139.0000 |
|   10324 | Pavlova                          |                                       291.9000 |
|   10359 | Pavlova                          |                                       778.4000 |
|   10403 | Pavlova                          |                                       291.9000 |
|   10439 | Pavlova                          |                                       222.4000 |
|   10440 | Pavlova                          |                                       681.1000 |
|   10454 | Pavlova                          |                                       278.0000 |
|   10469 | Pavlova                          |                                       486.5000 |
|   10489 | Pavlova                          |                                       250.2000 |
|   10515 | Pavlova                          |                                       872.5000 |
|   10551 | Pavlova                          |                                       698.0000 |
|   10553 | Pavlova                          |                                       244.3000 |
|   10554 | Pavlova                          |                                       523.5000 |
|   10572 | Pavlova                          |                                       209.4000 |
|   10605 | Pavlova                          |                                       523.5000 |
|   10653 | Pavlova                          |                                       523.5000 |
|   10671 | Pavlova                          |                                       174.5000 |
|   10673 | Pavlova                          |                                        52.3500 |
|   10680 | Pavlova                          |                                       872.5000 |
|   10706 | Pavlova                          |                                       349.0000 |
|   10718 | Pavlova                          |                                       349.0000 |
|   10730 | Pavlova                          |                                       261.7500 |
|   10738 | Pavlova                          |                                        52.3500 |
|   10779 | Pavlova                          |                                       349.0000 |
|   10795 | Pavlova                          |                                      1134.2500 |
|   10855 | Pavlova                          |                                       872.5000 |
|   10871 | Pavlova                          |                                       209.4000 |
|   10877 | Pavlova                          |                                       523.5000 |
|   10909 | Pavlova                          |                                       261.7500 |
|   10916 | Pavlova                          |                                       104.7000 |
|   10919 | Pavlova                          |                                       418.8000 |
|   10932 | Pavlova                          |                                       523.5000 |
|   10954 | Pavlova                          |                                       488.6000 |
|   10984 | Pavlova                          |                                       959.7500 |
|   10985 | Pavlova                          |                                       628.2000 |
|   11066 | Pavlova                          |                                        52.3500 |
|   11070 | Pavlova                          |                                       523.5000 |
|   11074 | Pavlova                          |                                       244.3000 |
|   11077 | Pavlova                          |                                        34.9000 |
|   10256 | Perth Pasties                    |                                       393.0000 |
|   10285 | Perth Pasties                    |                                       943.2000 |
|   10306 | Perth Pasties                    |                                       262.0000 |
|   10312 | Perth Pasties                    |                                       524.0000 |
|   10380 | Perth Pasties                    |                                       524.0000 |
|   10388 | Perth Pasties                    |                                      1048.0000 |
|   10395 | Perth Pasties                    |                                      1834.0000 |
|   10416 | Perth Pasties                    |                                       262.0000 |
|   10421 | Perth Pasties                    |                                       393.0000 |
|   10437 | Perth Pasties                    |                                       393.0000 |
|   10455 | Perth Pasties                    |                                      1310.0000 |
|   10479 | Perth Pasties                    |                                       733.6000 |
|   10502 | Perth Pasties                    |                                       196.8000 |
|   10504 | Perth Pasties                    |                                       328.0000 |
|   10520 | Perth Pasties                    |                                       164.0000 |
|   10558 | Perth Pasties                    |                                       590.4000 |
|   10573 | Perth Pasties                    |                                       820.0000 |
|   10626 | Perth Pasties                    |                                       393.6000 |
|   10650 | Perth Pasties                    |                                       820.0000 |
|   10675 | Perth Pasties                    |                                       328.0000 |
|   10711 | Perth Pasties                    |                                      3936.0000 |
|   10712 | Perth Pasties                    |                                        98.4000 |
|   10825 | Perth Pasties                    |                                       656.0000 |
|   10833 | Perth Pasties                    |                                       295.2000 |
|   10867 | Perth Pasties                    |                                        98.4000 |
|   10933 | Perth Pasties                    |                                        65.6000 |
|   10962 | Perth Pasties                    |                                       656.0000 |
|   11033 | Perth Pasties                    |                                      2296.0000 |
|   11062 | Perth Pasties                    |                                       328.0000 |
|   11064 | Perth Pasties                    |                                       820.0000 |
|   10254 | Pt chinois                       |                                       403.2000 |
|   10280 | Pt chinois                       |                                       384.0000 |
|   10342 | Pt chinois                       |                                       768.0000 |
|   10356 | Pt chinois                       |                                       230.4000 |
|   10389 | Pt chinois                       |                                       288.0000 |
|   10398 | Pt chinois                       |                                      2304.0000 |
|   10425 | Pt chinois                       |                                       192.0000 |
|   10451 | Pt chinois                       |                                      2304.0000 |
|   10461 | Pt chinois                       |                                      1152.0000 |
|   10476 | Pt chinois                       |                                        38.4000 |
|   10485 | Pt chinois                       |                                       576.0000 |
|   10529 | Pt chinois                       |                                       336.0000 |
|   10559 | Pt chinois                       |                                       432.0000 |
|   10564 | Pt chinois                       |                                       600.0000 |
|   10606 | Pt chinois                       |                                       480.0000 |
|   10615 | Pt chinois                       |                                       120.0000 |
|   10630 | Pt chinois                       |                                       288.0000 |
|   10668 | Pt chinois                       |                                        96.0000 |
|   10707 | Pt chinois                       |                                       504.0000 |
|   10725 | Pt chinois                       |                                       144.0000 |
|   10728 | Pt chinois                       |                                       288.0000 |
|   10802 | Pt chinois                       |                                      1440.0000 |
|   10872 | Pt chinois                       |                                       240.0000 |
|   10902 | Pt chinois                       |                                       720.0000 |
|   10930 | Pt chinois                       |                                       600.0000 |
|   10948 | Pt chinois                       |                                        96.0000 |
|   10990 | Pt chinois                       |                                      1560.0000 |
|   11001 | Pt chinois                       |                                       144.0000 |
|   11002 | Pt chinois                       |                                       960.0000 |
|   11028 | Pt chinois                       |                                       840.0000 |
|   11056 | Pt chinois                       |                                       840.0000 |
|   11064 | Pt chinois                       |                                        96.0000 |
|   11077 | Pt chinois                       |                                        48.0000 |
|   10248 | Queso Cabrales                   |                                       168.0000 |
|   10296 | Queso Cabrales                   |                                       201.6000 |
|   10327 | Queso Cabrales                   |                                       840.0000 |
|   10353 | Queso Cabrales                   |                                       201.6000 |
|   10365 | Queso Cabrales                   |                                       403.2000 |
|   10407 | Queso Cabrales                   |                                       504.0000 |
|   10434 | Queso Cabrales                   |                                       100.8000 |
|   10442 | Queso Cabrales                   |                                       504.0000 |
|   10443 | Queso Cabrales                   |                                       100.8000 |
|   10466 | Queso Cabrales                   |                                       168.0000 |
|   10486 | Queso Cabrales                   |                                        84.0000 |
|   10489 | Queso Cabrales                   |                                       252.0000 |
|   10528 | Queso Cabrales                   |                                        63.0000 |
|   10535 | Queso Cabrales                   |                                      1050.0000 |
|   10542 | Queso Cabrales                   |                                       315.0000 |
|   10545 | Queso Cabrales                   |                                       210.0000 |
|   10553 | Queso Cabrales                   |                                       315.0000 |
|   10566 | Queso Cabrales                   |                                       735.0000 |
|   10570 | Queso Cabrales                   |                                       315.0000 |
|   10614 | Queso Cabrales                   |                                       294.0000 |
|   10637 | Queso Cabrales                   |                                       210.0000 |
|   10698 | Queso Cabrales                   |                                       315.0000 |
|   10726 | Queso Cabrales                   |                                       105.0000 |
|   10770 | Queso Cabrales                   |                                       315.0000 |
|   10797 | Queso Cabrales                   |                                       420.0000 |
|   10800 | Queso Cabrales                   |                                      1050.0000 |
|   10823 | Queso Cabrales                   |                                       420.0000 |
|   10842 | Queso Cabrales                   |                                       315.0000 |
|   10862 | Queso Cabrales                   |                                       525.0000 |
|   10869 | Queso Cabrales                   |                                       210.0000 |
|   10889 | Queso Cabrales                   |                                       840.0000 |
|   10912 | Queso Cabrales                   |                                       840.0000 |
|   10926 | Queso Cabrales                   |                                        42.0000 |
|   10944 | Queso Cabrales                   |                                       105.0000 |
|   10986 | Queso Cabrales                   |                                       630.0000 |
|   10989 | Queso Cabrales                   |                                       315.0000 |
|   11043 | Queso Cabrales                   |                                       210.0000 |
|   11073 | Queso Cabrales                   |                                       210.0000 |
|   10266 | Queso Manchego La Pastora        |                                       364.8000 |
|   10439 | Queso Manchego La Pastora        |                                       456.0000 |
|   10536 | Queso Manchego La Pastora        |                                       570.0000 |
|   10543 | Queso Manchego La Pastora        |                                      1140.0000 |
|   10633 | Queso Manchego La Pastora        |                                      1368.0000 |
|   10678 | Queso Manchego La Pastora        |                                      3800.0000 |
|   10695 | Queso Manchego La Pastora        |                                       152.0000 |
|   10718 | Queso Manchego La Pastora        |                                      1368.0000 |
|   10968 | Queso Manchego La Pastora        |                                      1140.0000 |
|   10979 | Queso Manchego La Pastora        |                                       760.0000 |
|   11018 | Queso Manchego La Pastora        |                                       760.0000 |
|   11046 | Queso Manchego La Pastora        |                                       760.0000 |
|   11049 | Queso Manchego La Pastora        |                                       152.0000 |
|   11077 | Queso Manchego La Pastora        |                                        76.0000 |
|   10255 | Raclette Courdavault             |                                      1320.0000 |
|   10267 | Raclette Courdavault             |                                      3080.0000 |
|   10275 | Raclette Courdavault             |                                       264.0000 |
|   10278 | Raclette Courdavault             |                                       660.0000 |
|   10298 | Raclette Courdavault             |                                      1320.0000 |
|   10304 | Raclette Courdavault             |                                       440.0000 |
|   10324 | Raclette Courdavault             |                                      1760.0000 |
|   10328 | Raclette Courdavault             |                                       396.0000 |
|   10341 | Raclette Courdavault             |                                       396.0000 |
|   10387 | Raclette Courdavault             |                                       528.0000 |
|   10410 | Raclette Courdavault             |                                       704.0000 |
|   10411 | Raclette Courdavault             |                                       396.0000 |
|   10423 | Raclette Courdavault             |                                       880.0000 |
|   10430 | Raclette Courdavault             |                                      3080.0000 |
|   10457 | Raclette Courdavault             |                                      1584.0000 |
|   10479 | Raclette Courdavault             |                                      2640.0000 |
|   10480 | Raclette Courdavault             |                                       528.0000 |
|   10488 | Raclette Courdavault             |                                      1320.0000 |
|   10490 | Raclette Courdavault             |                                      2640.0000 |
|   10517 | Raclette Courdavault             |                                       220.0000 |
|   10531 | Raclette Courdavault             |                                       110.0000 |
|   10535 | Raclette Courdavault             |                                       825.0000 |
|   10567 | Raclette Courdavault             |                                      2200.0000 |
|   10575 | Raclette Courdavault             |                                       660.0000 |
|   10601 | Raclette Courdavault             |                                      1925.0000 |
|   10605 | Raclette Courdavault             |                                      1100.0000 |
|   10617 | Raclette Courdavault             |                                      1650.0000 |
|   10665 | Raclette Courdavault             |                                        55.0000 |
|   10679 | Raclette Courdavault             |                                       660.0000 |
|   10694 | Raclette Courdavault             |                                      1375.0000 |
|   10701 | Raclette Courdavault             |                                      2310.0000 |
|   10703 | Raclette Courdavault             |                                      1925.0000 |
|   10706 | Raclette Courdavault             |                                       440.0000 |
|   10727 | Raclette Courdavault             |                                       550.0000 |
|   10745 | Raclette Courdavault             |                                      2475.0000 |
|   10749 | Raclette Courdavault             |                                       330.0000 |
|   10750 | Raclette Courdavault             |                                      1375.0000 |
|   10757 | Raclette Courdavault             |                                       385.0000 |
|   10772 | Raclette Courdavault             |                                      1375.0000 |
|   10799 | Raclette Courdavault             |                                      1375.0000 |
|   10803 | Raclette Courdavault             |                                       825.0000 |
|   10823 | Raclette Courdavault             |                                      2200.0000 |
|   10835 | Raclette Courdavault             |                                       825.0000 |
|   10841 | Raclette Courdavault             |                                      2750.0000 |
|   10851 | Raclette Courdavault             |                                      2310.0000 |
|   10892 | Raclette Courdavault             |                                      2200.0000 |
|   10947 | Raclette Courdavault             |                                       220.0000 |
|   10994 | Raclette Courdavault             |                                       990.0000 |
|   11005 | Raclette Courdavault             |                                       550.0000 |
|   11017 | Raclette Courdavault             |                                      6050.0000 |
|   11028 | Raclette Courdavault             |                                      1320.0000 |
|   11030 | Raclette Courdavault             |                                      5500.0000 |
|   11032 | Raclette Courdavault             |                                      1650.0000 |
|   11036 | Raclette Courdavault             |                                      1650.0000 |
|   10251 | Ravioli Angelo                   |                                       234.0000 |
|   10260 | Ravioli Angelo                   |                                       780.0000 |
|   10282 | Ravioli Angelo                   |                                        31.2000 |
|   10326 | Ravioli Angelo                   |                                       249.6000 |
|   10355 | Ravioli Angelo                   |                                       390.0000 |
|   10368 | Ravioli Angelo                   |                                       390.0000 |
|   10416 | Ravioli Angelo                   |                                       312.0000 |
|   10438 | Ravioli Angelo                   |                                       234.0000 |
|   10535 | Ravioli Angelo                   |                                        97.5000 |
|   10578 | Ravioli Angelo                   |                                       117.0000 |
|   10582 | Ravioli Angelo                   |                                        78.0000 |
|   10597 | Ravioli Angelo                   |                                       390.0000 |
|   10707 | Ravioli Angelo                   |                                       780.0000 |
|   10755 | Ravioli Angelo                   |                                       273.0000 |
|   10823 | Ravioli Angelo                   |                                       292.5000 |
|   10826 | Ravioli Angelo                   |                                       292.5000 |
|   10836 | Ravioli Angelo                   |                                       468.0000 |
|   10851 | Ravioli Angelo                   |                                       195.0000 |
|   10916 | Ravioli Angelo                   |                                       390.0000 |
|   10931 | Ravioli Angelo                   |                                       585.0000 |
|   10983 | Ravioli Angelo                   |                                       292.5000 |
|   11039 | Ravioli Angelo                   |                                       546.0000 |
|   11055 | Ravioli Angelo                   |                                       390.0000 |
|   10278 | Rd Kaviar                        |                                       300.0000 |
|   10420 | Rd Kaviar                        |                                       240.0000 |
|   10488 | Rd Kaviar                        |                                       240.0000 |
|   10533 | Rd Kaviar                        |                                       360.0000 |
|   10537 | Rd Kaviar                        |                                       135.0000 |
|   10558 | Rd Kaviar                        |                                        45.0000 |
|   10600 | Rd Kaviar                        |                                       450.0000 |
|   10627 | Rd Kaviar                        |                                       525.0000 |
|   10670 | Rd Kaviar                        |                                       750.0000 |
|   10693 | Rd Kaviar                        |                                       225.0000 |
|   10703 | Rd Kaviar                        |                                       525.0000 |
|   10751 | Rd Kaviar                        |                                       225.0000 |
|   10881 | Rd Kaviar                        |                                       150.0000 |
|   11077 | Rd Kaviar                        |                                        30.0000 |
|   10280 | Rhnbru Klosterbier               |                                       186.0000 |
|   10293 | Rhnbru Klosterbier               |                                        37.2000 |
|   10294 | Rhnbru Klosterbier               |                                        37.2000 |
|   10312 | Rhnbru Klosterbier               |                                        62.0000 |
|   10326 | Rhnbru Klosterbier               |                                       310.0000 |
|   10347 | Rhnbru Klosterbier               |                                        37.2000 |
|   10363 | Rhnbru Klosterbier               |                                        74.4000 |
|   10436 | Rhnbru Klosterbier               |                                       148.8000 |
|   10460 | Rhnbru Klosterbier               |                                        24.8000 |
|   10474 | Rhnbru Klosterbier               |                                        62.0000 |
|   10490 | Rhnbru Klosterbier               |                                       223.2000 |
|   10510 | Rhnbru Klosterbier               |                                       279.0000 |
|   10514 | Rhnbru Klosterbier               |                                       387.5000 |
|   10552 | Rhnbru Klosterbier               |                                       232.5000 |
|   10557 | Rhnbru Klosterbier               |                                       155.0000 |
|   10572 | Rhnbru Klosterbier               |                                       116.2500 |
|   10577 | Rhnbru Klosterbier               |                                       155.0000 |
|   10579 | Rhnbru Klosterbier               |                                       162.7500 |
|   10581 | Rhnbru Klosterbier               |                                       387.5000 |
|   10596 | Rhnbru Klosterbier               |                                       232.5000 |
|   10613 | Rhnbru Klosterbier               |                                       310.0000 |
|   10631 | Rhnbru Klosterbier               |                                        62.0000 |
|   10634 | Rhnbru Klosterbier               |                                        15.5000 |
|   10670 | Rhnbru Klosterbier               |                                       193.7500 |
|   10682 | Rhnbru Klosterbier               |                                       232.5000 |
|   10722 | Rhnbru Klosterbier               |                                       325.5000 |
|   10736 | Rhnbru Klosterbier               |                                       155.0000 |
|   10761 | Rhnbru Klosterbier               |                                       139.5000 |
|   10773 | Rhnbru Klosterbier               |                                        54.2500 |
|   10785 | Rhnbru Klosterbier               |                                        77.5000 |
|   10786 | Rhnbru Klosterbier               |                                       325.5000 |
|   10788 | Rhnbru Klosterbier               |                                       310.0000 |
|   10819 | Rhnbru Klosterbier               |                                       155.0000 |
|   10894 | Rhnbru Klosterbier               |                                       930.0000 |
|   10907 | Rhnbru Klosterbier               |                                       108.5000 |
|   10924 | Rhnbru Klosterbier               |                                        46.5000 |
|   10929 | Rhnbru Klosterbier               |                                       379.7500 |
|   10932 | Rhnbru Klosterbier               |                                       155.0000 |
|   10951 | Rhnbru Klosterbier               |                                       387.5000 |
|   10955 | Rhnbru Klosterbier               |                                        93.0000 |
|   10959 | Rhnbru Klosterbier               |                                       155.0000 |
|   10973 | Rhnbru Klosterbier               |                                        77.5000 |
|   10975 | Rhnbru Klosterbier               |                                        77.5000 |
|   10980 | Rhnbru Klosterbier               |                                       310.0000 |
|   10998 | Rhnbru Klosterbier               |                                       232.5000 |
|   11077 | Rhnbru Klosterbier               |                                        31.0000 |
|   10388 | Rogede sild                      |                                       114.0000 |
|   10465 | Rogede sild                      |                                       228.0000 |
|   10502 | Rogede sild                      |                                       199.5000 |
|   10549 | Rogede sild                      |                                       950.0000 |
|   10638 | Rogede sild                      |                                       190.0000 |
|   10713 | Rogede sild                      |                                      1045.0000 |
|   10740 | Rogede sild                      |                                       380.0000 |
|   10750 | Rogede sild                      |                                       380.0000 |
|   10753 | Rogede sild                      |                                        38.0000 |
|   10776 | Rogede sild                      |                                       256.5000 |
|   10847 | Rogede sild                      |                                       342.0000 |
|   10896 | Rogede sild                      |                                       142.5000 |
|   10954 | Rogede sild                      |                                       285.0000 |
|   11013 | Rogede sild                      |                                       190.0000 |
|   10277 | Rssle Sauerkraut                 |                                       728.0000 |
|   10302 | Rssle Sauerkraut                 |                                      1019.2000 |
|   10312 | Rssle Sauerkraut                 |                                       145.6000 |
|   10319 | Rssle Sauerkraut                 |                                       509.6000 |
|   10360 | Rssle Sauerkraut                 |                                      1092.0000 |
|   10368 | Rssle Sauerkraut                 |                                       473.2000 |
|   10377 | Rssle Sauerkraut                 |                                       728.0000 |
|   10387 | Rssle Sauerkraut                 |                                       218.4000 |
|   10406 | Rssle Sauerkraut                 |                                      1528.8000 |
|   10443 | Rssle Sauerkraut                 |                                       436.8000 |
|   10452 | Rssle Sauerkraut                 |                                       546.0000 |
|   10458 | Rssle Sauerkraut                 |                                      1092.0000 |
|   10474 | Rssle Sauerkraut                 |                                       655.2000 |
|   10499 | Rssle Sauerkraut                 |                                       912.0000 |
|   10500 | Rssle Sauerkraut                 |                                       364.8000 |
|   10509 | Rssle Sauerkraut                 |                                       136.8000 |
|   10514 | Rssle Sauerkraut                 |                                      1596.0000 |
|   10544 | Rssle Sauerkraut                 |                                       319.2000 |
|   10624 | Rssle Sauerkraut                 |                                       456.0000 |
|   10643 | Rssle Sauerkraut                 |                                       684.0000 |
|   10649 | Rssle Sauerkraut                 |                                       912.0000 |
|   10688 | Rssle Sauerkraut                 |                                      2736.0000 |
|   10733 | Rssle Sauerkraut                 |                                       912.0000 |
|   10740 | Rssle Sauerkraut                 |                                       228.0000 |
|   10804 | Rssle Sauerkraut                 |                                      1094.4000 |
|   10873 | Rssle Sauerkraut                 |                                       136.8000 |
|   10924 | Rssle Sauerkraut                 |                                      1368.0000 |
|   10937 | Rssle Sauerkraut                 |                                       364.8000 |
|   10952 | Rssle Sauerkraut                 |                                        91.2000 |
|   10976 | Rssle Sauerkraut                 |                                       912.0000 |
|   11008 | Rssle Sauerkraut                 |                                      3192.0000 |
|   11039 | Rssle Sauerkraut                 |                                       912.0000 |
|   11068 | Rssle Sauerkraut                 |                                       364.8000 |
|   10287 | Sasquatch Ale                    |                                       224.0000 |
|   10315 | Sasquatch Ale                    |                                       156.8000 |
|   10358 | Sasquatch Ale                    |                                       112.0000 |
|   10367 | Sasquatch Ale                    |                                       403.2000 |
|   10386 | Sasquatch Ale                    |                                       112.0000 |
|   10438 | Sasquatch Ale                    |                                       224.0000 |
|   10483 | Sasquatch Ale                    |                                       392.0000 |
|   10548 | Sasquatch Ale                    |                                       140.0000 |
|   10573 | Sasquatch Ale                    |                                       560.0000 |
|   10688 | Sasquatch Ale                    |                                       196.0000 |
|   10700 | Sasquatch Ale                    |                                       168.0000 |
|   10757 | Sasquatch Ale                    |                                       420.0000 |
|   10805 | Sasquatch Ale                    |                                       140.0000 |
|   10890 | Sasquatch Ale                    |                                       140.0000 |
|   10937 | Sasquatch Ale                    |                                       280.0000 |
|   10990 | Sasquatch Ale                    |                                       840.0000 |
|   11008 | Sasquatch Ale                    |                                      1260.0000 |
|   11063 | Sasquatch Ale                    |                                       420.0000 |
|   11066 | Sasquatch Ale                    |                                       490.0000 |
|   10257 | Schoggi Schokolade               |                                       877.5000 |
|   10284 | Schoggi Schokolade               |                                       526.5000 |
|   10441 | Schoggi Schokolade               |                                      1755.0000 |
|   10515 | Schoggi Schokolade               |                                      5268.0000 |
|   10598 | Schoggi Schokolade               |                                      2195.0000 |
|   10760 | Schoggi Schokolade               |                                      1756.0000 |
|   10858 | Schoggi Schokolade               |                                       439.0000 |
|   10930 | Schoggi Schokolade               |                                      1097.5000 |
|   10979 | Schoggi Schokolade               |                                      1317.0000 |
|   10288 | Scottish Longbreads              |                                        30.0000 |
|   10300 | Scottish Longbreads              |                                       200.0000 |
|   10303 | Scottish Longbreads              |                                       150.0000 |
|   10307 | Scottish Longbreads              |                                        30.0000 |
|   10328 | Scottish Longbreads              |                                       100.0000 |
|   10334 | Scottish Longbreads              |                                       100.0000 |
|   10343 | Scottish Longbreads              |                                        40.0000 |
|   10385 | Scottish Longbreads              |                                        80.0000 |
|   10399 | Scottish Longbreads              |                                       600.0000 |
|   10417 | Scottish Longbreads              |                                       360.0000 |
|   10424 | Scottish Longbreads              |                                       300.0000 |
|   10460 | Scottish Longbreads              |                                       210.0000 |
|   10490 | Scottish Longbreads              |                                       300.0000 |
|   10521 | Scottish Longbreads              |                                        75.0000 |
|   10529 | Scottish Longbreads              |                                       250.0000 |
|   10540 | Scottish Longbreads              |                                       437.5000 |
|   10618 | Scottish Longbreads              |                                       187.5000 |
|   10622 | Scottish Longbreads              |                                       225.0000 |
|   10662 | Scottish Longbreads              |                                       125.0000 |
|   10700 | Scottish Longbreads              |                                       500.0000 |
|   10722 | Scottish Longbreads              |                                       562.5000 |
|   10756 | Scottish Longbreads              |                                        75.0000 |
|   10766 | Scottish Longbreads              |                                       500.0000 |
|   10789 | Scottish Longbreads              |                                       225.0000 |
|   10792 | Scottish Longbreads              |                                       187.5000 |
|   10830 | Scottish Longbreads              |                                       300.0000 |
|   10842 | Scottish Longbreads              |                                       250.0000 |
|   10869 | Scottish Longbreads              |                                       250.0000 |
|   10888 | Scottish Longbreads              |                                       225.0000 |
|   10903 | Scottish Longbreads              |                                       250.0000 |
|   10941 | Scottish Longbreads              |                                      1000.0000 |
|   11013 | Scottish Longbreads              |                                        25.0000 |
|   11048 | Scottish Longbreads              |                                       525.0000 |
|   11064 | Scottish Longbreads              |                                       687.5000 |
|   10248 | Singaporean Hokkien Fried Mee    |                                        98.0000 |
|   10309 | Singaporean Hokkien Fried Mee    |                                        22.4000 |
|   10311 | Singaporean Hokkien Fried Mee    |                                        67.2000 |
|   10332 | Singaporean Hokkien Fried Mee    |                                       112.0000 |
|   10345 | Singaporean Hokkien Fried Mee    |                                       100.8000 |
|   10404 | Singaporean Hokkien Fried Mee    |                                       448.0000 |
|   10463 | Singaporean Hokkien Fried Mee    |                                       560.0000 |
|   10492 | Singaporean Hokkien Fried Mee    |                                       224.0000 |
|   10498 | Singaporean Hokkien Fried Mee    |                                       420.0000 |
|   10516 | Singaporean Hokkien Fried Mee    |                                       280.0000 |
|   10571 | Singaporean Hokkien Fried Mee    |                                       392.0000 |
|   10588 | Singaporean Hokkien Fried Mee    |                                      1400.0000 |
|   10625 | Singaporean Hokkien Fried Mee    |                                        70.0000 |
|   10652 | Singaporean Hokkien Fried Mee    |                                       280.0000 |
|   10663 | Singaporean Hokkien Fried Mee    |                                       420.0000 |
|   10673 | Singaporean Hokkien Fried Mee    |                                        84.0000 |
|   10680 | Singaporean Hokkien Fried Mee    |                                       560.0000 |
|   10746 | Singaporean Hokkien Fried Mee    |                                       392.0000 |
|   10767 | Singaporean Hokkien Fried Mee    |                                        28.0000 |
|   10776 | Singaporean Hokkien Fried Mee    |                                       168.0000 |
|   10777 | Singaporean Hokkien Fried Mee    |                                       280.0000 |
|   10845 | Singaporean Hokkien Fried Mee    |                                       588.0000 |
|   10856 | Singaporean Hokkien Fried Mee    |                                       280.0000 |
|   10882 | Singaporean Hokkien Fried Mee    |                                       350.0000 |
|   10923 | Singaporean Hokkien Fried Mee    |                                       140.0000 |
|   10996 | Singaporean Hokkien Fried Mee    |                                       560.0000 |
|   11002 | Singaporean Hokkien Fried Mee    |                                       336.0000 |
|   11007 | Singaporean Hokkien Fried Mee    |                                       196.0000 |
|   11013 | Singaporean Hokkien Fried Mee    |                                        56.0000 |
|   11035 | Singaporean Hokkien Fried Mee    |                                       420.0000 |
|   10252 | Sir Rodney's Marmalade           |                                      2592.0000 |
|   10272 | Sir Rodney's Marmalade           |                                       388.8000 |
|   10292 | Sir Rodney's Marmalade           |                                      1296.0000 |
|   10372 | Sir Rodney's Marmalade           |                                       777.6000 |
|   10384 | Sir Rodney's Marmalade           |                                      1814.4000 |
|   10514 | Sir Rodney's Marmalade           |                                      3159.0000 |
|   10523 | Sir Rodney's Marmalade           |                                      1215.0000 |
|   10593 | Sir Rodney's Marmalade           |                                      1701.0000 |
|   10660 | Sir Rodney's Marmalade           |                                      1701.0000 |
|   10828 | Sir Rodney's Marmalade           |                                       405.0000 |
|   10878 | Sir Rodney's Marmalade           |                                      1620.0000 |
|   10927 | Sir Rodney's Marmalade           |                                       405.0000 |
|   10953 | Sir Rodney's Marmalade           |                                      4050.0000 |
|   10986 | Sir Rodney's Marmalade           |                                      1215.0000 |
|   11021 | Sir Rodney's Marmalade           |                                      1215.0000 |
|   11077 | Sir Rodney's Marmalade           |                                        81.0000 |
|   10259 | Sir Rodney's Scones              |                                        80.0000 |
|   10261 | Sir Rodney's Scones              |                                       160.0000 |
|   10333 | Sir Rodney's Scones              |                                        80.0000 |
|   10368 | Sir Rodney's Scones              |                                        40.0000 |
|   10397 | Sir Rodney's Scones              |                                        80.0000 |
|   10406 | Sir Rodney's Scones              |                                       240.0000 |
|   10409 | Sir Rodney's Scones              |                                        96.0000 |
|   10430 | Sir Rodney's Scones              |                                       400.0000 |
|   10456 | Sir Rodney's Scones              |                                       320.0000 |
|   10461 | Sir Rodney's Scones              |                                       320.0000 |
|   10477 | Sir Rodney's Scones              |                                       168.0000 |
|   10484 | Sir Rodney's Scones              |                                       112.0000 |
|   10504 | Sir Rodney's Scones              |                                       120.0000 |
|   10513 | Sir Rodney's Scones              |                                       400.0000 |
|   10539 | Sir Rodney's Scones              |                                       150.0000 |
|   10550 | Sir Rodney's Scones              |                                        60.0000 |
|   10609 | Sir Rodney's Scones              |                                        60.0000 |
|   10614 | Sir Rodney's Scones              |                                        80.0000 |
|   10619 | Sir Rodney's Scones              |                                       420.0000 |
|   10623 | Sir Rodney's Scones              |                                       250.0000 |
|   10642 | Sir Rodney's Scones              |                                       300.0000 |
|   10658 | Sir Rodney's Scones              |                                       600.0000 |
|   10681 | Sir Rodney's Scones              |                                       120.0000 |
|   10716 | Sir Rodney's Scones              |                                        50.0000 |
|   10717 | Sir Rodney's Scones              |                                       320.0000 |
|   10729 | Sir Rodney's Scones              |                                       300.0000 |
|   10731 | Sir Rodney's Scones              |                                       400.0000 |
|   10763 | Sir Rodney's Scones              |                                       400.0000 |
|   10861 | Sir Rodney's Scones              |                                       400.0000 |
|   10873 | Sir Rodney's Scones              |                                       200.0000 |
|   10884 | Sir Rodney's Scones              |                                       400.0000 |
|   10929 | Sir Rodney's Scones              |                                       600.0000 |
|   10930 | Sir Rodney's Scones              |                                       360.0000 |
|   10956 | Sir Rodney's Scones              |                                       120.0000 |
|   10978 | Sir Rodney's Scones              |                                       400.0000 |
|   10990 | Sir Rodney's Scones              |                                       650.0000 |
|   11034 | Sir Rodney's Scones              |                                       150.0000 |
|   11040 | Sir Rodney's Scones              |                                       200.0000 |
|   11058 | Sir Rodney's Scones              |                                        30.0000 |
|   10418 | Sirop d'rable                    |                                       364.8000 |
|   10440 | Sirop d'rable                    |                                      2052.0000 |
|   10455 | Sirop d'rable                    |                                       570.0000 |
|   10504 | Sirop d'rable                    |                                       712.5000 |
|   10513 | Sirop d'rable                    |                                       427.5000 |
|   10530 | Sirop d'rable                    |                                       570.0000 |
|   10550 | Sirop d'rable                    |                                       285.0000 |
|   10595 | Sirop d'rable                    |                                      3420.0000 |
|   10642 | Sirop d'rable                    |                                       570.0000 |
|   10716 | Sirop d'rable                    |                                       285.0000 |
|   10724 | Sirop d'rable                    |                                       142.5000 |
|   10735 | Sirop d'rable                    |                                       570.0000 |
|   10769 | Sirop d'rable                    |                                       570.0000 |
|   10814 | Sirop d'rable                    |                                       855.0000 |
|   10880 | Sirop d'rable                    |                                       855.0000 |
|   10906 | Sirop d'rable                    |                                       427.5000 |
|   10910 | Sirop d'rable                    |                                       142.5000 |
|   10933 | Sirop d'rable                    |                                       855.0000 |
|   10990 | Sirop d'rable                    |                                      1881.0000 |
|   10998 | Sirop d'rable                    |                                       199.5000 |
|   11034 | Sirop d'rable                    |                                       171.0000 |
|   11042 | Sirop d'rable                    |                                       114.0000 |
|   11052 | Sirop d'rable                    |                                       285.0000 |
|   11058 | Sirop d'rable                    |                                       114.0000 |
|   10287 | Spegesild                        |                                       144.0000 |
|   10324 | Spegesild                        |                                       288.0000 |
|   10390 | Spegesild                        |                                       432.0000 |
|   10395 | Spegesild                        |                                       268.8000 |
|   10417 | Spegesild                        |                                        19.2000 |
|   10428 | Spegesild                        |                                       192.0000 |
|   10436 | Spegesild                        |                                        48.0000 |
|   10454 | Spegesild                        |                                        96.0000 |
|   10459 | Spegesild                        |                                       192.0000 |
|   10466 | Spegesild                        |                                        48.0000 |
|   10512 | Spegesild                        |                                       108.0000 |
|   10643 | Spegesild                        |                                        24.0000 |
|   10644 | Spegesild                        |                                       252.0000 |
|   10657 | Spegesild                        |                                       540.0000 |
|   10670 | Spegesild                        |                                       720.0000 |
|   10696 | Spegesild                        |                                       216.0000 |
|   10713 | Spegesild                        |                                       288.0000 |
|   10743 | Spegesild                        |                                       336.0000 |
|   10813 | Spegesild                        |                                       420.0000 |
|   10876 | Spegesild                        |                                       252.0000 |
|   10943 | Spegesild                        |                                       180.0000 |
|   10969 | Spegesild                        |                                       108.0000 |
|   10997 | Spegesild                        |                                       240.0000 |
|   11001 | Spegesild                        |                                       300.0000 |
|   11019 | Spegesild                        |                                        36.0000 |
|   11075 | Spegesild                        |                                       360.0000 |
|   11077 | Spegesild                        |                                        36.0000 |
|   10261 | Steeleye Stout                   |                                       288.0000 |
|   10281 | Steeleye Stout                   |                                        57.6000 |
|   10286 | Steeleye Stout                   |                                      1440.0000 |
|   10321 | Steeleye Stout                   |                                       144.0000 |
|   10324 | Steeleye Stout                   |                                      1008.0000 |
|   10390 | Steeleye Stout                   |                                       576.0000 |
|   10398 | Steeleye Stout                   |                                       432.0000 |
|   10400 | Steeleye Stout                   |                                       504.0000 |
|   10424 | Steeleye Stout                   |                                       864.0000 |
|   10444 | Steeleye Stout                   |                                       115.2000 |
|   10521 | Steeleye Stout                   |                                        54.0000 |
|   10546 | Steeleye Stout                   |                                       540.0000 |
|   10551 | Steeleye Stout                   |                                       360.0000 |
|   10553 | Steeleye Stout                   |                                       108.0000 |
|   10578 | Steeleye Stout                   |                                       360.0000 |
|   10587 | Steeleye Stout                   |                                       360.0000 |
|   10589 | Steeleye Stout                   |                                        72.0000 |
|   10595 | Steeleye Stout                   |                                       540.0000 |
|   10623 | Steeleye Stout                   |                                       540.0000 |
|   10697 | Steeleye Stout                   |                                       162.0000 |
|   10720 | Steeleye Stout                   |                                       378.0000 |
|   10740 | Steeleye Stout                   |                                       630.0000 |
|   10789 | Steeleye Stout                   |                                       270.0000 |
|   10821 | Steeleye Stout                   |                                       360.0000 |
|   10831 | Steeleye Stout                   |                                       144.0000 |
|   10836 | Steeleye Stout                   |                                       108.0000 |
|   10845 | Steeleye Stout                   |                                       450.0000 |
|   10864 | Steeleye Stout                   |                                        72.0000 |
|   10868 | Steeleye Stout                   |                                       540.0000 |
|   10870 | Steeleye Stout                   |                                        54.0000 |
|   10921 | Steeleye Stout                   |                                       180.0000 |
|   10957 | Steeleye Stout                   |                                       720.0000 |
|   11002 | Steeleye Stout                   |                                       270.0000 |
|   11035 | Steeleye Stout                   |                                      1080.0000 |
|   11039 | Steeleye Stout                   |                                       432.0000 |
|   11046 | Steeleye Stout                   |                                       324.0000 |
|   10260 | Tarte au sucre                   |                                       591.0000 |
|   10277 | Tarte au sucre                   |                                       472.8000 |
|   10286 | Tarte au sucre                   |                                      1576.0000 |
|   10298 | Tarte au sucre                   |                                       591.0000 |
|   10307 | Tarte au sucre                   |                                       394.0000 |
|   10310 | Tarte au sucre                   |                                       197.0000 |
|   10314 | Tarte au sucre                   |                                       985.0000 |
|   10316 | Tarte au sucre                   |                                      2758.0000 |
|   10339 | Tarte au sucre                   |                                      1103.2000 |
|   10389 | Tarte au sucre                   |                                       788.0000 |
|   10394 | Tarte au sucre                   |                                       394.0000 |
|   10408 | Tarte au sucre                   |                                      1379.0000 |
|   10413 | Tarte au sucre                   |                                      1576.0000 |
|   10449 | Tarte au sucre                   |                                      1379.0000 |
|   10505 | Tarte au sucre                   |                                       147.9000 |
|   10546 | Tarte au sucre                   |                                      1972.0000 |
|   10554 | Tarte au sucre                   |                                       986.0000 |
|   10560 | Tarte au sucre                   |                                       739.5000 |
|   10562 | Tarte au sucre                   |                                       493.0000 |
|   10574 | Tarte au sucre                   |                                       493.0000 |
|   10599 | Tarte au sucre                   |                                       493.0000 |
|   10606 | Tarte au sucre                   |                                       493.0000 |
|   10627 | Tarte au sucre                   |                                       739.5000 |
|   10633 | Tarte au sucre                   |                                      3944.0000 |
|   10671 | Tarte au sucre                   |                                       493.0000 |
|   10691 | Tarte au sucre                   |                                      2366.4000 |
|   10718 | Tarte au sucre                   |                                       986.0000 |
|   10746 | Tarte au sucre                   |                                       443.7000 |
|   10757 | Tarte au sucre                   |                                      1479.0000 |
|   10769 | Tarte au sucre                   |                                       739.5000 |
|   10779 | Tarte au sucre                   |                                       986.0000 |
|   10798 | Tarte au sucre                   |                                        98.6000 |
|   10802 | Tarte au sucre                   |                                       246.5000 |
|   10816 | Tarte au sucre                   |                                       986.0000 |
|   10817 | Tarte au sucre                   |                                      1232.5000 |
|   10822 | Tarte au sucre                   |                                       147.9000 |
|   10852 | Tarte au sucre                   |                                      2465.0000 |
|   10861 | Tarte au sucre                   |                                       147.9000 |
|   10872 | Tarte au sucre                   |                                       986.0000 |
|   10902 | Tarte au sucre                   |                                       295.8000 |
|   10904 | Tarte au sucre                   |                                      1725.5000 |
|   10932 | Tarte au sucre                   |                                       690.2000 |
|   10941 | Tarte au sucre                   |                                      1479.0000 |
|   10949 | Tarte au sucre                   |                                      2958.0000 |
|   10966 | Tarte au sucre                   |                                       591.6000 |
|   10988 | Tarte au sucre                   |                                      1972.0000 |
|   11027 | Tarte au sucre                   |                                      1035.3000 |
|   11044 | Tarte au sucre                   |                                       591.6000 |
|   10281 | Teatime Chocolate Biscuits       |                                         7.3000 |
|   10283 | Teatime Chocolate Biscuits       |                                       131.4000 |
|   10299 | Teatime Chocolate Biscuits       |                                       109.5000 |
|   10329 | Teatime Chocolate Biscuits       |                                        73.0000 |
|   10345 | Teatime Chocolate Biscuits       |                                       584.0000 |
|   10414 | Teatime Chocolate Biscuits       |                                       131.4000 |
|   10416 | Teatime Chocolate Biscuits       |                                       146.0000 |
|   10421 | Teatime Chocolate Biscuits       |                                        29.2000 |
|   10438 | Teatime Chocolate Biscuits       |                                       109.5000 |
|   10446 | Teatime Chocolate Biscuits       |                                        87.6000 |
|   10447 | Teatime Chocolate Biscuits       |                                       292.0000 |
|   10463 | Teatime Chocolate Biscuits       |                                       153.3000 |
|   10487 | Teatime Chocolate Biscuits       |                                        36.5000 |
|   10550 | Teatime Chocolate Biscuits       |                                        92.0000 |
|   10555 | Teatime Chocolate Biscuits       |                                       322.0000 |
|   10621 | Teatime Chocolate Biscuits       |                                        46.0000 |
|   10623 | Teatime Chocolate Biscuits       |                                       138.0000 |
|   10647 | Teatime Chocolate Biscuits       |                                       276.0000 |
|   10651 | Teatime Chocolate Biscuits       |                                       110.4000 |
|   10676 | Teatime Chocolate Biscuits       |                                        64.4000 |
|   10681 | Teatime Chocolate Biscuits       |                                       276.0000 |
|   10697 | Teatime Chocolate Biscuits       |                                        64.4000 |
|   10710 | Teatime Chocolate Biscuits       |                                        46.0000 |
|   10711 | Teatime Chocolate Biscuits       |                                       110.4000 |
|   10788 | Teatime Chocolate Biscuits       |                                       460.0000 |
|   10803 | Teatime Chocolate Biscuits       |                                       220.8000 |
|   10811 | Teatime Chocolate Biscuits       |                                       138.0000 |
|   10831 | Teatime Chocolate Biscuits       |                                        18.4000 |
|   10847 | Teatime Chocolate Biscuits       |                                       110.4000 |
|   10875 | Teatime Chocolate Biscuits       |                                       230.0000 |
|   10910 | Teatime Chocolate Biscuits       |                                       110.4000 |
|   10926 | Teatime Chocolate Biscuits       |                                        64.4000 |
|   10967 | Teatime Chocolate Biscuits       |                                       110.4000 |
|   11012 | Teatime Chocolate Biscuits       |                                       460.0000 |
|   11022 | Teatime Chocolate Biscuits       |                                       322.0000 |
|   11066 | Teatime Chocolate Biscuits       |                                       386.4000 |
|   11076 | Teatime Chocolate Biscuits       |                                        92.0000 |
|   10268 | Thringer Rostbratwurst           |                                       990.0000 |
|   10290 | Thringer Rostbratwurst           |                                      1485.0000 |
|   10305 | Thringer Rostbratwurst           |                                      2475.0000 |
|   10354 | Thringer Rostbratwurst           |                                       396.0000 |
|   10360 | Thringer Rostbratwurst           |                                      3465.0000 |
|   10369 | Thringer Rostbratwurst           |                                      1980.0000 |
|   10382 | Thringer Rostbratwurst           |                                      1386.0000 |
|   10400 | Thringer Rostbratwurst           |                                      2079.0000 |
|   10440 | Thringer Rostbratwurst           |                                      2376.0000 |
|   10465 | Thringer Rostbratwurst           |                                      1782.0000 |
|   10510 | Thringer Rostbratwurst           |                                      4456.4400 |
|   10583 | Thringer Rostbratwurst           |                                      1237.9000 |
|   10624 | Thringer Rostbratwurst           |                                       742.7400 |
|   10629 | Thringer Rostbratwurst           |                                      2475.8000 |
|   10666 | Thringer Rostbratwurst           |                                      4456.4400 |
|   10687 | Thringer Rostbratwurst           |                                      1237.9000 |
|   10691 | Thringer Rostbratwurst           |                                      4951.6000 |
|   10698 | Thringer Rostbratwurst           |                                      1485.4800 |
|   10772 | Thringer Rostbratwurst           |                                      2228.2200 |
|   10787 | Thringer Rostbratwurst           |                                      2475.8000 |
|   10791 | Thringer Rostbratwurst           |                                      1733.0600 |
|   10801 | Thringer Rostbratwurst           |                                      2475.8000 |
|   10834 | Thringer Rostbratwurst           |                                       990.3200 |
|   10857 | Thringer Rostbratwurst           |                                      1237.9000 |
|   10893 | Thringer Rostbratwurst           |                                      2970.9600 |
|   10897 | Thringer Rostbratwurst           |                                      9903.2000 |
|   10912 | Thringer Rostbratwurst           |                                      7427.4000 |
|   10971 | Thringer Rostbratwurst           |                                      1733.0600 |
|   10993 | Thringer Rostbratwurst           |                                      6189.5000 |
|   11006 | Thringer Rostbratwurst           |                                       247.5800 |
|   11007 | Thringer Rostbratwurst           |                                      1237.9000 |
|   11030 | Thringer Rostbratwurst           |                                      7427.4000 |
|   10249 | Tofu                             |                                       167.4000 |
|   10325 | Tofu                             |                                       167.4000 |
|   10333 | Tofu                             |                                       186.0000 |
|   10375 | Tofu                             |                                       279.0000 |
|   10393 | Tofu                             |                                       781.2000 |
|   10409 | Tofu                             |                                       223.2000 |
|   10412 | Tofu                             |                                       372.0000 |
|   10427 | Tofu                             |                                       651.0000 |
|   10474 | Tofu                             |                                       223.2000 |
|   10503 | Tofu                             |                                      1627.5000 |
|   10555 | Tofu                             |                                       697.5000 |
|   10571 | Tofu                             |                                       255.7500 |
|   10580 | Tofu                             |                                       348.7500 |
|   10623 | Tofu                             |                                       488.2500 |
|   10625 | Tofu                             |                                        69.7500 |
|   10656 | Tofu                             |                                        69.7500 |
|   10675 | Tofu                             |                                       697.5000 |
|   10733 | Tofu                             |                                       372.0000 |
|   10750 | Tofu                             |                                       116.2500 |
|   10794 | Tofu                             |                                       348.7500 |
|   11076 | Tofu                             |                                       465.0000 |
|   11077 | Tofu                             |                                        23.2500 |
|   10288 | Tourtire                         |                                        59.0000 |
|   10306 | Tourtire                         |                                        29.5000 |
|   10331 | Tourtire                         |                                        88.5000 |
|   10349 | Tourtire                         |                                       141.6000 |
|   10352 | Tourtire                         |                                       118.0000 |
|   10360 | Tourtire                         |                                       165.2000 |
|   10362 | Tourtire                         |                                       141.6000 |
|   10367 | Tourtire                         |                                       106.2000 |
|   10375 | Tourtire                         |                                        59.0000 |
|   10408 | Tourtire                         |                                        35.4000 |
|   10432 | Tourtire                         |                                       236.0000 |
|   10442 | Tourtire                         |                                       472.0000 |
|   10445 | Tourtire                         |                                        88.5000 |
|   10450 | Tourtire                         |                                        35.4000 |
|   10487 | Tourtire                         |                                       141.6000 |
|   10501 | Tourtire                         |                                       149.0000 |
|   10524 | Tourtire                         |                                       111.7500 |
|   10534 | Tourtire                         |                                        74.5000 |
|   10542 | Tourtire                         |                                       178.8000 |
|   10591 | Tourtire                         |                                       372.5000 |
|   10600 | Tourtire                         |                                        29.8000 |
|   10650 | Tourtire                         |                                       223.5000 |
|   10654 | Tourtire                         |                                        44.7000 |
|   10678 | Tourtire                         |                                       223.5000 |
|   10693 | Tourtire                         |                                       447.0000 |
|   10717 | Tourtire                         |                                       111.7500 |
|   10719 | Tourtire                         |                                       298.0000 |
|   10781 | Tourtire                         |                                        22.3500 |
|   10792 | Tourtire                         |                                        22.3500 |
|   10794 | Tourtire                         |                                        44.7000 |
|   10800 | Tourtire                         |                                        52.1500 |
|   10859 | Tourtire                         |                                       260.7500 |
|   10882 | Tourtire                         |                                       238.4000 |
|   10915 | Tourtire                         |                                        74.5000 |
|   11035 | Tourtire                         |                                        74.5000 |
|   11065 | Tourtire                         |                                       149.0000 |
|   10337 | Tunnbrd                          |                                       288.0000 |
|   10348 | Tunnbrd                          |                                       180.0000 |
|   10396 | Tunnbrd                          |                                       288.0000 |
|   10402 | Tunnbrd                          |                                       432.0000 |
|   10462 | Tunnbrd                          |                                       151.2000 |
|   10470 | Tunnbrd                          |                                       108.0000 |
|   10495 | Tunnbrd                          |                                        72.0000 |
|   10543 | Tunnbrd                          |                                       630.0000 |
|   10554 | Tunnbrd                          |                                       180.0000 |
|   10621 | Tunnbrd                          |                                        90.0000 |
|   10670 | Tunnbrd                          |                                       288.0000 |
|   10674 | Tunnbrd                          |                                        45.0000 |
|   10748 | Tunnbrd                          |                                       396.0000 |
|   10811 | Tunnbrd                          |                                       162.0000 |
|   10845 | Tunnbrd                          |                                       630.0000 |
|   10869 | Tunnbrd                          |                                       450.0000 |
|   10880 | Tunnbrd                          |                                       270.0000 |
|   10935 | Tunnbrd                          |                                        72.0000 |
|   11013 | Tunnbrd                          |                                        90.0000 |
|   11077 | Tunnbrd                          |                                        18.0000 |
|   10262 | Uncle Bob's Organic Dried Pears  |                                       360.0000 |
|   10385 | Uncle Bob's Organic Dried Pears  |                                       240.0000 |
|   10459 | Uncle Bob's Organic Dried Pears  |                                       384.0000 |
|   10471 | Uncle Bob's Organic Dried Pears  |                                       720.0000 |
|   10511 | Uncle Bob's Organic Dried Pears  |                                      1500.0000 |
|   10546 | Uncle Bob's Organic Dried Pears  |                                       300.0000 |
|   10591 | Uncle Bob's Organic Dried Pears  |                                       300.0000 |
|   10607 | Uncle Bob's Organic Dried Pears  |                                      1350.0000 |
|   10634 | Uncle Bob's Organic Dried Pears  |                                      1050.0000 |
|   10694 | Uncle Bob's Organic Dried Pears  |                                      2700.0000 |
|   10766 | Uncle Bob's Organic Dried Pears  |                                      1050.0000 |
|   10790 | Uncle Bob's Organic Dried Pears  |                                        90.0000 |
|   10833 | Uncle Bob's Organic Dried Pears  |                                       600.0000 |
|   10858 | Uncle Bob's Organic Dried Pears  |                                       150.0000 |
|   10908 | Uncle Bob's Organic Dried Pears  |                                       600.0000 |
|   10909 | Uncle Bob's Organic Dried Pears  |                                       360.0000 |
|   10940 | Uncle Bob's Organic Dried Pears  |                                       240.0000 |
|   10958 | Uncle Bob's Organic Dried Pears  |                                       180.0000 |
|   10962 | Uncle Bob's Organic Dried Pears  |                                      1350.0000 |
|   10979 | Uncle Bob's Organic Dried Pears  |                                       540.0000 |
|   10982 | Uncle Bob's Organic Dried Pears  |                                       600.0000 |
|   10987 | Uncle Bob's Organic Dried Pears  |                                      1800.0000 |
|   10988 | Uncle Bob's Organic Dried Pears  |                                      1800.0000 |
|   11001 | Uncle Bob's Organic Dried Pears  |                                      1800.0000 |
|   11010 | Uncle Bob's Organic Dried Pears  |                                       600.0000 |
|   11023 | Uncle Bob's Organic Dried Pears  |                                       120.0000 |
|   11056 | Uncle Bob's Organic Dried Pears  |                                      1200.0000 |
|   11071 | Uncle Bob's Organic Dried Pears  |                                       450.0000 |
|   11077 | Uncle Bob's Organic Dried Pears  |                                        30.0000 |
|   10350 | Valkoinen suklaa                 |                                       195.0000 |
|   10383 | Valkoinen suklaa                 |                                       195.0000 |
|   10429 | Valkoinen suklaa                 |                                       520.0000 |
|   10465 | Valkoinen suklaa                 |                                       325.0000 |
|   10637 | Valkoinen suklaa                 |                                       406.2500 |
|   10729 | Valkoinen suklaa                 |                                       650.0000 |
|   10751 | Valkoinen suklaa                 |                                       325.0000 |
|   10920 | Valkoinen suklaa                 |                                       390.0000 |
|   10948 | Valkoinen suklaa                 |                                       146.2500 |
|   11072 | Valkoinen suklaa                 |                                       357.5000 |
|   10278 | Vegie-spread                     |                                       280.8000 |
|   10293 | Vegie-spread                     |                                       175.5000 |
|   10324 | Vegie-spread                     |                                      2808.0000 |
|   10379 | Vegie-spread                     |                                       561.6000 |
|   10402 | Vegie-spread                     |                                      2281.5000 |
|   10429 | Vegie-spread                     |                                      1228.5000 |
|   10575 | Vegie-spread                     |                                       263.4000 |
|   10596 | Vegie-spread                     |                                      1053.6000 |
|   10692 | Vegie-spread                     |                                       878.0000 |
|   10747 | Vegie-spread                     |                                       395.1000 |
|   10789 | Vegie-spread                     |                                      1317.0000 |
|   10921 | Vegie-spread                     |                                      1756.0000 |
|   10974 | Vegie-spread                     |                                       439.0000 |
|   10977 | Vegie-spread                     |                                       878.0000 |
|   10979 | Vegie-spread                     |                                      1536.5000 |
|   11029 | Vegie-spread                     |                                       526.8000 |
|   11041 | Vegie-spread                     |                                      1317.0000 |
|   10289 | Wimmers gute Semmelkndel         |                                       239.4000 |
|   10343 | Wimmers gute Semmelkndel         |                                      1330.0000 |
|   10368 | Wimmers gute Semmelkndel         |                                       931.0000 |
|   10370 | Wimmers gute Semmelkndel         |                                       798.0000 |
|   10426 | Wimmers gute Semmelkndel         |                                       186.2000 |
|   10436 | Wimmers gute Semmelkndel         |                                       798.0000 |
|   10439 | Wimmers gute Semmelkndel         |                                       159.6000 |
|   10451 | Wimmers gute Semmelkndel         |                                       931.0000 |
|   10470 | Wimmers gute Semmelkndel         |                                       212.8000 |
|   10479 | Wimmers gute Semmelkndel         |                                       798.0000 |
|   10557 | Wimmers gute Semmelkndel         |                                       997.5000 |
|   10565 | Wimmers gute Semmelkndel         |                                       598.5000 |
|   10574 | Wimmers gute Semmelkndel         |                                       199.5000 |
|   10629 | Wimmers gute Semmelkndel         |                                       299.2500 |
|   10668 | Wimmers gute Semmelkndel         |                                       498.7500 |
|   10681 | Wimmers gute Semmelkndel         |                                       931.0000 |
|   10757 | Wimmers gute Semmelkndel         |                                       798.0000 |
|   10796 | Wimmers gute Semmelkndel         |                                      1163.7500 |
|   10832 | Wimmers gute Semmelkndel         |                                        99.7500 |
|   10836 | Wimmers gute Semmelkndel         |                                       997.5000 |
|   10845 | Wimmers gute Semmelkndel         |                                      1596.0000 |
|   10859 | Wimmers gute Semmelkndel         |                                       997.5000 |
|   10872 | Wimmers gute Semmelkndel         |                                       498.7500 |
|   10876 | Wimmers gute Semmelkndel         |                                       665.0000 |
|   10957 | Wimmers gute Semmelkndel         |                                       266.0000 |
|   10968 | Wimmers gute Semmelkndel         |                                       133.0000 |
|   11031 | Wimmers gute Semmelkndel         |                                       665.0000 |
|   11053 | Wimmers gute Semmelkndel         |                                       831.2500 |
|   11072 | Wimmers gute Semmelkndel         |                                      4322.5000 |
|   11077 | Wimmers gute Semmelkndel         |                                        66.5000 |
|   10332 | Zaanse koeken                    |                                       121.6000 |
|   10418 | Zaanse koeken                    |                                       418.0000 |
|   10431 | Zaanse koeken                    |                                       228.0000 |
|   10480 | Zaanse koeken                    |                                       228.0000 |
|   10512 | Zaanse koeken                    |                                        57.0000 |
|   10558 | Zaanse koeken                    |                                       237.5000 |
|   10585 | Zaanse koeken                    |                                       142.5000 |
|   10656 | Zaanse koeken                    |                                        57.0000 |
|   10657 | Zaanse koeken                    |                                        95.0000 |
|   10684 | Zaanse koeken                    |                                       380.0000 |
|   10685 | Zaanse koeken                    |                                       142.5000 |
|   10699 | Zaanse koeken                    |                                       114.0000 |
|   10710 | Zaanse koeken                    |                                        47.5000 |
|   10714 | Zaanse koeken                    |                                       475.0000 |
|   10755 | Zaanse koeken                    |                                       285.0000 |
|   10762 | Zaanse koeken                    |                                       285.0000 |
|   10837 | Zaanse koeken                    |                                       380.0000 |
|   10875 | Zaanse koeken                    |                                       199.5000 |
|   10928 | Zaanse koeken                    |                                        47.5000 |
|   10956 | Zaanse koeken                    |                                       133.0000 |
|   10977 | Zaanse koeken                    |                                       285.0000 |
+---------+----------------------------------+------------------------------------------------+
2155 rows in set (0.0025 sec)

 MySQL  localhost:3306  northwind  SQL >